Archive member included to satisfy reference by file (symbol)

c:/st/stm32cubeide_1.4.0/stm32cubeide/plugins/com.st.stm32cube.ide.mcu.externaltools.gnu-tools-for-stm32.10.3-2021.10.win32_1.0.0.202111181127/tools/bin/../lib/gcc/arm-none-eabi/10.3.1/../../../../arm-none-eabi/lib/thumb/v7-m/nofp\libc_nano.a(lib_a-atoi.o)
                              ./Core/MyLibs/MyFunctions/MyFunctions.o (atoi)
c:/st/stm32cubeide_1.4.0/stm32cubeide/plugins/com.st.stm32cube.ide.mcu.externaltools.gnu-tools-for-stm32.10.3-2021.10.win32_1.0.0.202111181127/tools/bin/../lib/gcc/arm-none-eabi/10.3.1/../../../../arm-none-eabi/lib/thumb/v7-m/nofp\libc_nano.a(lib_a-errno.o)
                              ./Core/Src/syscalls.o (__errno)
c:/st/stm32cubeide_1.4.0/stm32cubeide/plugins/com.st.stm32cube.ide.mcu.externaltools.gnu-tools-for-stm32.10.3-2021.10.win32_1.0.0.202111181127/tools/bin/../lib/gcc/arm-none-eabi/10.3.1/../../../../arm-none-eabi/lib/thumb/v7-m/nofp\libc_nano.a(lib_a-exit.o)
                              c:/st/stm32cubeide_1.4.0/stm32cubeide/plugins/com.st.stm32cube.ide.mcu.externaltools.gnu-tools-for-stm32.10.3-2021.10.win32_1.0.0.202111181127/tools/bin/../lib/gcc/arm-none-eabi/10.3.1/../../../../arm-none-eabi/lib/thumb/v7-m/nofp/crt0.o (exit)
c:/st/stm32cubeide_1.4.0/stm32cubeide/plugins/com.st.stm32cube.ide.mcu.externaltools.gnu-tools-for-stm32.10.3-2021.10.win32_1.0.0.202111181127/tools/bin/../lib/gcc/arm-none-eabi/10.3.1/../../../../arm-none-eabi/lib/thumb/v7-m/nofp\libc_nano.a(lib_a-impure.o)
                              c:/st/stm32cubeide_1.4.0/stm32cubeide/plugins/com.st.stm32cube.ide.mcu.externaltools.gnu-tools-for-stm32.10.3-2021.10.win32_1.0.0.202111181127/tools/bin/../lib/gcc/arm-none-eabi/10.3.1/../../../../arm-none-eabi/lib/thumb/v7-m/nofp\libc_nano.a(lib_a-exit.o) (_global_impure_ptr)
c:/st/stm32cubeide_1.4.0/stm32cubeide/plugins/com.st.stm32cube.ide.mcu.externaltools.gnu-tools-for-stm32.10.3-2021.10.win32_1.0.0.202111181127/tools/bin/../lib/gcc/arm-none-eabi/10.3.1/../../../../arm-none-eabi/lib/thumb/v7-m/nofp\libc_nano.a(lib_a-init.o)
                              c:/st/stm32cubeide_1.4.0/stm32cubeide/plugins/com.st.stm32cube.ide.mcu.externaltools.gnu-tools-for-stm32.10.3-2021.10.win32_1.0.0.202111181127/tools/bin/../lib/gcc/arm-none-eabi/10.3.1/../../../../arm-none-eabi/lib/thumb/v7-m/nofp/crt0.o (__libc_init_array)
c:/st/stm32cubeide_1.4.0/stm32cubeide/plugins/com.st.stm32cube.ide.mcu.externaltools.gnu-tools-for-stm32.10.3-2021.10.win32_1.0.0.202111181127/tools/bin/../lib/gcc/arm-none-eabi/10.3.1/../../../../arm-none-eabi/lib/thumb/v7-m/nofp\libc_nano.a(lib_a-itoa.o)
                              ./Core/MyLibs/MyFunctions/MyFunctions.o (itoa)
c:/st/stm32cubeide_1.4.0/stm32cubeide/plugins/com.st.stm32cube.ide.mcu.externaltools.gnu-tools-for-stm32.10.3-2021.10.win32_1.0.0.202111181127/tools/bin/../lib/gcc/arm-none-eabi/10.3.1/../../../../arm-none-eabi/lib/thumb/v7-m/nofp\libc_nano.a(lib_a-memcpy-stub.o)
                              ./Core/MyLibs/MyFunctions/MyFunctions.o (memcpy)
c:/st/stm32cubeide_1.4.0/stm32cubeide/plugins/com.st.stm32cube.ide.mcu.externaltools.gnu-tools-for-stm32.10.3-2021.10.win32_1.0.0.202111181127/tools/bin/../lib/gcc/arm-none-eabi/10.3.1/../../../../arm-none-eabi/lib/thumb/v7-m/nofp\libc_nano.a(lib_a-memset.o)
                              c:/st/stm32cubeide_1.4.0/stm32cubeide/plugins/com.st.stm32cube.ide.mcu.externaltools.gnu-tools-for-stm32.10.3-2021.10.win32_1.0.0.202111181127/tools/bin/../lib/gcc/arm-none-eabi/10.3.1/../../../../arm-none-eabi/lib/thumb/v7-m/nofp/crt0.o (memset)
c:/st/stm32cubeide_1.4.0/stm32cubeide/plugins/com.st.stm32cube.ide.mcu.externaltools.gnu-tools-for-stm32.10.3-2021.10.win32_1.0.0.202111181127/tools/bin/../lib/gcc/arm-none-eabi/10.3.1/../../../../arm-none-eabi/lib/thumb/v7-m/nofp\libc_nano.a(lib_a-strtol.o)
                              c:/st/stm32cubeide_1.4.0/stm32cubeide/plugins/com.st.stm32cube.ide.mcu.externaltools.gnu-tools-for-stm32.10.3-2021.10.win32_1.0.0.202111181127/tools/bin/../lib/gcc/arm-none-eabi/10.3.1/../../../../arm-none-eabi/lib/thumb/v7-m/nofp\libc_nano.a(lib_a-atoi.o) (_strtol_r)
c:/st/stm32cubeide_1.4.0/stm32cubeide/plugins/com.st.stm32cube.ide.mcu.externaltools.gnu-tools-for-stm32.10.3-2021.10.win32_1.0.0.202111181127/tools/bin/../lib/gcc/arm-none-eabi/10.3.1/../../../../arm-none-eabi/lib/thumb/v7-m/nofp\libc_nano.a(lib_a-utoa.o)
                              c:/st/stm32cubeide_1.4.0/stm32cubeide/plugins/com.st.stm32cube.ide.mcu.externaltools.gnu-tools-for-stm32.10.3-2021.10.win32_1.0.0.202111181127/tools/bin/../lib/gcc/arm-none-eabi/10.3.1/../../../../arm-none-eabi/lib/thumb/v7-m/nofp\libc_nano.a(lib_a-itoa.o) (__utoa)
c:/st/stm32cubeide_1.4.0/stm32cubeide/plugins/com.st.stm32cube.ide.mcu.externaltools.gnu-tools-for-stm32.10.3-2021.10.win32_1.0.0.202111181127/tools/bin/../lib/gcc/arm-none-eabi/10.3.1/../../../../arm-none-eabi/lib/thumb/v7-m/nofp\libc_nano.a(lib_a-ctype_.o)
[...]
Memory Configuration

Name             Origin             Length             Attributes
RAM              0x0000000020000000 0x0000000000005000 xrw
FLASH            0x0000000008000000 0x0000000000010000 xr
*default*        0x0000000000000000 0xffffffffffffffff

Linker script and memory map

LOAD c:/st/stm32cubeide_1.4.0/stm32cubeide/plugins/com.st.stm32cube.ide.mcu.externaltools.gnu-tools-for-stm32.10.3-2021.10.win32_1.0.0.202111181127/tools/bin/../lib/gcc/arm-none-eabi/10.3.1/thumb/v7-m/nofp/crti.o
LOAD c:/st/stm32cubeide_1.4.0/stm32cubeide/plugins/com.st.stm32cube.ide.mcu.externaltools.gnu-tools-for-stm32.10.3-2021.10.win32_1.0.0.202111181127/tools/bin/../lib/gcc/arm-none-eabi/10.3.1/thumb/v7-m/nofp/crtbegin.o
LOAD c:/st/stm32cubeide_1.4.0/stm32cubeide/plugins/com.st.stm32cube.ide.mcu.externaltools.gnu-tools-for-stm32.10.3-2021.10.win32_1.0.0.202111181127/tools/bin/../lib/gcc/arm-none-eabi/10.3.1/../../../../arm-none-eabi/lib/thumb/v7-m/nofp/crt0.o
LOAD ./Core/MyLibs/LIS3MDL/LIS3MDL.o
LOAD ./Core/MyLibs/MyFunctions/MyFunctions.o
LOAD ./Core/Src/freertos.o
LOAD ./Core/Src/main.o
LOAD ./Core/Src/stm32f1xx_hal_msp.o
LOAD ./Core/Src/stm32f1xx_hal_timebase_tim.o
LOAD ./Core/Src/stm32f1xx_it.o
LOAD ./Core/Src/syscalls.o
LOAD ./Core/Src/sysmem.o
LOAD ./Core/Src/system_stm32f1xx.o
LOAD ./Core/Startup/startup_stm32f103c8tx.o
LOAD ./Drivers/STM32F1xx_HAL_Driver/Src/stm32f1xx_hal.o
LOAD ./Drivers/STM32F1xx_HAL_Driver/Src/stm32f1xx_hal_cortex.o
LOAD ./Drivers/STM32F1xx_HAL_Driver/Src/stm32f1xx_hal_dma.o
LOAD ./Drivers/STM32F1xx_HAL_Driver/Src/stm32f1xx_hal_exti.o
LOAD ./Drivers/STM32F1xx_HAL_Driver/Src/stm32f1xx_hal_flash.o
LOAD ./Drivers/STM32F1xx_HAL_Driver/Src/stm32f1xx_hal_flash_ex.o
LOAD ./Drivers/STM32F1xx_HAL_Driver/Src/stm32f1xx_hal_gpio.o
LOAD ./Drivers/STM32F1xx_HAL_Driver/Src/stm32f1xx_hal_gpio_ex.o
LOAD ./Drivers/STM32F1xx_HAL_Driver/Src/stm32f1xx_hal_i2c.o
LOAD ./Drivers/STM32F1xx_HAL_Driver/Src/stm32f1xx_hal_pwr.o
LOAD ./Drivers/STM32F1xx_HAL_Driver/Src/stm32f1xx_hal_rcc.o
LOAD ./Drivers/STM32F1xx_HAL_Driver/Src/stm32f1xx_hal_rcc_ex.o
LOAD ./Drivers/STM32F1xx_HAL_Driver/Src/stm32f1xx_hal_spi.o
LOAD ./Drivers/STM32F1xx_HAL_Driver/Src/stm32f1xx_hal_tim.o
LOAD ./Drivers/STM32F1xx_HAL_Driver/Src/stm32f1xx_hal_tim_ex.o
LOAD ./Drivers/STM32F1xx_HAL_Driver/Src/stm32f1xx_hal_uart.o
LOAD ./Middlewares/Third_Party/FreeRTOS/Source/CMSIS_RTOS/cmsis_os.o
LOAD ./Middlewares/Third_Party/FreeRTOS/Source/croutine.o
LOAD ./Middlewares/Third_Party/FreeRTOS/Source/event_groups.o
LOAD ./Middlewares/Third_Party/FreeRTOS/Source/list.o
LOAD ./Middlewares/Third_Party/FreeRTOS/Source/queue.o
LOAD ./Middlewares/Third_Party/FreeRTOS/Source/stream_buffer.o
LOAD ./Middlewares/Third_Party/FreeRTOS/Source/tasks.o
LOAD ./Middlewares/Third_Party/FreeRTOS/Source/timers.o
LOAD ./Middlewares/Third_Party/FreeRTOS/Source/portable/GCC/ARM_CM3/port.o
LOAD ./Middlewares/Third_Party/FreeRTOS/Source/portable/MemMang/heap_4.o
START GROUP
LOAD c:/st/stm32cubeide_1.4.0/stm32cubeide/plugins/com.st.stm32cube.ide.mcu.externaltools.gnu-tools-for-stm32.10.3-2021.10.win32_1.0.0.202111181127/tools/bin/../lib/gcc/arm-none-eabi/10.3.1/../../../../arm-none-eabi/lib/thumb/v7-m/nofp\libc_nano.a
LOAD c:/st/stm32cubeide_1.4.0/stm32cubeide/plugins/com.st.stm32cube.ide.mcu.externaltools.gnu-tools-for-stm32.10.3-2021.10.win32_1.0.0.202111181127/tools/bin/../lib/gcc/arm-none-eabi/10.3.1/../../../../arm-none-eabi/lib/thumb/v7-m/nofp\libm.a
END GROUP
START GROUP
LOAD c:/st/stm32cubeide_1.4.0/stm32cubeide/plugins/com.st.stm32cube.ide.mcu.externaltools.gnu-tools-for-stm32.10.3-2021.10.win32_1.0.0.202111181127/tools/bin/../lib/gcc/arm-none-eabi/10.3.1/thumb/v7-m/nofp\libgcc.a
LOAD c:/st/stm32cubeide_1.4.0/stm32cubeide/plugins/com.st.stm32cube.ide.mcu.externaltools.gnu-tools-for-stm32.10.3-2021.10.win32_1.0.0.202111181127/tools/bin/../lib/gcc/arm-none-eabi/10.3.1/../../../../arm-none-eabi/lib/thumb/v7-m/nofp\libc_nano.a
END GROUP
START GROUP
LOAD c:/st/stm32cubeide_1.4.0/stm32cubeide/plugins/com.st.stm32cube.ide.mcu.externaltools.gnu-tools-for-stm32.10.3-2021.10.win32_1.0.0.202111181127/tools/bin/../lib/gcc/arm-none-eabi/10.3.1/thumb/v7-m/nofp\libgcc.a
LOAD c:/st/stm32cubeide_1.4.0/stm32cubeide/plugins/com.st.stm32cube.ide.mcu.externaltools.gnu-tools-for-stm32.10.3-2021.10.win32_1.0.0.202111181127/tools/bin/../lib/gcc/arm-none-eabi/10.3.1/../../../../arm-none-eabi/lib/thumb/v7-m/nofp\libc_nano.a
LOAD c:/st/stm32cubeide_1.4.0/stm32cubeide/plugins/com.st.stm32cube.ide.mcu.externaltools.gnu-tools-for-stm32.10.3-2021.10.win32_1.0.0.202111181127/tools/bin/../lib/gcc/arm-none-eabi/10.3.1/../../../../arm-none-eabi/lib/thumb/v7-m/nofp\libnosys.a
END GROUP
START GROUP
LOAD c:/st/stm32cubeide_1.4.0/stm32cubeide/plugins/com.st.stm32cube.ide.mcu.externaltools.gnu-tools-for-stm32.10.3-2021.10.win32_1.0.0.202111181127/tools/bin/../lib/gcc/arm-none-eabi/10.3.1/thumb/v7-m/nofp\libgcc.a
LOAD c:/st/stm32cubeide_1.4.0/stm32cubeide/plugins/com.st.stm32cube.ide.mcu.externaltools.gnu-tools-for-stm32.10.3-2021.10.win32_1.0.0.202111181127/tools/bin/../lib/gcc/arm-none-eabi/10.3.1/../../../../arm-none-eabi/lib/thumb/v7-m/nofp\libc_nano.a
LOAD c:/st/stm32cubeide_1.4.0/stm32cubeide/plugins/com.st.stm32cube.ide.mcu.externaltools.gnu-tools-for-stm32.10.3-2021.10.win32_1.0.0.202111181127/tools/bin/../lib/gcc/arm-none-eabi/10.3.1/../../../../arm-none-eabi/lib/thumb/v7-m/nofp\libnosys.a
END GROUP
LOAD c:/st/stm32cubeide_1.4.0/stm32cubeide/plugins/com.st.stm32cube.ide.mcu.externaltools.gnu-tools-for-stm32.10.3-2021.10.win32_1.0.0.202111181127/tools/bin/../lib/gcc/arm-none-eabi/10.3.1/thumb/v7-m/nofp/crtend.o
LOAD c:/st/stm32cubeide_1.4.0/stm32cubeide/plugins/com.st.stm32cube.ide.mcu.externaltools.gnu-tools-for-stm32.10.3-2021.10.win32_1.0.0.202111181127/tools/bin/../lib/gcc/arm-none-eabi/10.3.1/thumb/v7-m/nofp/crtn.o
                0x0000000020005000                _estack = (ORIGIN (RAM) + LENGTH (RAM))
                0x0000000000000200                _Min_Heap_Size = 0x200
                0x0000000000000400                _Min_Stack_Size = 0x400

.isr_vector     0x0000000008000000      0x10c
                0x0000000008000000                . = ALIGN (0x4)
 *(.isr_vector)
 .isr_vector    0x0000000008000000      0x10c ./Core/Startup/startup_stm32f103c8tx.o
                0x0000000008000000                g_pfnVectors
                0x000000000800010c                . = ALIGN (0x4)

.text           0x0000000008000110     0x6cc0
                0x0000000008000110                . = ALIGN (0x4)
 *(.text)
 .text          0x0000000008000110       0x40 c:/st/stm32cubeide_1.4.0/stm32cubeide/plugins/com.st.stm32cube.ide.mcu.externaltools.gnu-tools-for-stm32.10.3-2021.10.win32_1.0.0.202111181127/tools/bin/../lib/gcc/arm-none-eabi/10.3.1/thumb/v7-m/nofp/crtbegin.o
 *(.text*)
 .text.lis3mdl_Init
                0x0000000008000150      0x11c ./Core/MyLibs/LIS3MDL/LIS3MDL.o
                0x0000000008000150                lis3mdl_Init
 .text.lis3mdl_ReadRegister
                0x000000000800026c       0x36 ./Core/MyLibs/LIS3MDL/LIS3MDL.o
                0x000000000800026c                lis3mdl_ReadRegister
 .text.lis3mdl_WriteRegister
                0x00000000080002a2       0x36 ./Core/MyLibs/LIS3MDL/LIS3MDL.o
                0x00000000080002a2                lis3mdl_WriteRegister
 .text.StoreUSARTData
                0x00000000080002d8       0xcc ./Core/MyLibs/MyFunctions/MyFunctions.o
                0x00000000080002d8                StoreUSARTData
 .text.DecodeReceivedData
                0x00000000080003a4       0xe8 ./Core/MyLibs/MyFunctions/MyFunctions.o
                0x00000000080003a4                DecodeReceivedData
 .text.PrintString
                0x000000000800048c       0x2c ./Core/MyLibs/MyFunctions/MyFunctions.o
                0x000000000800048c                PrintString
 .text.PrintIntFormat
                0x00000000080004b8       0x60 ./Core/MyLibs/MyFunctions/MyFunctions.o
                0x00000000080004b8                PrintIntFormat
 .text.vApplicationGetIdleTaskMemory
                0x0000000008000518       0x30 ./Core/Src/freertos.o
                0x0000000008000518                vApplicationGetIdleTaskMemory
 .text.main     0x0000000008000548      0x124 ./Core/Src/main.o
                0x0000000008000548                main
 .text.SystemClock_Config
                0x000000000800066c       0x8a ./Core/Src/main.o
                0x000000000800066c                SystemClock_Config
 *fill*         0x00000000080006f6        0x2 
 .text.MX_I2C1_Init
                0x00000000080006f8       0x5c ./Core/Src/main.o
 .text.MX_SPI1_Init
                0x0000000008000754       0x6c ./Core/Src/main.o
 .text.MX_USART1_UART_Init
                0x00000000080007c0       0x74 ./Core/Src/main.o
 .text.MX_DMA_Init
                0x0000000008000834       0x3c ./Core/Src/main.o
 .text.MX_GPIO_Init
                0x0000000008000870       0xe0 ./Core/Src/main.o
 .text.HAL_UARTEx_RxEventCallback
                0x0000000008000950       0x68 ./Core/Src/main.o
                0x0000000008000950                HAL_UARTEx_RxEventCallback
 .text.measurementFunction
                0x00000000080009b8       0x28 ./Core/Src/main.o
                0x00000000080009b8                measurementFunction
 .text.recordingFunction
                0x00000000080009e0       0x10 ./Core/Src/main.o
                0x00000000080009e0                recordingFunction
 .text.receptionFunction
                0x00000000080009f0       0x88 ./Core/Src/main.o
                0x00000000080009f0                receptionFunction
 .text.sendingFunction
                0x0000000008000a78       0x10 ./Core/Src/main.o
                0x0000000008000a78                sendingFunction
 .text.HAL_TIM_PeriodElapsedCallback
                0x0000000008000a88       0x24 ./Core/Src/main.o
                0x0000000008000a88                HAL_TIM_PeriodElapsedCallback
 .text.Error_Handler
                0x0000000008000aac        0xa ./Core/Src/main.o
                0x0000000008000aac                Error_Handler
 *fill*         0x0000000008000ab6        0x2 
 .text.HAL_MspInit
                0x0000000008000ab8       0x70 ./Core/Src/stm32f1xx_hal_msp.o
                0x0000000008000ab8                HAL_MspInit
 .text.HAL_I2C_MspInit
                0x0000000008000b28       0x7c ./Core/Src/stm32f1xx_hal_msp.o
                0x0000000008000b28                HAL_I2C_MspInit
 .text.HAL_SPI_MspInit
                0x0000000008000ba4       0x94 ./Core/Src/stm32f1xx_hal_msp.o
                0x0000000008000ba4                HAL_SPI_MspInit
 .text.HAL_UART_MspInit
                0x0000000008000c38       0xfc ./Core/Src/stm32f1xx_hal_msp.o
                0x0000000008000c38                HAL_UART_MspInit
 .text.HAL_InitTick
                0x0000000008000d34       0xe4 ./Core/Src/stm32f1xx_hal_timebase_tim.o
                0x0000000008000d34                HAL_InitTick
 .text.NMI_Handler
                0x0000000008000e18        0x6 ./Core/Src/stm32f1xx_it.o
                0x0000000008000e18                NMI_Handler
 .text.HardFault_Handler
                0x0000000008000e1e        0x6 ./Core/Src/stm32f1xx_it.o
                0x0000000008000e1e                HardFault_Handler
 .text.MemManage_Handler
                0x0000000008000e24        0x6 ./Core/Src/stm32f1xx_it.o
                0x0000000008000e24                MemManage_Handler
 .text.BusFault_Handler
                0x0000000008000e2a        0x6 ./Core/Src/stm32f1xx_it.o
                0x0000000008000e2a                BusFault_Handler
 .text.UsageFault_Handler
                0x0000000008000e30        0x6 ./Core/Src/stm32f1xx_it.o
                0x0000000008000e30                UsageFault_Handler
 .text.DebugMon_Handler
                0x0000000008000e36        0xc ./Core/Src/stm32f1xx_it.o
                0x0000000008000e36                DebugMon_Handler
 *fill*         0x0000000008000e42        0x2 
 .text.DMA1_Channel5_IRQHandler
                0x0000000008000e44       0x14 ./Core/Src/stm32f1xx_it.o
                0x0000000008000e44                DMA1_Channel5_IRQHandler
 .text.TIM1_UP_IRQHandler
                0x0000000008000e58       0x14 ./Core/Src/stm32f1xx_it.o
                0x0000000008000e58                TIM1_UP_IRQHandler
 .text.USART1_IRQHandler
                0x0000000008000e6c       0x14 ./Core/Src/stm32f1xx_it.o
                0x0000000008000e6c                USART1_IRQHandler
 .text.EXTI15_10_IRQHandler
                0x0000000008000e80       0x10 ./Core/Src/stm32f1xx_it.o
                0x0000000008000e80                EXTI15_10_IRQHandler
 .text.SystemInit
                0x0000000008000e90        0xc ./Core/Src/system_stm32f1xx.o
                0x0000000008000e90                SystemInit
 .text.Reset_Handler
                0x0000000008000e9c       0x48 ./Core/Startup/startup_stm32f103c8tx.o
                0x0000000008000e9c                Reset_Handler
 .text.Default_Handler
                0x0000000008000ee4        0x2 ./Core/Startup/startup_stm32f103c8tx.o
                0x0000000008000ee4                RTC_Alarm_IRQHandler
                0x0000000008000ee4                EXTI2_IRQHandler
                0x0000000008000ee4                TIM1_CC_IRQHandler
                0x0000000008000ee4                PVD_IRQHandler
                0x0000000008000ee4                EXTI3_IRQHandler
                0x0000000008000ee4                EXTI0_IRQHandler
                0x0000000008000ee4                I2C2_EV_IRQHandler
                0x0000000008000ee4                ADC1_2_IRQHandler
                0x0000000008000ee4                SPI1_IRQHandler
                0x0000000008000ee4                TAMPER_IRQHandler
                0x0000000008000ee4                DMA1_Channel4_IRQHandler
                0x0000000008000ee4                USART3_IRQHandler
                0x0000000008000ee4                RTC_IRQHandler
                0x0000000008000ee4                DMA1_Channel7_IRQHandler
                0x0000000008000ee4                CAN1_RX1_IRQHandler
                0x0000000008000ee4                TIM4_IRQHandler
                0x0000000008000ee4                I2C1_EV_IRQHandler
                0x0000000008000ee4                DMA1_Channel6_IRQHandler
                0x0000000008000ee4                TIM3_IRQHandler
                0x0000000008000ee4                RCC_IRQHandler
                0x0000000008000ee4                TIM1_TRG_COM_IRQHandler
                0x0000000008000ee4                DMA1_Channel1_IRQHandler
                0x0000000008000ee4                Default_Handler
                0x0000000008000ee4                EXTI9_5_IRQHandler
                0x0000000008000ee4                SPI2_IRQHandler
                0x0000000008000ee4                EXTI4_IRQHandler
                0x0000000008000ee4                USB_LP_CAN1_RX0_IRQHandler
                0x0000000008000ee4                USB_HP_CAN1_TX_IRQHandler
                0x0000000008000ee4                DMA1_Channel3_IRQHandler
                0x0000000008000ee4                WWDG_IRQHandler
                0x0000000008000ee4                TIM2_IRQHandler
                0x0000000008000ee4                TIM1_BRK_IRQHandler
                0x0000000008000ee4                EXTI1_IRQHandler
                0x0000000008000ee4                USART2_IRQHandler
                0x0000000008000ee4                I2C2_ER_IRQHandler
                0x0000000008000ee4                DMA1_Channel2_IRQHandler
                0x0000000008000ee4                CAN1_SCE_IRQHandler
                0x0000000008000ee4                FLASH_IRQHandler
                0x0000000008000ee4                I2C1_ER_IRQHandler
                0x0000000008000ee4                USBWakeUp_IRQHandler
 *fill*         0x0000000008000ee6        0x2 
 .text.HAL_Init
                0x0000000008000ee8       0x2c ./Drivers/STM32F1xx_HAL_Driver/Src/stm32f1xx_hal.o
                0x0000000008000ee8                HAL_Init
 .text.HAL_IncTick
                0x0000000008000f14       0x24 ./Drivers/STM32F1xx_HAL_Driver/Src/stm32f1xx_hal.o
                0x0000000008000f14                HAL_IncTick
 .text.HAL_GetTick
                0x0000000008000f38       0x14 ./Drivers/STM32F1xx_HAL_Driver/Src/stm32f1xx_hal.o
                0x0000000008000f38                HAL_GetTick
 .text.__NVIC_SetPriorityGrouping
                0x0000000008000f4c       0x48 ./Drivers/STM32F1xx_HAL_Driver/Src/stm32f1xx_hal_cortex.o
 .text.__NVIC_GetPriorityGrouping
                0x0000000008000f94       0x1c ./Drivers/STM32F1xx_HAL_Driver/Src/stm32f1xx_hal_cortex.o
 .text.__NVIC_EnableIRQ
                0x0000000008000fb0       0x38 ./Drivers/STM32F1xx_HAL_Driver/Src/stm32f1xx_hal_cortex.o
 .text.__NVIC_SetPriority
                0x0000000008000fe8       0x54 ./Drivers/STM32F1xx_HAL_Driver/Src/stm32f1xx_hal_cortex.o
 .text.NVIC_EncodePriority
                0x000000000800103c       0x64 ./Drivers/STM32F1xx_HAL_Driver/Src/stm32f1xx_hal_cortex.o
 .text.HAL_NVIC_SetPriorityGrouping
                0x00000000080010a0       0x16 ./Drivers/STM32F1xx_HAL_Driver/Src/stm32f1xx_hal_cortex.o
                0x00000000080010a0                HAL_NVIC_SetPriorityGrouping
 .text.HAL_NVIC_SetPriority
                0x00000000080010b6       0x38 ./Drivers/STM32F1xx_HAL_Driver/Src/stm32f1xx_hal_cortex.o
                0x00000000080010b6                HAL_NVIC_SetPriority
 .text.HAL_NVIC_EnableIRQ
                0x00000000080010ee       0x1c ./Drivers/STM32F1xx_HAL_Driver/Src/stm32f1xx_hal_cortex.o
                0x00000000080010ee                HAL_NVIC_EnableIRQ
 *fill*         0x000000000800110a        0x2 
 .text.HAL_DMA_Init
                0x000000000800110c       0xb4 ./Drivers/STM32F1xx_HAL_Driver/Src/stm32f1xx_hal_dma.o
                0x000000000800110c                HAL_DMA_Init
 .text.HAL_DMA_Start_IT
                0x00000000080011c0       0xbe ./Drivers/STM32F1xx_HAL_Driver/Src/stm32f1xx_hal_dma.o
                0x00000000080011c0                HAL_DMA_Start_IT
 .text.HAL_DMA_Abort
                0x000000000800127e       0x74 ./Drivers/STM32F1xx_HAL_Driver/Src/stm32f1xx_hal_dma.o
                0x000000000800127e                HAL_DMA_Abort
 *fill*         0x00000000080012f2        0x2 
 .text.HAL_DMA_Abort_IT
                0x00000000080012f4       0xec ./Drivers/STM32F1xx_HAL_Driver/Src/stm32f1xx_hal_dma.o
                0x00000000080012f4                HAL_DMA_Abort_IT
 .text.HAL_DMA_IRQHandler
                0x00000000080013e0      0x20c ./Drivers/STM32F1xx_HAL_Driver/Src/stm32f1xx_hal_dma.o
                0x00000000080013e0                HAL_DMA_IRQHandler
 .text.DMA_SetConfig
                0x00000000080015ec       0x5a ./Drivers/STM32F1xx_HAL_Driver/Src/stm32f1xx_hal_dma.o
 *fill*         0x0000000008001646        0x2 
 .text.HAL_GPIO_Init
                0x0000000008001648      0x308 ./Drivers/STM32F1xx_HAL_Driver/Src/stm32f1xx_hal_gpio.o
                0x0000000008001648                HAL_GPIO_Init
 .text.HAL_GPIO_WritePin
                0x0000000008001950       0x30 ./Drivers/STM32F1xx_HAL_Driver/Src/stm32f1xx_hal_gpio.o
                0x0000000008001950                HAL_GPIO_WritePin
 .text.HAL_GPIO_EXTI_IRQHandler
                0x0000000008001980       0x30 ./Drivers/STM32F1xx_HAL_Driver/Src/stm32f1xx_hal_gpio.o
                0x0000000008001980                HAL_GPIO_EXTI_IRQHandler
 .text.HAL_GPIO_EXTI_Callback
                0x00000000080019b0       0x14 ./Drivers/STM32F1xx_HAL_Driver/Src/stm32f1xx_hal_gpio.o
                0x00000000080019b0                HAL_GPIO_EXTI_Callback
 .text.HAL_I2C_Init
                0x00000000080019c4      0x288 ./Drivers/STM32F1xx_HAL_Driver/Src/stm32f1xx_hal_i2c.o
                0x00000000080019c4                HAL_I2C_Init
 .text.HAL_I2C_Mem_Write
                0x0000000008001c4c      0x1f4 ./Drivers/STM32F1xx_HAL_Driver/Src/stm32f1xx_hal_i2c.o
                0x0000000008001c4c                HAL_I2C_Mem_Write
 .text.HAL_I2C_Mem_Read
                0x0000000008001e40      0x4d0 ./Drivers/STM32F1xx_HAL_Driver/Src/stm32f1xx_hal_i2c.o
                0x0000000008001e40                HAL_I2C_Mem_Read
 .text.I2C_RequestMemoryWrite
                0x0000000008002310      0x12c ./Drivers/STM32F1xx_HAL_Driver/Src/stm32f1xx_hal_i2c.o
 .text.I2C_RequestMemoryRead
                0x000000000800243c      0x1d0 ./Drivers/STM32F1xx_HAL_Driver/Src/stm32f1xx_hal_i2c.o
 .text.I2C_WaitOnFlagUntilTimeout
                0x000000000800260c       0xae ./Drivers/STM32F1xx_HAL_Driver/Src/stm32f1xx_hal_i2c.o
 .text.I2C_WaitOnMasterAddressFlagUntilTimeout
                0x00000000080026ba       0xfe ./Drivers/STM32F1xx_HAL_Driver/Src/stm32f1xx_hal_i2c.o
 .text.I2C_WaitOnTXEFlagUntilTimeout
                0x00000000080027b8       0x82 ./Drivers/STM32F1xx_HAL_Driver/Src/stm32f1xx_hal_i2c.o
 .text.I2C_WaitOnBTFFlagUntilTimeout
                0x000000000800283a       0x82 ./Drivers/STM32F1xx_HAL_Driver/Src/stm32f1xx_hal_i2c.o
 .text.I2C_WaitOnRXNEFlagUntilTimeout
                0x00000000080028bc       0xac ./Drivers/STM32F1xx_HAL_Driver/Src/stm32f1xx_hal_i2c.o
 .text.I2C_IsAcknowledgeFailed
                0x0000000008002968       0x5c ./Drivers/STM32F1xx_HAL_Driver/Src/stm32f1xx_hal_i2c.o
 .text.HAL_RCC_OscConfig
                0x00000000080029c4      0x504 ./Drivers/STM32F1xx_HAL_Driver/Src/stm32f1xx_hal_rcc.o
                0x00000000080029c4                HAL_RCC_OscConfig
 .text.HAL_RCC_ClockConfig
                0x0000000008002ec8      0x1d4 ./Drivers/STM32F1xx_HAL_Driver/Src/stm32f1xx_hal_rcc.o
                0x0000000008002ec8                HAL_RCC_ClockConfig
 .text.HAL_RCC_GetSysClockFreq
                0x000000000800309c       0xbc ./Drivers/STM32F1xx_HAL_Driver/Src/stm32f1xx_hal_rcc.o
                0x000000000800309c                HAL_RCC_GetSysClockFreq
 .text.HAL_RCC_GetHCLKFreq
                0x0000000008003158       0x14 ./Drivers/STM32F1xx_HAL_Driver/Src/stm32f1xx_hal_rcc.o
                0x0000000008003158                HAL_RCC_GetHCLKFreq
 .text.HAL_RCC_GetPCLK1Freq
                0x000000000800316c       0x28 ./Drivers/STM32F1xx_HAL_Driver/Src/stm32f1xx_hal_rcc.o
                0x000000000800316c                HAL_RCC_GetPCLK1Freq
 .text.HAL_RCC_GetPCLK2Freq
                0x0000000008003194       0x28 ./Drivers/STM32F1xx_HAL_Driver/Src/stm32f1xx_hal_rcc.o
                0x0000000008003194                HAL_RCC_GetPCLK2Freq
 .text.HAL_RCC_GetClockConfig
                0x00000000080031bc       0x60 ./Drivers/STM32F1xx_HAL_Driver/Src/stm32f1xx_hal_rcc.o
                0x00000000080031bc                HAL_RCC_GetClockConfig
 .text.RCC_Delay
                0x000000000800321c       0x3c ./Drivers/STM32F1xx_HAL_Driver/Src/stm32f1xx_hal_rcc.o
 .text.HAL_SPI_Init
                0x0000000008003258      0x108 ./Drivers/STM32F1xx_HAL_Driver/Src/stm32f1xx_hal_spi.o
                0x0000000008003258                HAL_SPI_Init
 .text.HAL_TIM_Base_Init
                0x0000000008003360       0x9e ./Drivers/STM32F1xx_HAL_Driver/Src/stm32f1xx_hal_tim.o
                0x0000000008003360                HAL_TIM_Base_Init
 .text.HAL_TIM_Base_MspInit
                0x00000000080033fe       0x12 ./Drivers/STM32F1xx_HAL_Driver/Src/stm32f1xx_hal_tim.o
                0x00000000080033fe                HAL_TIM_Base_MspInit
 .text.HAL_TIM_Base_Start_IT
                0x0000000008003410       0xa4 ./Drivers/STM32F1xx_HAL_Driver/Src/stm32f1xx_hal_tim.o
                0x0000000008003410                HAL_TIM_Base_Start_IT
 .text.HAL_TIM_IRQHandler
                0x00000000080034b4      0x210 ./Drivers/STM32F1xx_HAL_Driver/Src/stm32f1xx_hal_tim.o
                0x00000000080034b4                HAL_TIM_IRQHandler
 .text.HAL_TIM_OC_DelayElapsedCallback
                0x00000000080036c4       0x12 ./Drivers/STM32F1xx_HAL_Driver/Src/stm32f1xx_hal_tim.o
                0x00000000080036c4                HAL_TIM_OC_DelayElapsedCallback
 .text.HAL_TIM_IC_CaptureCallback
                0x00000000080036d6       0x12 ./Drivers/STM32F1xx_HAL_Driver/Src/stm32f1xx_hal_tim.o
                0x00000000080036d6                HAL_TIM_IC_CaptureCallback
 .text.HAL_TIM_PWM_PulseFinishedCallback
                0x00000000080036e8       0x12 ./Drivers/STM32F1xx_HAL_Driver/Src/stm32f1xx_hal_tim.o
                0x00000000080036e8                HAL_TIM_PWM_PulseFinishedCallback
 .text.HAL_TIM_TriggerCallback
                0x00000000080036fa       0x12 ./Drivers/STM32F1xx_HAL_Driver/Src/stm32f1xx_hal_tim.o
                0x00000000080036fa                HAL_TIM_TriggerCallback
 .text.TIM_Base_SetConfig
                0x000000000800370c       0xc4 ./Drivers/STM32F1xx_HAL_Driver/Src/stm32f1xx_hal_tim.o
                0x000000000800370c                TIM_Base_SetConfig
 .text.HAL_TIMEx_CommutCallback
                0x00000000080037d0       0x12 ./Drivers/STM32F1xx_HAL_Driver/Src/stm32f1xx_hal_tim_ex.o
                0x00000000080037d0                HAL_TIMEx_CommutCallback
 .text.HAL_TIMEx_BreakCallback
                0x00000000080037e2       0x12 ./Drivers/STM32F1xx_HAL_Driver/Src/stm32f1xx_hal_tim_ex.o
                0x00000000080037e2                HAL_TIMEx_BreakCallback
 .text.HAL_UART_Init
                0x00000000080037f4       0x9a ./Drivers/STM32F1xx_HAL_Driver/Src/stm32f1xx_hal_uart.o
                0x00000000080037f4                HAL_UART_Init
 .text.HAL_UART_Transmit
                0x000000000800388e      0x124 ./Drivers/STM32F1xx_HAL_Driver/Src/stm32f1xx_hal_uart.o
                0x000000000800388e                HAL_UART_Transmit
 .text.HAL_UARTEx_ReceiveToIdle_DMA
                0x00000000080039b2       0x9e ./Drivers/STM32F1xx_HAL_Driver/Src/stm32f1xx_hal_uart.o
                0x00000000080039b2                HAL_UARTEx_ReceiveToIdle_DMA
 .text.HAL_UART_IRQHandler
                0x0000000008003a50      0x354 ./Drivers/STM32F1xx_HAL_Driver/Src/stm32f1xx_hal_uart.o
                0x0000000008003a50                HAL_UART_IRQHandler
 .text.HAL_UART_TxCpltCallback
                0x0000000008003da4       0x12 ./Drivers/STM32F1xx_HAL_Driver/Src/stm32f1xx_hal_uart.o
                0x0000000008003da4                HAL_UART_TxCpltCallback
 .text.HAL_UART_RxCpltCallback
                0x0000000008003db6       0x12 ./Drivers/STM32F1xx_HAL_Driver/Src/stm32f1xx_hal_uart.o
                0x0000000008003db6                HAL_UART_RxCpltCallback
 .text.HAL_UART_RxHalfCpltCallback
                0x0000000008003dc8       0x12 ./Drivers/STM32F1xx_HAL_Driver/Src/stm32f1xx_hal_uart.o
                0x0000000008003dc8                HAL_UART_RxHalfCpltCallback
 .text.HAL_UART_ErrorCallback
                0x0000000008003dda       0x12 ./Drivers/STM32F1xx_HAL_Driver/Src/stm32f1xx_hal_uart.o
                0x0000000008003dda                HAL_UART_ErrorCallback
 .text.UART_DMAReceiveCplt
                0x0000000008003dec       0x96 ./Drivers/STM32F1xx_HAL_Driver/Src/stm32f1xx_hal_uart.o
 .text.UART_DMARxHalfCplt
                0x0000000008003e82       0x36 ./Drivers/STM32F1xx_HAL_Driver/Src/stm32f1xx_hal_uart.o
 .text.UART_DMAError
                0x0000000008003eb8       0x94 ./Drivers/STM32F1xx_HAL_Driver/Src/stm32f1xx_hal_uart.o
 .text.UART_WaitOnFlagUntilTimeout
                0x0000000008003f4c       0x94 ./Drivers/STM32F1xx_HAL_Driver/Src/stm32f1xx_hal_uart.o
 .text.UART_Start_Receive_DMA
                0x0000000008003fe0       0xc8 ./Drivers/STM32F1xx_HAL_Driver/Src/stm32f1xx_hal_uart.o
                0x0000000008003fe0                UART_Start_Receive_DMA
 .text.UART_EndTxTransfer
                0x00000000080040a8       0x2a ./Drivers/STM32F1xx_HAL_Driver/Src/stm32f1xx_hal_uart.o
 .text.UART_EndRxTransfer
                0x00000000080040d2       0x58 ./Drivers/STM32F1xx_HAL_Driver/Src/stm32f1xx_hal_uart.o
 .text.UART_DMAAbortOnError
                0x000000000800412a       0x28 ./Drivers/STM32F1xx_HAL_Driver/Src/stm32f1xx_hal_uart.o
 .text.UART_Transmit_IT
                0x0000000008004152       0x9e ./Drivers/STM32F1xx_HAL_Driver/Src/stm32f1xx_hal_uart.o
 .text.UART_EndTransmit_IT
                0x00000000080041f0       0x30 ./Drivers/STM32F1xx_HAL_Driver/Src/stm32f1xx_hal_uart.o
 .text.UART_Receive_IT
                0x0000000008004220      0x152 ./Drivers/STM32F1xx_HAL_Driver/Src/stm32f1xx_hal_uart.o
 *fill*         0x0000000008004372        0x2 
 .text.UART_SetConfig
                0x0000000008004374      0x11c ./Drivers/STM32F1xx_HAL_Driver/Src/stm32f1xx_hal_uart.o
 .text.makeFreeRtosPriority
                0x0000000008004490       0x2e ./Middlewares/Third_Party/FreeRTOS/Source/CMSIS_RTOS/cmsis_os.o
 .text.inHandlerMode
                0x00000000080044be       0x22 ./Middlewares/Third_Party/FreeRTOS/Source/CMSIS_RTOS/cmsis_os.o
 .text.osKernelStart
                0x00000000080044e0        0xe ./Middlewares/Third_Party/FreeRTOS/Source/CMSIS_RTOS/cmsis_os.o
                0x00000000080044e0                osKernelStart
 .text.osThreadCreate
                0x00000000080044ee       0x98 ./Middlewares/Third_Party/FreeRTOS/Source/CMSIS_RTOS/cmsis_os.o
                0x00000000080044ee                osThreadCreate
 .text.osDelay  0x0000000008004586       0x28 ./Middlewares/Third_Party/FreeRTOS/Source/CMSIS_RTOS/cmsis_os.o
                0x0000000008004586                osDelay
 .text.osSemaphoreCreate
                0x00000000080045ae       0x64 ./Middlewares/Third_Party/FreeRTOS/Source/CMSIS_RTOS/cmsis_os.o
                0x00000000080045ae                osSemaphoreCreate
 *fill*         0x0000000008004612        0x2 
 .text.osSemaphoreWait
                0x0000000008004614       0x9c ./Middlewares/Third_Party/FreeRTOS/Source/CMSIS_RTOS/cmsis_os.o
                0x0000000008004614                osSemaphoreWait
 .text.osSemaphoreRelease
                0x00000000080046b0       0x6c ./Middlewares/Third_Party/FreeRTOS/Source/CMSIS_RTOS/cmsis_os.o
                0x00000000080046b0                osSemaphoreRelease
 .text.osMessageCreate
                0x000000000800471c       0x50 ./Middlewares/Third_Party/FreeRTOS/Source/CMSIS_RTOS/cmsis_os.o
                0x000000000800471c                osMessageCreate
 .text.vListInitialise
                0x000000000800476c       0x3e ./Middlewares/Third_Party/FreeRTOS/Source/list.o
                0x000000000800476c                vListInitialise
 .text.vListInitialiseItem
                0x00000000080047aa       0x18 ./Middlewares/Third_Party/FreeRTOS/Source/list.o
                0x00000000080047aa                vListInitialiseItem
 .text.vListInsertEnd
                0x00000000080047c2       0x46 ./Middlewares/Third_Party/FreeRTOS/Source/list.o
                0x00000000080047c2                vListInsertEnd
 .text.vListInsert
                0x0000000008004808       0x70 ./Middlewares/Third_Party/FreeRTOS/Source/list.o
                0x0000000008004808                vListInsert
 .text.uxListRemove
                0x0000000008004878       0x52 ./Middlewares/Third_Party/FreeRTOS/Source/list.o
                0x0000000008004878                uxListRemove
 *fill*         0x00000000080048ca        0x2 
 .text.xQueueGenericReset
                0x00000000080048cc       0xd0 ./Middlewares/Third_Party/FreeRTOS/Source/queue.o
                0x00000000080048cc                xQueueGenericReset
 .text.xQueueGenericCreateStatic
                0x000000000800499c       0xee ./Middlewares/Third_Party/FreeRTOS/Source/queue.o
                0x000000000800499c                xQueueGenericCreateStatic
 .text.xQueueGenericCreate
                0x0000000008004a8a       0x7c ./Middlewares/Third_Party/FreeRTOS/Source/queue.o
                0x0000000008004a8a                xQueueGenericCreate
 .text.prvInitialiseNewQueue
                0x0000000008004b06       0x3e ./Middlewares/Third_Party/FreeRTOS/Source/queue.o
 .text.xQueueGenericSend
                0x0000000008004b44      0x1fc ./Middlewares/Third_Party/FreeRTOS/Source/queue.o
                0x0000000008004b44                xQueueGenericSend
 .text.xQueueGiveFromISR
                0x0000000008004d40      0x11a ./Middlewares/Third_Party/FreeRTOS/Source/queue.o
                0x0000000008004d40                xQueueGiveFromISR
 *fill*         0x0000000008004e5a        0x2 
 .text.xQueueSemaphoreTake
                0x0000000008004e5c      0x218 ./Middlewares/Third_Party/FreeRTOS/Source/queue.o
                0x0000000008004e5c                xQueueSemaphoreTake
 .text.xQueueReceiveFromISR
                0x0000000008005074      0x100 ./Middlewares/Third_Party/FreeRTOS/Source/queue.o
                0x0000000008005074                xQueueReceiveFromISR
 .text.prvGetDisinheritPriorityAfterTimeout
                0x0000000008005174       0x2e ./Middlewares/Third_Party/FreeRTOS/Source/queue.o
 .text.prvCopyDataToQueue
                0x00000000080051a2       0xd4 ./Middlewares/Third_Party/FreeRTOS/Source/queue.o
 .text.prvCopyDataFromQueue
                0x0000000008005276       0x4c ./Middlewares/Third_Party/FreeRTOS/Source/queue.o
 .text.prvUnlockQueue
                0x00000000080052c2       0xa4 ./Middlewares/Third_Party/FreeRTOS/Source/queue.o
 .text.prvIsQueueEmpty
                0x0000000008005366       0x2c ./Middlewares/Third_Party/FreeRTOS/Source/queue.o
 .text.prvIsQueueFull
                0x0000000008005392       0x30 ./Middlewares/Third_Party/FreeRTOS/Source/queue.o
 .text.xTaskCreateStatic
                0x00000000080053c2       0xb8 ./Middlewares/Third_Party/FreeRTOS/Source/tasks.o
                0x00000000080053c2                xTaskCreateStatic
 .text.xTaskCreate
                0x000000000800547a       0x8a ./Middlewares/Third_Party/FreeRTOS/Source/tasks.o
                0x000000000800547a                xTaskCreate
 .text.prvInitialiseNewTask
                0x0000000008005504       0xfe ./Middlewares/Third_Party/FreeRTOS/Source/tasks.o
 *fill*         0x0000000008005602        0x2 
 .text.prvAddNewTaskToReadyList
                0x0000000008005604       0xd4 ./Middlewares/Third_Party/FreeRTOS/Source/tasks.o
 .text.vTaskDelay
                0x00000000080056d8       0x68 ./Middlewares/Third_Party/FreeRTOS/Source/tasks.o
                0x00000000080056d8                vTaskDelay
 .text.vTaskStartScheduler
                0x0000000008005740       0xc0 ./Middlewares/Third_Party/FreeRTOS/Source/tasks.o
                0x0000000008005740                vTaskStartScheduler
 .text.vTaskSuspendAll
                0x0000000008005800       0x1c ./Middlewares/Third_Party/FreeRTOS/Source/tasks.o
                0x0000000008005800                vTaskSuspendAll
 .text.xTaskResumeAll
                0x000000000800581c      0x138 ./Middlewares/Third_Party/FreeRTOS/Source/tasks.o
                0x000000000800581c                xTaskResumeAll
 .text.xTaskIncrementTick
                0x0000000008005954      0x17c ./Middlewares/Third_Party/FreeRTOS/Source/tasks.o
                0x0000000008005954                xTaskIncrementTick
 .text.vTaskSwitchContext
                0x0000000008005ad0       0xb4 ./Middlewares/Third_Party/FreeRTOS/Source/tasks.o
                0x0000000008005ad0                vTaskSwitchContext
 .text.vTaskPlaceOnEventList
                0x0000000008005b84       0x48 ./Middlewares/Third_Party/FreeRTOS/Source/tasks.o
                0x0000000008005b84                vTaskPlaceOnEventList
 .text.xTaskRemoveFromEventList
                0x0000000008005bcc       0xc4 ./Middlewares/Third_Party/FreeRTOS/Source/tasks.o
                0x0000000008005bcc                xTaskRemoveFromEventList
 .text.vTaskInternalSetTimeOutState
                0x0000000008005c90       0x2c ./Middlewares/Third_Party/FreeRTOS/Source/tasks.o
                0x0000000008005c90                vTaskInternalSetTimeOutState
 .text.xTaskCheckForTimeOut
                0x0000000008005cbc       0xc4 ./Middlewares/Third_Party/FreeRTOS/Source/tasks.o
                0x0000000008005cbc                xTaskCheckForTimeOut
 .text.vTaskMissedYield
                0x0000000008005d80       0x18 ./Middlewares/Third_Party/FreeRTOS/Source/tasks.o
                0x0000000008005d80                vTaskMissedYield
 .text.prvIdleTask
                0x0000000008005d98       0x30 ./Middlewares/Third_Party/FreeRTOS/Source/tasks.o
 .text.prvInitialiseTaskLists
                0x0000000008005dc8       0x80 ./Middlewares/Third_Party/FreeRTOS/Source/tasks.o
 .text.prvCheckTasksWaitingTermination
                0x0000000008005e48       0x5c ./Middlewares/Third_Party/FreeRTOS/Source/tasks.o
 .text.prvDeleteTCB
                0x0000000008005ea4       0x5e ./Middlewares/Third_Party/FreeRTOS/Source/tasks.o
 *fill*         0x0000000008005f02        0x2 
 .text.prvResetNextTaskUnblockTime
                0x0000000008005f04       0x48 ./Middlewares/Third_Party/FreeRTOS/Source/tasks.o
 .text.xTaskGetSchedulerState
                0x0000000008005f4c       0x3c ./Middlewares/Third_Party/FreeRTOS/Source/tasks.o
                0x0000000008005f4c                xTaskGetSchedulerState
 .text.xTaskPriorityInherit
                0x0000000008005f88      0x10c ./Middlewares/Third_Party/FreeRTOS/Source/tasks.o
                0x0000000008005f88                xTaskPriorityInherit
 .text.xTaskPriorityDisinherit
                0x0000000008006094      0x10c ./Middlewares/Third_Party/FreeRTOS/Source/tasks.o
                0x0000000008006094                xTaskPriorityDisinherit
 .text.vTaskPriorityDisinheritAfterTimeout
                0x00000000080061a0      0x140 ./Middlewares/Third_Party/FreeRTOS/Source/tasks.o
                0x00000000080061a0                vTaskPriorityDisinheritAfterTimeout
 .text.pvTaskIncrementMutexHeldCount
                0x00000000080062e0       0x28 ./Middlewares/Third_Party/FreeRTOS/Source/tasks.o
                0x00000000080062e0                pvTaskIncrementMutexHeldCount
 .text.prvAddCurrentTaskToDelayedList
                0x0000000008006308       0xcc ./Middlewares/Third_Party/FreeRTOS/Source/tasks.o
 .text.pxPortInitialiseStack
                0x00000000080063d4       0x58 ./Middlewares/Third_Party/FreeRTOS/Source/portable/GCC/ARM_CM3/port.o
                0x00000000080063d4                pxPortInitialiseStack
 .text.prvTaskExitError
                0x000000000800642c       0x58 ./Middlewares/Third_Party/FreeRTOS/Source/portable/GCC/ARM_CM3/port.o
 *fill*         0x0000000008006484        0xc 
 .text.SVC_Handler
                0x0000000008006490       0x28 ./Middlewares/Third_Party/FreeRTOS/Source/portable/GCC/ARM_CM3/port.o
                0x0000000008006490                SVC_Handler
 .text.prvPortStartFirstTask
                0x00000000080064b8       0x20 ./Middlewares/Third_Party/FreeRTOS/Source/portable/GCC/ARM_CM3/port.o
 .text.xPortStartScheduler
                0x00000000080064d8       0xe4 ./Middlewares/Third_Party/FreeRTOS/Source/portable/GCC/ARM_CM3/port.o
                0x00000000080064d8                xPortStartScheduler
 .text.vPortEnterCritical
                0x00000000080065bc       0x60 ./Middlewares/Third_Party/FreeRTOS/Source/portable/GCC/ARM_CM3/port.o
                0x00000000080065bc                vPortEnterCritical
 .text.vPortExitCritical
                0x000000000800661c       0x50 ./Middlewares/Third_Party/FreeRTOS/Source/portable/GCC/ARM_CM3/port.o
                0x000000000800661c                vPortExitCritical
 *fill*         0x000000000800666c        0x4 
 .text.PendSV_Handler
                0x0000000008006670       0x48 ./Middlewares/Third_Party/FreeRTOS/Source/portable/GCC/ARM_CM3/port.o
                0x0000000008006670                PendSV_Handler
 .text.SysTick_Handler
                0x00000000080066b8       0x44 ./Middlewares/Third_Party/FreeRTOS/Source/portable/GCC/ARM_CM3/port.o
                0x00000000080066b8                SysTick_Handler
 .text.vPortSetupTimerInterrupt
                0x00000000080066fc       0x44 ./Middlewares/Third_Party/FreeRTOS/Source/portable/GCC/ARM_CM3/port.o
                0x00000000080066fc                vPortSetupTimerInterrupt
 .text.vPortValidateInterruptPriority
                0x0000000008006740       0x7c ./Middlewares/Third_Party/FreeRTOS/Source/portable/GCC/ARM_CM3/port.o
                0x0000000008006740                vPortValidateInterruptPriority
 .text.pvPortMalloc
                0x00000000080067bc      0x188 ./Middlewares/Third_Party/FreeRTOS/Source/portable/MemMang/heap_4.o
                0x00000000080067bc                pvPortMalloc
 .text.vPortFree
                0x0000000008006944       0xb4 ./Middlewares/Third_Party/FreeRTOS/Source/portable/MemMang/heap_4.o
                0x0000000008006944                vPortFree
 .text.prvHeapInit
                0x00000000080069f8       0xc4 ./Middlewares/Third_Party/FreeRTOS/Source/portable/MemMang/heap_4.o
 .text.prvInsertBlockIntoFreeList
                0x0000000008006abc       0xb0 ./Middlewares/Third_Party/FreeRTOS/Source/portable/MemMang/heap_4.o
 .text.atoi     0x0000000008006b6c        0x8 c:/st/stm32cubeide_1.4.0/stm32cubeide/plugins/com.st.stm32cube.ide.mcu.externaltools.gnu-tools-for-stm32.10.3-2021.10.win32_1.0.0.202111181127/tools/bin/../lib/gcc/arm-none-eabi/10.3.1/../../../../arm-none-eabi/lib/thumb/v7-m/nofp\libc_nano.a(lib_a-atoi.o)
                0x0000000008006b6c                atoi
 .text.__errno  0x0000000008006b74        0xc c:/st/stm32cubeide_1.4.0/stm32cubeide/plugins/com.st.stm32cube.ide.mcu.externaltools.gnu-tools-for-stm32.10.3-2021.10.win32_1.0.0.202111181127/tools/bin/../lib/gcc/arm-none-eabi/10.3.1/../../../../arm-none-eabi/lib/thumb/v7-m/nofp\libc_nano.a(lib_a-errno.o)
                0x0000000008006b74                __errno
 .text.__libc_init_array
                0x0000000008006b80       0x48 c:/st/stm32cubeide_1.4.0/stm32cubeide/plugins/com.st.stm32cube.ide.mcu.externaltools.gnu-tools-for-stm32.10.3-2021.10.win32_1.0.0.202111181127/tools/bin/../lib/gcc/arm-none-eabi/10.3.1/../../../../arm-none-eabi/lib/thumb/v7-m/nofp\libc_nano.a(lib_a-init.o)
                0x0000000008006b80                __libc_init_array
 .text.__itoa   0x0000000008006bc8       0x30 c:/st/stm32cubeide_1.4.0/stm32cubeide/plugins/com.st.stm32cube.ide.mcu.externaltools.gnu-tools-for-stm32.10.3-2021.10.win32_1.0.0.202111181127/tools/bin/../lib/gcc/arm-none-eabi/10.3.1/../../../../arm-none-eabi/lib/thumb/v7-m/nofp\libc_nano.a(lib_a-itoa.o)
                0x0000000008006bc8                __itoa
 .text.itoa     0x0000000008006bf8        0x4 c:/st/stm32cubeide_1.4.0/stm32cubeide/plugins/com.st.stm32cube.ide.mcu.externaltools.gnu-tools-for-stm32.10.3-2021.10.win32_1.0.0.202111181127/tools/bin/../lib/gcc/arm-none-eabi/10.3.1/../../../../arm-none-eabi/lib/thumb/v7-m/nofp\libc_nano.a(lib_a-itoa.o)
                0x0000000008006bf8                itoa
 .text.memcpy   0x0000000008006bfc       0x1c c:/st/stm32cubeide_1.4.0/stm32cubeide/plugins/com.st.stm32cube.ide.mcu.externaltools.gnu-tools-for-stm32.10.3-2021.10.win32_1.0.0.202111181127/tools/bin/../lib/gcc/arm-none-eabi/10.3.1/../../../../arm-none-eabi/lib/thumb/v7-m/nofp\libc_nano.a(lib_a-memcpy-stub.o)
                0x0000000008006bfc                memcpy
 .text.memset   0x0000000008006c18       0x10 c:/st/stm32cubeide_1.4.0/stm32cubeide/plugins/com.st.stm32cube.ide.mcu.externaltools.gnu-tools-for-stm32.10.3-2021.10.win32_1.0.0.202111181127/tools/bin/../lib/gcc/arm-none-eabi/10.3.1/../../../../arm-none-eabi/lib/thumb/v7-m/nofp\libc_nano.a(lib_a-memset.o)
                0x0000000008006c18                memset
 .text._strtol_l.constprop.0
                0x0000000008006c28       0xf8 c:/st/stm32cubeide_1.4.0/stm32cubeide/plugins/com.st.stm32cube.ide.mcu.externaltools.gnu-tools-for-stm32.10.3-2021.10.win32_1.0.0.202111181127/tools/bin/../lib/gcc/arm-none-eabi/10.3.1/../../../../arm-none-eabi/lib/thumb/v7-m/nofp\libc_nano.a(lib_a-strtol.o)
 .text.strtol   0x0000000008006d20       0x14 c:/st/stm32cubeide_1.4.0/stm32cubeide/plugins/com.st.stm32cube.ide.mcu.externaltools.gnu-tools-for-stm32.10.3-2021.10.win32_1.0.0.202111181127/tools/bin/../lib/gcc/arm-none-eabi/10.3.1/../../../../arm-none-eabi/lib/thumb/v7-m/nofp\libc_nano.a(lib_a-strtol.o)
                0x0000000008006d20                strtol
 .text.__utoa   0x0000000008006d34       0x84 c:/st/stm32cubeide_1.4.0/stm32cubeide/plugins/com.st.stm32cube.ide.mcu.externaltools.gnu-tools-for-stm32.10.3-2021.10.win32_1.0.0.202111181127/tools/bin/../lib/gcc/arm-none-eabi/10.3.1/../../../../arm-none-eabi/lib/thumb/v7-m/nofp\libc_nano.a(lib_a-utoa.o)
                0x0000000008006d34                __utoa
 *(.glue_7)
 .glue_7        0x0000000008006db8        0x0 linker stubs
 *(.glue_7t)
 .glue_7t       0x0000000008006db8        0x0 linker stubs
 *(.eh_frame)
 .eh_frame      0x0000000008006db8        0x0 c:/st/stm32cubeide_1.4.0/stm32cubeide/plugins/com.st.stm32cube.ide.mcu.externaltools.gnu-tools-for-stm32.10.3-2021.10.win32_1.0.0.202111181127/tools/bin/../lib/gcc/arm-none-eabi/10.3.1/thumb/v7-m/nofp/crtbegin.o
 *(.init)
 .init          0x0000000008006db8        0x4 c:/st/stm32cubeide_1.4.0/stm32cubeide/plugins/com.st.stm32cube.ide.mcu.externaltools.gnu-tools-for-stm32.10.3-2021.10.win32_1.0.0.202111181127/tools/bin/../lib/gcc/arm-none-eabi/10.3.1/thumb/v7-m/nofp/crti.o
                0x0000000008006db8                _init
 .init          0x0000000008006dbc        0x8 c:/st/stm32cubeide_1.4.0/stm32cubeide/plugins/com.st.stm32cube.ide.mcu.externaltools.gnu-tools-for-stm32.10.3-2021.10.win32_1.0.0.202111181127/tools/bin/../lib/gcc/arm-none-eabi/10.3.1/thumb/v7-m/nofp/crtn.o
 *(.fini)
 .fini          0x0000000008006dc4        0x4 c:/st/stm32cubeide_1.4.0/stm32cubeide/plugins/com.st.stm32cube.ide.mcu.externaltools.gnu-tools-for-stm32.10.3-2021.10.win32_1.0.0.202111181127/tools/bin/../lib/gcc/arm-none-eabi/10.3.1/thumb/v7-m/nofp/crti.o
                0x0000000008006dc4                _fini
 .fini          0x0000000008006dc8        0x8 c:/st/stm32cubeide_1.4.0/stm32cubeide/plugins/com.st.stm32cube.ide.mcu.externaltools.gnu-tools-for-stm32.10.3-2021.10.win32_1.0.0.202111181127/tools/bin/../lib/gcc/arm-none-eabi/10.3.1/thumb/v7-m/nofp/crtn.o
                0x0000000008006dd0                . = ALIGN (0x4)
                0x0000000008006dd0                _etext = .

.vfp11_veneer   0x0000000008006dd0        0x0
 .vfp11_veneer  0x0000000008006dd0        0x0 linker stubs

.v4_bx          0x0000000008006dd0        0x0
 .v4_bx         0x0000000008006dd0        0x0 linker stubs

.iplt           0x0000000008006dd0        0x0
 .iplt          0x0000000008006dd0        0x0 c:/st/stm32cubeide_1.4.0/stm32cubeide/plugins/com.st.stm32cube.ide.mcu.externaltools.gnu-tools-for-stm32.10.3-2021.10.win32_1.0.0.202111181127/tools/bin/../lib/gcc/arm-none-eabi/10.3.1/thumb/v7-m/nofp/crtbegin.o

.rodata         0x0000000008006dd0      0x224
                0x0000000008006dd0                . = ALIGN (0x4)
 *(.rodata)
 .rodata        0x0000000008006dd0       0xc9 ./Core/Src/main.o
 *fill*         0x0000000008006e99        0x3 
 .rodata        0x0000000008006e9c       0x10 ./Drivers/STM32F1xx_HAL_Driver/Src/stm32f1xx_hal_rcc.o
 .rodata        0x0000000008006eac        0x5 ./Middlewares/Third_Party/FreeRTOS/Source/tasks.o
 *(.rodata*)
 *fill*         0x0000000008006eb1        0x3 
 .rodata.AHBPrescTable
                0x0000000008006eb4       0x10 ./Core/Src/system_stm32f1xx.o
                0x0000000008006eb4                AHBPrescTable
 .rodata.APBPrescTable
                0x0000000008006ec4        0x8 ./Core/Src/system_stm32f1xx.o
                0x0000000008006ec4                APBPrescTable
 .rodata.__utoa.str1.1
                0x0000000008006ecc       0x25 c:/st/stm32cubeide_1.4.0/stm32cubeide/plugins/com.st.stm32cube.ide.mcu.externaltools.gnu-tools-for-stm32.10.3-2021.10.win32_1.0.0.202111181127/tools/bin/../lib/gcc/arm-none-eabi/10.3.1/../../../../arm-none-eabi/lib/thumb/v7-m/nofp\libc_nano.a(lib_a-utoa.o)
 .rodata._ctype_
                0x0000000008006ef1      0x101 c:/st/stm32cubeide_1.4.0/stm32cubeide/plugins/com.st.stm32cube.ide.mcu.externaltools.gnu-tools-for-stm32.10.3-2021.10.win32_1.0.0.202111181127/tools/bin/../lib/gcc/arm-none-eabi/10.3.1/../../../../arm-none-eabi/lib/thumb/v7-m/nofp\libc_nano.a(lib_a-ctype_.o)
                0x0000000008006ef1                _ctype_
                0x0000000008006ff4                . = ALIGN (0x4)
 *fill*         0x0000000008006ff2        0x2 

.rel.dyn        0x0000000008006ff4        0x0
 .rel.iplt      0x0000000008006ff4        0x0 c:/st/stm32cubeide_1.4.0/stm32cubeide/plugins/com.st.stm32cube.ide.mcu.externaltools.gnu-tools-for-stm32.10.3-2021.10.win32_1.0.0.202111181127/tools/bin/../lib/gcc/arm-none-eabi/10.3.1/thumb/v7-m/nofp/crtbegin.o

.ARM.extab      0x0000000008006ff4        0x0
                0x0000000008006ff4                . = ALIGN (0x4)
 *(.ARM.extab* .gnu.linkonce.armextab.*)
                0x0000000008006ff4                . = ALIGN (0x4)

.ARM            0x0000000008006ff4        0x0
                0x0000000008006ff4                . = ALIGN (0x4)
                0x0000000008006ff4                __exidx_start = .
 *(.ARM.exidx*)
                0x0000000008006ff4                __exidx_end = .
                0x0000000008006ff4                . = ALIGN (0x4)

.preinit_array  0x0000000008006ff4        0x0
                0x0000000008006ff4                . = ALIGN (0x4)
                0x0000000008006ff4                PROVIDE (__preinit_array_start = .)
 *(.preinit_array*)
                0x0000000008006ff4                PROVIDE (__preinit_array_end = .)
                0x0000000008006ff4                . = ALIGN (0x4)

.init_array     0x0000000008006ff4        0x4
                0x0000000008006ff4                . = ALIGN (0x4)
                0x0000000008006ff4                PROVIDE (__init_array_start = .)
 *(SORT_BY_NAME(.init_array.*))
 *(.init_array*)
 .init_array    0x0000000008006ff4        0x4 c:/st/stm32cubeide_1.4.0/stm32cubeide/plugins/com.st.stm32cube.ide.mcu.externaltools.gnu-tools-for-stm32.10.3-2021.10.win32_1.0.0.202111181127/tools/bin/../lib/gcc/arm-none-eabi/10.3.1/thumb/v7-m/nofp/crtbegin.o
                0x0000000008006ff8                PROVIDE (__init_array_end = .)
                0x0000000008006ff8                . = ALIGN (0x4)

.fini_array     0x0000000008006ff8        0x4
                0x0000000008006ff8                . = ALIGN (0x4)
                [!provide]                        PROVIDE (__fini_array_start = .)
 *(SORT_BY_NAME(.fini_array.*))
 *(.fini_array*)
 .fini_array    0x0000000008006ff8        0x4 c:/st/stm32cubeide_1.4.0/stm32cubeide/plugins/com.st.stm32cube.ide.mcu.externaltools.gnu-tools-for-stm32.10.3-2021.10.win32_1.0.0.202111181127/tools/bin/../lib/gcc/arm-none-eabi/10.3.1/thumb/v7-m/nofp/crtbegin.o
                [!provide]                        PROVIDE (__fini_array_end = .)
                0x0000000008006ffc                . = ALIGN (0x4)
                0x0000000008006ffc                _sidata = LOADADDR (.data)

.data           0x0000000020000000       0x74 load address 0x0000000008006ffc
                0x0000000020000000                . = ALIGN (0x4)
                0x0000000020000000                _sdata = .
 *(.data)
 *(.data*)
 .data.SystemCoreClock
                0x0000000020000000        0x4 ./Core/Src/system_stm32f1xx.o
                0x0000000020000000                SystemCoreClock
 .data.uwTickPrio
                0x0000000020000004        0x4 ./Drivers/STM32F1xx_HAL_Driver/Src/stm32f1xx_hal.o
                0x0000000020000004                uwTickPrio
 .data.uwTickFreq
                0x0000000020000008        0x1 ./Drivers/STM32F1xx_HAL_Driver/Src/stm32f1xx_hal.o
                0x0000000020000008                uwTickFreq
 *fill*         0x0000000020000009        0x3 
 .data.uxCriticalNesting
                0x000000002000000c        0x4 ./Middlewares/Third_Party/FreeRTOS/Source/portable/GCC/ARM_CM3/port.o
 .data._impure_ptr
                0x0000000020000010        0x4 c:/st/stm32cubeide_1.4.0/stm32cubeide/plugins/com.st.stm32cube.ide.mcu.externaltools.gnu-tools-for-stm32.10.3-2021.10.win32_1.0.0.202111181127/tools/bin/../lib/gcc/arm-none-eabi/10.3.1/../../../../arm-none-eabi/lib/thumb/v7-m/nofp\libc_nano.a(lib_a-impure.o)
                0x0000000020000010                _impure_ptr
 .data.impure_data
                0x0000000020000014       0x60 c:/st/stm32cubeide_1.4.0/stm32cubeide/plugins/com.st.stm32cube.ide.mcu.externaltools.gnu-tools-for-stm32.10.3-2021.10.win32_1.0.0.202111181127/tools/bin/../lib/gcc/arm-none-eabi/10.3.1/../../../../arm-none-eabi/lib/thumb/v7-m/nofp\libc_nano.a(lib_a-impure.o)
 *(.RamFunc)
 *(.RamFunc*)
                0x0000000020000074                . = ALIGN (0x4)
                0x0000000020000074                _edata = .

.igot.plt       0x0000000020000074        0x0 load address 0x0000000008007070
 .igot.plt      0x0000000020000074        0x0 c:/st/stm32cubeide_1.4.0/stm32cubeide/plugins/com.st.stm32cube.ide.mcu.externaltools.gnu-tools-for-stm32.10.3-2021.10.win32_1.0.0.202111181127/tools/bin/../lib/gcc/arm-none-eabi/10.3.1/thumb/v7-m/nofp/crtbegin.o
                0x0000000020000074                . = ALIGN (0x4)

.bss            0x0000000020000074     0x11a8 load address 0x0000000008007070
                0x0000000020000074                _sbss = .
                0x0000000020000074                __bss_start__ = _sbss
 *(.bss)
 .bss           0x0000000020000074       0x1c c:/st/stm32cubeide_1.4.0/stm32cubeide/plugins/com.st.stm32cube.ide.mcu.externaltools.gnu-tools-for-stm32.10.3-2021.10.win32_1.0.0.202111181127/tools/bin/../lib/gcc/arm-none-eabi/10.3.1/thumb/v7-m/nofp/crtbegin.o
 *(.bss*)
 .bss.BufferUsart1
                0x0000000020000090       0x19 ./Core/MyLibs/MyFunctions/MyFunctions.o
 .bss.Escritura_BufferUsart1
                0x00000000200000a9        0x1 ./Core/MyLibs/MyFunctions/MyFunctions.o
 .bss.Lectura_BufferUsart1
                0x00000000200000aa        0x1 ./Core/MyLibs/MyFunctions/MyFunctions.o
 *fill*         0x00000000200000ab        0x1 
 .bss.xIdleTaskTCBBuffer
                0x00000000200000ac       0x54 ./Core/Src/freertos.o
 .bss.xIdleStack
                0x0000000020000100      0x200 ./Core/Src/freertos.o
 .bss.hi2c1     0x0000000020000300       0x54 ./Core/Src/main.o
                0x0000000020000300                hi2c1
 .bss.hspi1     0x0000000020000354       0x58 ./Core/Src/main.o
                0x0000000020000354                hspi1
 .bss.huart1    0x00000000200003ac       0x44 ./Core/Src/main.o
                0x00000000200003ac                huart1
 .bss.hdma_usart1_rx
                0x00000000200003f0       0x44 ./Core/Src/main.o
                0x00000000200003f0                hdma_usart1_rx
 .bss.measurementTaskHandle
                0x0000000020000434        0x4 ./Core/Src/main.o
                0x0000000020000434                measurementTaskHandle
 .bss.recordingTaskHandle
                0x0000000020000438        0x4 ./Core/Src/main.o
                0x0000000020000438                recordingTaskHandle
 .bss.receptionTaskHandle
                0x000000002000043c        0x4 ./Core/Src/main.o
                0x000000002000043c                receptionTaskHandle
 .bss.sendingTaskHandle
                0x0000000020000440        0x4 ./Core/Src/main.o
                0x0000000020000440                sendingTaskHandle
 .bss.usartReceptionQueueHandle
                0x0000000020000444        0x4 ./Core/Src/main.o
                0x0000000020000444                usartReceptionQueueHandle
 .bss.binarySemaphoreUARTHandle
                0x0000000020000448        0x4 ./Core/Src/main.o
                0x0000000020000448                binarySemaphoreUARTHandle
 .bss.Rx_data   0x000000002000044c       0x19 ./Core/Src/main.o
                0x000000002000044c                Rx_data
 *fill*         0x0000000020000465        0x3 
 .bss.LIS3MDL_data
                0x0000000020000468       0x1c ./Core/Src/main.o
                0x0000000020000468                LIS3MDL_data
 .bss.htim1     0x0000000020000484       0x48 ./Core/Src/stm32f1xx_hal_timebase_tim.o
                0x0000000020000484                htim1
 .bss.uwTick    0x00000000200004cc        0x4 ./Drivers/STM32F1xx_HAL_Driver/Src/stm32f1xx_hal.o
                0x00000000200004cc                uwTick
 .bss.pxCurrentTCB
                0x00000000200004d0        0x4 ./Middlewares/Third_Party/FreeRTOS/Source/tasks.o
                0x00000000200004d0                pxCurrentTCB
 .bss.pxReadyTasksLists
                0x00000000200004d4       0x8c ./Middlewares/Third_Party/FreeRTOS/Source/tasks.o
 .bss.xDelayedTaskList1
                0x0000000020000560       0x14 ./Middlewares/Third_Party/FreeRTOS/Source/tasks.o
 .bss.xDelayedTaskList2
                0x0000000020000574       0x14 ./Middlewares/Third_Party/FreeRTOS/Source/tasks.o
 .bss.pxDelayedTaskList
                0x0000000020000588        0x4 ./Middlewares/Third_Party/FreeRTOS/Source/tasks.o
 .bss.pxOverflowDelayedTaskList
                0x000000002000058c        0x4 ./Middlewares/Third_Party/FreeRTOS/Source/tasks.o
 .bss.xPendingReadyList
                0x0000000020000590       0x14 ./Middlewares/Third_Party/FreeRTOS/Source/tasks.o
 .bss.xTasksWaitingTermination
                0x00000000200005a4       0x14 ./Middlewares/Third_Party/FreeRTOS/Source/tasks.o
 .bss.uxDeletedTasksWaitingCleanUp
                0x00000000200005b8        0x4 ./Middlewares/Third_Party/FreeRTOS/Source/tasks.o
 .bss.xSuspendedTaskList
                0x00000000200005bc       0x14 ./Middlewares/Third_Party/FreeRTOS/Source/tasks.o
 .bss.uxCurrentNumberOfTasks
                0x00000000200005d0        0x4 ./Middlewares/Third_Party/FreeRTOS/Source/tasks.o
 .bss.xTickCount
                0x00000000200005d4        0x4 ./Middlewares/Third_Party/FreeRTOS/Source/tasks.o
 .bss.uxTopReadyPriority
                0x00000000200005d8        0x4 ./Middlewares/Third_Party/FreeRTOS/Source/tasks.o
 .bss.xSchedulerRunning
                0x00000000200005dc        0x4 ./Middlewares/Third_Party/FreeRTOS/Source/tasks.o
 .bss.uxPendedTicks
                0x00000000200005e0        0x4 ./Middlewares/Third_Party/FreeRTOS/Source/tasks.o
 .bss.xYieldPending
                0x00000000200005e4        0x4 ./Middlewares/Third_Party/FreeRTOS/Source/tasks.o
 .bss.xNumOfOverflows
                0x00000000200005e8        0x4 ./Middlewares/Third_Party/FreeRTOS/Source/tasks.o
 .bss.uxTaskNumber
                0x00000000200005ec        0x4 ./Middlewares/Third_Party/FreeRTOS/Source/tasks.o
 .bss.xNextTaskUnblockTime
                0x00000000200005f0        0x4 ./Middlewares/Third_Party/FreeRTOS/Source/tasks.o
 .bss.xIdleTaskHandle
                0x00000000200005f4        0x4 ./Middlewares/Third_Party/FreeRTOS/Source/tasks.o
 .bss.uxSchedulerSuspended
                0x00000000200005f8        0x4 ./Middlewares/Third_Party/FreeRTOS/Source/tasks.o
 .bss.ucMaxSysCallPriority
                0x00000000200005fc        0x1 ./Middlewares/Third_Party/FreeRTOS/Source/portable/GCC/ARM_CM3/port.o
 *fill*         0x00000000200005fd        0x3 
 .bss.ulMaxPRIGROUPValue
                0x0000000020000600        0x4 ./Middlewares/Third_Party/FreeRTOS/Source/portable/GCC/ARM_CM3/port.o
 .bss.ucHeap    0x0000000020000604      0xc00 ./Middlewares/Third_Party/FreeRTOS/Source/portable/MemMang/heap_4.o
 .bss.xStart    0x0000000020001204        0x8 ./Middlewares/Third_Party/FreeRTOS/Source/portable/MemMang/heap_4.o
 .bss.pxEnd     0x000000002000120c        0x4 ./Middlewares/Third_Party/FreeRTOS/Source/portable/MemMang/heap_4.o
 .bss.xFreeBytesRemaining
                0x0000000020001210        0x4 ./Middlewares/Third_Party/FreeRTOS/Source/portable/MemMang/heap_4.o
 .bss.xMinimumEverFreeBytesRemaining
                0x0000000020001214        0x4 ./Middlewares/Third_Party/FreeRTOS/Source/portable/MemMang/heap_4.o
 .bss.xBlockAllocatedBit
                0x0000000020001218        0x4 ./Middlewares/Third_Party/FreeRTOS/Source/portable/MemMang/heap_4.o
 *(COMMON)
                0x000000002000121c                . = ALIGN (0x4)
                0x000000002000121c                _ebss = .
                0x000000002000121c                __bss_end__ = _ebss

._user_heap_stack
                0x000000002000121c      0x604 load address 0x0000000008007070
                0x0000000020001220                . = ALIGN (0x8)
 *fill*         0x000000002000121c        0x4 
                [!provide]                        PROVIDE (end = .)
                0x0000000020001220                PROVIDE (_end = .)
                0x0000000020001420                . = (. + _Min_Heap_Size)
 *fill*         0x0000000020001220      0x200 
                0x0000000020001820                . = (. + _Min_Stack_Size)
 *fill*         0x0000000020001420      0x400 
                0x0000000020001820                . = ALIGN (0x8)

/DISCARD/
 libc.a(*)
 libm.a(*)
 libgcc.a(*)

.ARM.attributes
                0x0000000000000000       0x29
 *(.ARM.attributes)
 .ARM.attributes
                0x0000000000000000       0x1d c:/st/stm32cubeide_1.4.0/stm32cubeide/plugins/com.st.stm32cube.ide.mcu.externaltools.gnu-tools-for-stm32.10.3-2021.10.win32_1.0.0.202111181127/tools/bin/../lib/gcc/arm-none-eabi/10.3.1/thumb/v7-m/nofp/crti.o
 .ARM.attributes
                0x000000000000001d       0x2d c:/st/stm32cubeide_1.4.0/stm32cubeide/plugins/com.st.stm32cube.ide.mcu.externaltools.gnu-tools-for-stm32.10.3-2021.10.win32_1.0.0.202111181127/tools/bin/../lib/gcc/arm-none-eabi/10.3.1/thumb/v7-m/nofp/crtbegin.o
 .ARM.attributes
                0x000000000000004a       0x2d ./Core/MyLibs/LIS3MDL/LIS3MDL.o
 .ARM.attributes
                0x0000000000000077       0x2d ./Core/MyLibs/MyFunctions/MyFunctions.o
 .ARM.attributes
                0x00000000000000a4       0x2d ./Core/Src/freertos.o
 .ARM.attributes
                0x00000000000000d1       0x2d ./Core/Src/main.o
 .ARM.attributes
                0x00000000000000fe       0x2d ./Core/Src/stm32f1xx_hal_msp.o
 .ARM.attributes
                0x000000000000012b       0x2d ./Core/Src/stm32f1xx_hal_timebase_tim.o
 .ARM.attributes
                0x0000000000000158       0x2d ./Core/Src/stm32f1xx_it.o
 .ARM.attributes
                0x0000000000000185       0x2d ./Core/Src/system_stm32f1xx.o
 .ARM.attributes
                0x00000000000001b2       0x21 ./Core/Startup/startup_stm32f103c8tx.o
 .ARM.attributes
                0x00000000000001d3       0x2d ./Drivers/STM32F1xx_HAL_Driver/Src/stm32f1xx_hal.o
 .ARM.attributes
                0x0000000000000200       0x2d ./Drivers/STM32F1xx_HAL_Driver/Src/stm32f1xx_hal_cortex.o
 .ARM.attributes
                0x000000000000022d       0x2d ./Drivers/STM32F1xx_HAL_Driver/Src/stm32f1xx_hal_dma.o
 .ARM.attributes
                0x000000000000025a       0x2d ./Drivers/STM32F1xx_HAL_Driver/Src/stm32f1xx_hal_gpio.o
 .ARM.attributes
                0x0000000000000287       0x2d ./Drivers/STM32F1xx_HAL_Driver/Src/stm32f1xx_hal_i2c.o
 .ARM.attributes
                0x00000000000002b4       0x2d ./Drivers/STM32F1xx_HAL_Driver/Src/stm32f1xx_hal_rcc.o
 .ARM.attributes
                0x00000000000002e1       0x2d ./Drivers/STM32F1xx_HAL_Driver/Src/stm32f1xx_hal_spi.o
 .ARM.attributes
                0x000000000000030e       0x2d ./Drivers/STM32F1xx_HAL_Driver/Src/stm32f1xx_hal_tim.o
 .ARM.attributes
                0x000000000000033b       0x2d ./Drivers/STM32F1xx_HAL_Driver/Src/stm32f1xx_hal_tim_ex.o
 .ARM.attributes
                0x0000000000000368       0x2d ./Drivers/STM32F1xx_HAL_Driver/Src/stm32f1xx_hal_uart.o
 .ARM.attributes
                0x0000000000000395       0x2d ./Middlewares/Third_Party/FreeRTOS/Source/CMSIS_RTOS/cmsis_os.o
 .ARM.attributes
                0x00000000000003c2       0x2d ./Middlewares/Third_Party/FreeRTOS/Source/list.o
 .ARM.attributes
                0x00000000000003ef       0x2d ./Middlewares/Third_Party/FreeRTOS/Source/queue.o
 .ARM.attributes
                0x000000000000041c       0x2d ./Middlewares/Third_Party/FreeRTOS/Source/tasks.o
 .ARM.attributes
                0x0000000000000449       0x2d ./Middlewares/Third_Party/FreeRTOS/Source/portable/GCC/ARM_CM3/port.o
 .ARM.attributes
                0x0000000000000476       0x2d ./Middlewares/Third_Party/FreeRTOS/Source/portable/MemMang/heap_4.o
 .ARM.attributes
                0x00000000000004a3       0x2d c:/st/stm32cubeide_1.4.0/stm32cubeide/plugins/com.st.stm32cube.ide.mcu.externaltools.gnu-tools-for-stm32.10.3-2021.10.win32_1.0.0.202111181127/tools/bin/../lib/gcc/arm-none-eabi/10.3.1/../../../../arm-none-eabi/lib/thumb/v7-m/nofp\libc_nano.a(lib_a-atoi.o)
 .ARM.attributes
                0x00000000000004d0       0x2d c:/st/stm32cubeide_1.4.0/stm32cubeide/plugins/com.st.stm32cube.ide.mcu.externaltools.gnu-tools-for-stm32.10.3-2021.10.win32_1.0.0.202111181127/tools/bin/../lib/gcc/arm-none-eabi/10.3.1/../../../../arm-none-eabi/lib/thumb/v7-m/nofp\libc_nano.a(lib_a-errno.o)
 .ARM.attributes
                0x00000000000004fd       0x2d c:/st/stm32cubeide_1.4.0/stm32cubeide/plugins/com.st.stm32cube.ide.mcu.externaltools.gnu-tools-for-stm32.10.3-2021.10.win32_1.0.0.202111181127/tools/bin/../lib/gcc/arm-none-eabi/10.3.1/../../../../arm-none-eabi/lib/thumb/v7-m/nofp\libc_nano.a(lib_a-impure.o)
 .ARM.attributes
                0x000000000000052a       0x2d c:/st/stm32cubeide_1.4.0/stm32cubeide/plugins/com.st.stm32cube.ide.mcu.externaltools.gnu-tools-for-stm32.10.3-2021.10.win32_1.0.0.202111181127/tools/bin/../lib/gcc/arm-none-eabi/10.3.1/../../../../arm-none-eabi/lib/thumb/v7-m/nofp\libc_nano.a(lib_a-init.o)
 .ARM.attributes
                0x0000000000000557       0x2d c:/st/stm32cubeide_1.4.0/stm32cubeide/plugins/com.st.stm32cube.ide.mcu.externaltools.gnu-tools-for-stm32.10.3-2021.10.win32_1.0.0.202111181127/tools/bin/../lib/gcc/arm-none-eabi/10.3.1/../../../../arm-none-eabi/lib/thumb/v7-m/nofp\libc_nano.a(lib_a-itoa.o)
 .ARM.attributes
                0x0000000000000584       0x2d c:/st/stm32cubeide_1.4.0/stm32cubeide/plugins/com.st.stm32cube.ide.mcu.externaltools.gnu-tools-for-stm32.10.3-2021.10.win32_1.0.0.202111181127/tools/bin/../lib/gcc/arm-none-eabi/10.3.1/../../../../arm-none-eabi/lib/thumb/v7-m/nofp\libc_nano.a(lib_a-memcpy-stub.o)
 .ARM.attributes
                0x00000000000005b1       0x2d c:/st/stm32cubeide_1.4.0/stm32cubeide/plugins/com.st.stm32cube.ide.mcu.externaltools.gnu-tools-for-stm32.10.3-2021.10.win32_1.0.0.202111181127/tools/bin/../lib/gcc/arm-none-eabi/10.3.1/../../../../arm-none-eabi/lib/thumb/v7-m/nofp\libc_nano.a(lib_a-memset.o)
 .ARM.attributes
                0x00000000000005de       0x2d c:/st/stm32cubeide_1.4.0/stm32cubeide/plugins/com.st.stm32cube.ide.mcu.externaltools.gnu-tools-for-stm32.10.3-2021.10.win32_1.0.0.202111181127/tools/bin/../lib/gcc/arm-none-eabi/10.3.1/../../../../arm-none-eabi/lib/thumb/v7-m/nofp\libc_nano.a(lib_a-strtol.o)
 .ARM.attributes
                0x000000000000060b       0x2d c:/st/stm32cubeide_1.4.0/stm32cubeide/plugins/com.st.stm32cube.ide.mcu.externaltools.gnu-tools-for-stm32.10.3-2021.10.win32_1.0.0.202111181127/tools/bin/../lib/gcc/arm-none-eabi/10.3.1/../../../../arm-none-eabi/lib/thumb/v7-m/nofp\libc_nano.a(lib_a-utoa.o)
 .ARM.attributes
                0x0000000000000638       0x2d c:/st/stm32cubeide_1.4.0/stm32cubeide/plugins/com.st.stm32cube.ide.mcu.externaltools.gnu-tools-for-stm32.10.3-2021.10.win32_1.0.0.202111181127/tools/bin/../lib/gcc/arm-none-eabi/10.3.1/../../../../arm-none-eabi/lib/thumb/v7-m/nofp\libc_nano.a(lib_a-ctype_.o)
 .ARM.attributes
                0x0000000000000665       0x1d c:/st/stm32cubeide_1.4.0/stm32cubeide/plugins/com.st.stm32cube.ide.mcu.externaltools.gnu-tools-for-stm32.10.3-2021.10.win32_1.0.0.202111181127/tools/bin/../lib/gcc/arm-none-eabi/10.3.1/thumb/v7-m/nofp/crtn.o
OUTPUT(DrixitChallenge_FreeRTOS.elf elf32-littlearm)
LOAD linker stubs
LOAD c:/st/stm32cubeide_1.4.0/stm32cubeide/plugins/com.st.stm32cube.ide.mcu.externaltools.gnu-tools-for-stm32.10.3-2021.10.win32_1.0.0.202111181127/tools/bin/../lib/gcc/arm-none-eabi/10.3.1/../../../../arm-none-eabi/lib/thumb/v7-m/nofp\libc.a
LOAD c:/st/stm32cubeide_1.4.0/stm32cubeide/plugins/com.st.stm32cube.ide.mcu.externaltools.gnu-tools-for-stm32.10.3-2021.10.win32_1.0.0.202111181127/tools/bin/../lib/gcc/arm-none-eabi/10.3.1/../../../../arm-none-eabi/lib/thumb/v7-m/nofp\libm.a
LOAD c:/st/stm32cubeide_1.4.0/stm32cubeide/plugins/com.st.stm32cube.ide.mcu.externaltools.gnu-tools-for-stm32.10.3-2021.10.win32_1.0.0.202111181127/tools/bin/../lib/gcc/arm-none-eabi/10.3.1/thumb/v7-m/nofp\libgcc.a

.debug_info     0x0000000000000000    0x16f74
 .debug_info    0x0000000000000000      0x946 ./Core/MyLibs/LIS3MDL/LIS3MDL.o
 .debug_info    0x0000000000000946      0x820 ./Core/MyLibs/MyFunctions/MyFunctions.o
 .debug_info    0x0000000000001166      0x294 ./Core/Src/freertos.o
 .debug_info    0x00000000000013fa     0x1e07 ./Core/Src/main.o
 .debug_info    0x0000000000003201     0x1093 ./Core/Src/stm32f1xx_hal_msp.o
 .debug_info    0x0000000000004294      0x9e9 ./Core/Src/stm32f1xx_hal_timebase_tim.o
 .debug_info    0x0000000000004c7d      0x99f ./Core/Src/stm32f1xx_it.o
 .debug_info    0x000000000000561c      0x23d ./Core/Src/system_stm32f1xx.o
 .debug_info    0x0000000000005859       0x22 ./Core/Startup/startup_stm32f103c8tx.o
 .debug_info    0x000000000000587b      0x734 ./Drivers/STM32F1xx_HAL_Driver/Src/stm32f1xx_hal.o
 .debug_info    0x0000000000005faf      0xb20 ./Drivers/STM32F1xx_HAL_Driver/Src/stm32f1xx_hal_cortex.o
 .debug_info    0x0000000000006acf      0x73f ./Drivers/STM32F1xx_HAL_Driver/Src/stm32f1xx_hal_dma.o
 .debug_info    0x000000000000720e      0x615 ./Drivers/STM32F1xx_HAL_Driver/Src/stm32f1xx_hal_gpio.o
 .debug_info    0x0000000000007823     0x2734 ./Drivers/STM32F1xx_HAL_Driver/Src/stm32f1xx_hal_i2c.o
 .debug_info    0x0000000000009f57      0x860 ./Drivers/STM32F1xx_HAL_Driver/Src/stm32f1xx_hal_rcc.o
 .debug_info    0x000000000000a7b7     0x1658 ./Drivers/STM32F1xx_HAL_Driver/Src/stm32f1xx_hal_spi.o
 .debug_info    0x000000000000be0f     0x29de ./Drivers/STM32F1xx_HAL_Driver/Src/stm32f1xx_hal_tim.o
 .debug_info    0x000000000000e7ed     0x1513 ./Drivers/STM32F1xx_HAL_Driver/Src/stm32f1xx_hal_tim_ex.o
 .debug_info    0x000000000000fd00     0x15d8 ./Drivers/STM32F1xx_HAL_Driver/Src/stm32f1xx_hal_uart.o
 .debug_info    0x00000000000112d8     0x1c1b ./Middlewares/Third_Party/FreeRTOS/Source/CMSIS_RTOS/cmsis_os.o
 .debug_info    0x0000000000012ef3      0x2cb ./Middlewares/Third_Party/FreeRTOS/Source/list.o
 .debug_info    0x00000000000131be     0x182b ./Middlewares/Third_Party/FreeRTOS/Source/queue.o
 .debug_info    0x00000000000149e9     0x1cec ./Middlewares/Third_Party/FreeRTOS/Source/tasks.o
 .debug_info    0x00000000000166d5      0x4b7 ./Middlewares/Third_Party/FreeRTOS/Source/portable/GCC/ARM_CM3/port.o
 .debug_info    0x0000000000016b8c      0x3e8 ./Middlewares/Third_Party/FreeRTOS/Source/portable/MemMang/heap_4.o

.debug_abbrev   0x0000000000000000     0x358d
 .debug_abbrev  0x0000000000000000      0x1a0 ./Core/MyLibs/LIS3MDL/LIS3MDL.o
 .debug_abbrev  0x00000000000001a0      0x1c5 ./Core/MyLibs/MyFunctions/MyFunctions.o
 .debug_abbrev  0x0000000000000365       0xcd ./Core/Src/freertos.o
 .debug_abbrev  0x0000000000000432      0x32b ./Core/Src/main.o
 .debug_abbrev  0x000000000000075d      0x21c ./Core/Src/stm32f1xx_hal_msp.o
 .debug_abbrev  0x0000000000000979      0x1e6 ./Core/Src/stm32f1xx_hal_timebase_tim.o
 .debug_abbrev  0x0000000000000b5f      0x186 ./Core/Src/stm32f1xx_it.o
 .debug_abbrev  0x0000000000000ce5      0x13b ./Core/Src/system_stm32f1xx.o
 .debug_abbrev  0x0000000000000e20       0x12 ./Core/Startup/startup_stm32f103c8tx.o
 .debug_abbrev  0x0000000000000e32      0x1fb ./Drivers/STM32F1xx_HAL_Driver/Src/stm32f1xx_hal.o
 .debug_abbrev  0x000000000000102d      0x2ed ./Drivers/STM32F1xx_HAL_Driver/Src/stm32f1xx_hal_cortex.o
 .debug_abbrev  0x000000000000131a      0x1fe ./Drivers/STM32F1xx_HAL_Driver/Src/stm32f1xx_hal_dma.o
 .debug_abbrev  0x0000000000001518      0x1bb ./Drivers/STM32F1xx_HAL_Driver/Src/stm32f1xx_hal_gpio.o
 .debug_abbrev  0x00000000000016d3      0x288 ./Drivers/STM32F1xx_HAL_Driver/Src/stm32f1xx_hal_i2c.o
 .debug_abbrev  0x000000000000195b      0x2a8 ./Drivers/STM32F1xx_HAL_Driver/Src/stm32f1xx_hal_rcc.o
 .debug_abbrev  0x0000000000001c03      0x26e ./Drivers/STM32F1xx_HAL_Driver/Src/stm32f1xx_hal_spi.o
 .debug_abbrev  0x0000000000001e71      0x25d ./Drivers/STM32F1xx_HAL_Driver/Src/stm32f1xx_hal_tim.o
 .debug_abbrev  0x00000000000020ce      0x265 ./Drivers/STM32F1xx_HAL_Driver/Src/stm32f1xx_hal_tim_ex.o
 .debug_abbrev  0x0000000000002333      0x278 ./Drivers/STM32F1xx_HAL_Driver/Src/stm32f1xx_hal_uart.o
 .debug_abbrev  0x00000000000025ab      0x392 ./Middlewares/Third_Party/FreeRTOS/Source/CMSIS_RTOS/cmsis_os.o
 .debug_abbrev  0x000000000000293d       0xf2 ./Middlewares/Third_Party/FreeRTOS/Source/list.o
 .debug_abbrev  0x0000000000002a2f      0x3ba ./Middlewares/Third_Party/FreeRTOS/Source/queue.o
 .debug_abbrev  0x0000000000002de9      0x34e ./Middlewares/Third_Party/FreeRTOS/Source/tasks.o
 .debug_abbrev  0x0000000000003137      0x257 ./Middlewares/Third_Party/FreeRTOS/Source/portable/GCC/ARM_CM3/port.o
 .debug_abbrev  0x000000000000338e      0x1ff ./Middlewares/Third_Party/FreeRTOS/Source/portable/MemMang/heap_4.o

.debug_aranges  0x0000000000000000     0x16f0
 .debug_aranges
                0x0000000000000000       0x50 ./Core/MyLibs/LIS3MDL/LIS3MDL.o
 .debug_aranges
                0x0000000000000050       0x40 ./Core/MyLibs/MyFunctions/MyFunctions.o
 .debug_aranges
                0x0000000000000090       0x20 ./Core/Src/freertos.o
 .debug_aranges
                0x00000000000000b0       0x88 ./Core/Src/main.o
 .debug_aranges
                0x0000000000000138       0x50 ./Core/Src/stm32f1xx_hal_msp.o
 .debug_aranges
                0x0000000000000188       0x30 ./Core/Src/stm32f1xx_hal_timebase_tim.o
 .debug_aranges
                0x00000000000001b8       0x68 ./Core/Src/stm32f1xx_it.o
 .debug_aranges
                0x0000000000000220       0x28 ./Core/Src/system_stm32f1xx.o
 .debug_aranges
                0x0000000000000248       0x28 ./Core/Startup/startup_stm32f103c8tx.o
 .debug_aranges
                0x0000000000000270       0xe0 ./Drivers/STM32F1xx_HAL_Driver/Src/stm32f1xx_hal.o
 .debug_aranges
                0x0000000000000350      0x100 ./Drivers/STM32F1xx_HAL_Driver/Src/stm32f1xx_hal_cortex.o
 .debug_aranges
                0x0000000000000450       0x80 ./Drivers/STM32F1xx_HAL_Driver/Src/stm32f1xx_hal_dma.o
 .debug_aranges
                0x00000000000004d0       0x58 ./Drivers/STM32F1xx_HAL_Driver/Src/stm32f1xx_hal_gpio.o
 .debug_aranges
                0x0000000000000528      0x2a0 ./Drivers/STM32F1xx_HAL_Driver/Src/stm32f1xx_hal_i2c.o
 .debug_aranges
                0x00000000000007c8       0x90 ./Drivers/STM32F1xx_HAL_Driver/Src/stm32f1xx_hal_rcc.o
 .debug_aranges
                0x0000000000000858      0x1d0 ./Drivers/STM32F1xx_HAL_Driver/Src/stm32f1xx_hal_spi.o
 .debug_aranges
                0x0000000000000a28      0x3d0 ./Drivers/STM32F1xx_HAL_Driver/Src/stm32f1xx_hal_tim.o
 .debug_aranges
                0x0000000000000df8      0x168 ./Drivers/STM32F1xx_HAL_Driver/Src/stm32f1xx_hal_tim_ex.o
 .debug_aranges
                0x0000000000000f60      0x200 ./Drivers/STM32F1xx_HAL_Driver/Src/stm32f1xx_hal_uart.o
 .debug_aranges
                0x0000000000001160      0x1d8 ./Middlewares/Third_Party/FreeRTOS/Source/CMSIS_RTOS/cmsis_os.o
 .debug_aranges
                0x0000000000001338       0x40 ./Middlewares/Third_Party/FreeRTOS/Source/list.o
 .debug_aranges
                0x0000000000001378      0x108 ./Middlewares/Third_Party/FreeRTOS/Source/queue.o
 .debug_aranges
                0x0000000000001480      0x1a8 ./Middlewares/Third_Party/FreeRTOS/Source/tasks.o
 .debug_aranges
                0x0000000000001628       0x78 ./Middlewares/Third_Party/FreeRTOS/Source/portable/GCC/ARM_CM3/port.o
 .debug_aranges
                0x00000000000016a0       0x50 ./Middlewares/Third_Party/FreeRTOS/Source/portable/MemMang/heap_4.o

.debug_ranges   0x0000000000000000     0x15c0
 .debug_ranges  0x0000000000000000       0x40 ./Core/MyLibs/LIS3MDL/LIS3MDL.o
 .debug_ranges  0x0000000000000040       0x30 ./Core/MyLibs/MyFunctions/MyFunctions.o
 .debug_ranges  0x0000000000000070       0x10 ./Core/Src/freertos.o
 .debug_ranges  0x0000000000000080       0x78 ./Core/Src/main.o
 .debug_ranges  0x00000000000000f8       0x40 ./Core/Src/stm32f1xx_hal_msp.o
 .debug_ranges  0x0000000000000138       0x20 ./Core/Src/stm32f1xx_hal_timebase_tim.o
 .debug_ranges  0x0000000000000158       0x58 ./Core/Src/stm32f1xx_it.o
 .debug_ranges  0x00000000000001b0       0x18 ./Core/Src/system_stm32f1xx.o
 .debug_ranges  0x00000000000001c8       0x20 ./Core/Startup/startup_stm32f103c8tx.o
 .debug_ranges  0x00000000000001e8       0xd0 ./Drivers/STM32F1xx_HAL_Driver/Src/stm32f1xx_hal.o
 .debug_ranges  0x00000000000002b8       0xf0 ./Drivers/STM32F1xx_HAL_Driver/Src/stm32f1xx_hal_cortex.o
 .debug_ranges  0x00000000000003a8       0x70 ./Drivers/STM32F1xx_HAL_Driver/Src/stm32f1xx_hal_dma.o
 .debug_ranges  0x0000000000000418       0x48 ./Drivers/STM32F1xx_HAL_Driver/Src/stm32f1xx_hal_gpio.o
 .debug_ranges  0x0000000000000460      0x2b8 ./Drivers/STM32F1xx_HAL_Driver/Src/stm32f1xx_hal_i2c.o
 .debug_ranges  0x0000000000000718       0x80 ./Drivers/STM32F1xx_HAL_Driver/Src/stm32f1xx_hal_rcc.o
 .debug_ranges  0x0000000000000798      0x1c0 ./Drivers/STM32F1xx_HAL_Driver/Src/stm32f1xx_hal_spi.o
 .debug_ranges  0x0000000000000958      0x3c0 ./Drivers/STM32F1xx_HAL_Driver/Src/stm32f1xx_hal_tim.o
 .debug_ranges  0x0000000000000d18      0x158 ./Drivers/STM32F1xx_HAL_Driver/Src/stm32f1xx_hal_tim_ex.o
 .debug_ranges  0x0000000000000e70      0x220 ./Drivers/STM32F1xx_HAL_Driver/Src/stm32f1xx_hal_uart.o
 .debug_ranges  0x0000000000001090      0x1c8 ./Middlewares/Third_Party/FreeRTOS/Source/CMSIS_RTOS/cmsis_os.o
 .debug_ranges  0x0000000000001258       0x30 ./Middlewares/Third_Party/FreeRTOS/Source/list.o
 .debug_ranges  0x0000000000001288       0xf8 ./Middlewares/Third_Party/FreeRTOS/Source/queue.o
 .debug_ranges  0x0000000000001380      0x198 ./Middlewares/Third_Party/FreeRTOS/Source/tasks.o
 .debug_ranges  0x0000000000001518       0x68 ./Middlewares/Third_Party/FreeRTOS/Source/portable/GCC/ARM_CM3/port.o
 .debug_ranges  0x0000000000001580       0x40 ./Middlewares/Third_Party/FreeRTOS/Source/portable/MemMang/heap_4.o

.debug_macro    0x0000000000000000    0x1a9bc
 .debug_macro   0x0000000000000000      0x289 ./Core/MyLibs/LIS3MDL/LIS3MDL.o
 .debug_macro   0x0000000000000289      0xa6c ./Core/MyLibs/LIS3MDL/LIS3MDL.o
 .debug_macro   0x0000000000000cf5      0x22d ./Core/MyLibs/LIS3MDL/LIS3MDL.o
 .debug_macro   0x0000000000000f22       0x2e ./Core/MyLibs/LIS3MDL/LIS3MDL.o
 .debug_macro   0x0000000000000f50       0x22 ./Core/MyLibs/LIS3MDL/LIS3MDL.o
 .debug_macro   0x0000000000000f72       0x22 ./Core/MyLibs/LIS3MDL/LIS3MDL.o
 .debug_macro   0x0000000000000f94       0x8e ./Core/MyLibs/LIS3MDL/LIS3MDL.o
 .debug_macro   0x0000000000001022       0x51 ./Core/MyLibs/LIS3MDL/LIS3MDL.o
 .debug_macro   0x0000000000001073      0x103 ./Core/MyLibs/LIS3MDL/LIS3MDL.o
 .debug_macro   0x0000000000001176       0x6a ./Core/MyLibs/LIS3MDL/LIS3MDL.o
 .debug_macro   0x00000000000011e0      0x1df ./Core/MyLibs/LIS3MDL/LIS3MDL.o
 .debug_macro   0x00000000000013bf       0x1c ./Core/MyLibs/LIS3MDL/LIS3MDL.o
 .debug_macro   0x00000000000013db       0x22 ./Core/MyLibs/LIS3MDL/LIS3MDL.o
 .debug_macro   0x00000000000013fd       0xbd ./Core/MyLibs/LIS3MDL/LIS3MDL.o
 .debug_macro   0x00000000000014ba      0xd23 ./Core/MyLibs/LIS3MDL/LIS3MDL.o
 .debug_macro   0x00000000000021dd     0xe09e ./Core/MyLibs/LIS3MDL/LIS3MDL.o
 .debug_macro   0x000000000001027b       0x6d ./Core/MyLibs/LIS3MDL/LIS3MDL.o
 .debug_macro   0x00000000000102e8     0x3468 ./Core/MyLibs/LIS3MDL/LIS3MDL.o
 .debug_macro   0x0000000000013750      0x174 ./Core/MyLibs/LIS3MDL/LIS3MDL.o
 .debug_macro   0x00000000000138c4       0x5c ./Core/MyLibs/LIS3MDL/LIS3MDL.o
 .debug_macro   0x0000000000013920      0x5be ./Core/MyLibs/LIS3MDL/LIS3MDL.o
 .debug_macro   0x0000000000013ede      0x289 ./Core/MyLibs/LIS3MDL/LIS3MDL.o
 .debug_macro   0x0000000000014167      0x1cb ./Core/MyLibs/LIS3MDL/LIS3MDL.o
 .debug_macro   0x0000000000014332      0x114 ./Core/MyLibs/LIS3MDL/LIS3MDL.o
 .debug_macro   0x0000000000014446      0x1b2 ./Core/MyLibs/LIS3MDL/LIS3MDL.o
 .debug_macro   0x00000000000145f8       0x27 ./Core/MyLibs/LIS3MDL/LIS3MDL.o
 .debug_macro   0x000000000001461f      0x136 ./Core/MyLibs/LIS3MDL/LIS3MDL.o
 .debug_macro   0x0000000000014755      0x1bc ./Core/MyLibs/LIS3MDL/LIS3MDL.o
 .debug_macro   0x0000000000014911       0x34 ./Core/MyLibs/LIS3MDL/LIS3MDL.o
 .debug_macro   0x0000000000014945       0x3c ./Core/MyLibs/LIS3MDL/LIS3MDL.o
 .debug_macro   0x0000000000014981       0x57 ./Core/MyLibs/LIS3MDL/LIS3MDL.o
 .debug_macro   0x00000000000149d8       0x88 ./Core/MyLibs/LIS3MDL/LIS3MDL.o
 .debug_macro   0x0000000000014a60      0x241 ./Core/MyLibs/LIS3MDL/LIS3MDL.o
 .debug_macro   0x0000000000014ca1      0x287 ./Core/MyLibs/LIS3MDL/LIS3MDL.o
 .debug_macro   0x0000000000014f28      0x141 ./Core/MyLibs/LIS3MDL/LIS3MDL.o
 .debug_macro   0x0000000000015069      0x217 ./Core/MyLibs/LIS3MDL/LIS3MDL.o
 .debug_macro   0x0000000000015280      0x8d1 ./Core/MyLibs/LIS3MDL/LIS3MDL.o
 .debug_macro   0x0000000000015b51      0x279 ./Core/MyLibs/LIS3MDL/LIS3MDL.o
 .debug_macro   0x0000000000015dca       0x83 ./Core/MyLibs/LIS3MDL/LIS3MDL.o
 .debug_macro   0x0000000000015e4d      0x136 ./Core/MyLibs/LIS3MDL/LIS3MDL.o
 .debug_macro   0x0000000000015f83       0x52 ./Core/MyLibs/LIS3MDL/LIS3MDL.o
 .debug_macro   0x0000000000015fd5       0x18 ./Core/MyLibs/LIS3MDL/LIS3MDL.o
 .debug_macro   0x0000000000015fed       0x3c ./Core/MyLibs/LIS3MDL/LIS3MDL.o
 .debug_macro   0x0000000000016029       0x34 ./Core/MyLibs/LIS3MDL/LIS3MDL.o
 .debug_macro   0x000000000001605d       0x16 ./Core/MyLibs/LIS3MDL/LIS3MDL.o
 .debug_macro   0x0000000000016073       0x43 ./Core/MyLibs/LIS3MDL/LIS3MDL.o
 .debug_macro   0x00000000000160b6       0x34 ./Core/MyLibs/LIS3MDL/LIS3MDL.o
 .debug_macro   0x00000000000160ea       0x10 ./Core/MyLibs/LIS3MDL/LIS3MDL.o
 .debug_macro   0x00000000000160fa       0x58 ./Core/MyLibs/LIS3MDL/LIS3MDL.o
 .debug_macro   0x0000000000016152       0x71 ./Core/MyLibs/LIS3MDL/LIS3MDL.o
 .debug_macro   0x00000000000161c3       0x1c ./Core/MyLibs/LIS3MDL/LIS3MDL.o
 .debug_macro   0x00000000000161df      0x12a ./Core/MyLibs/LIS3MDL/LIS3MDL.o
 .debug_macro   0x0000000000016309      0x341 ./Core/MyLibs/LIS3MDL/LIS3MDL.o
 .debug_macro   0x000000000001664a      0x19b ./Core/MyLibs/LIS3MDL/LIS3MDL.o
 .debug_macro   0x00000000000167e5       0x82 ./Core/MyLibs/LIS3MDL/LIS3MDL.o
 .debug_macro   0x0000000000016867       0x10 ./Core/MyLibs/LIS3MDL/LIS3MDL.o
 .debug_macro   0x0000000000016877      0x3c7 ./Core/MyLibs/MyFunctions/MyFunctions.o
 .debug_macro   0x0000000000016c3e       0x64 ./Core/MyLibs/MyFunctions/MyFunctions.o
 .debug_macro   0x0000000000016ca2       0x7c ./Core/MyLibs/MyFunctions/MyFunctions.o
 .debug_macro   0x0000000000016d1e       0x10 ./Core/MyLibs/MyFunctions/MyFunctions.o
 .debug_macro   0x0000000000016d2e       0x28 ./Core/MyLibs/MyFunctions/MyFunctions.o
 .debug_macro   0x0000000000016d56       0x16 ./Core/MyLibs/MyFunctions/MyFunctions.o
 .debug_macro   0x0000000000016d6c       0x35 ./Core/MyLibs/MyFunctions/MyFunctions.o
 .debug_macro   0x0000000000016da1       0x20 ./Core/MyLibs/MyFunctions/MyFunctions.o
 .debug_macro   0x0000000000016dc1       0x1c ./Core/MyLibs/MyFunctions/MyFunctions.o
 .debug_macro   0x0000000000016ddd       0x10 ./Core/MyLibs/MyFunctions/MyFunctions.o
 .debug_macro   0x0000000000016ded       0x10 ./Core/MyLibs/MyFunctions/MyFunctions.o
 .debug_macro   0x0000000000016dfd       0x1c ./Core/MyLibs/MyFunctions/MyFunctions.o
 .debug_macro   0x0000000000016e19       0x52 ./Core/MyLibs/MyFunctions/MyFunctions.o
 .debug_macro   0x0000000000016e6b       0x22 ./Core/MyLibs/MyFunctions/MyFunctions.o
 .debug_macro   0x0000000000016e8d       0x10 ./Core/MyLibs/MyFunctions/MyFunctions.o
 .debug_macro   0x0000000000016e9d       0x52 ./Core/MyLibs/MyFunctions/MyFunctions.o
 .debug_macro   0x0000000000016eef       0xd5 ./Core/MyLibs/MyFunctions/MyFunctions.o
 .debug_macro   0x0000000000016fc4       0x1c ./Core/MyLibs/MyFunctions/MyFunctions.o
 .debug_macro   0x0000000000016fe0       0x3d ./Core/MyLibs/MyFunctions/MyFunctions.o
 .debug_macro   0x000000000001701d       0x16 ./Core/MyLibs/MyFunctions/MyFunctions.o
 .debug_macro   0x0000000000017033      0x145 ./Core/MyLibs/MyFunctions/MyFunctions.o
 .debug_macro   0x0000000000017178       0x16 ./Core/MyLibs/MyFunctions/MyFunctions.o
 .debug_macro   0x000000000001718e       0x16 ./Core/MyLibs/MyFunctions/MyFunctions.o
 .debug_macro   0x00000000000171a4       0x29 ./Core/MyLibs/MyFunctions/MyFunctions.o
 .debug_macro   0x00000000000171cd      0x22e ./Core/Src/freertos.o
 .debug_macro   0x00000000000173fb       0xd6 ./Core/Src/freertos.o
 .debug_macro   0x00000000000174d1      0x15a ./Core/Src/freertos.o
 .debug_macro   0x000000000001762b       0xd7 ./Core/Src/freertos.o
 .debug_macro   0x0000000000017702       0x10 ./Core/Src/freertos.o
 .debug_macro   0x0000000000017712       0x1f ./Core/Src/freertos.o
 .debug_macro   0x0000000000017731      0x4b7 ./Core/Src/freertos.o
 .debug_macro   0x0000000000017be8       0xb5 ./Core/Src/freertos.o
 .debug_macro   0x0000000000017c9d       0x8c ./Core/Src/freertos.o
 .debug_macro   0x0000000000017d29       0x22 ./Core/Src/freertos.o
 .debug_macro   0x0000000000017d4b      0x29a ./Core/Src/main.o
 .debug_macro   0x0000000000017fe5       0xd6 ./Core/Src/main.o
 .debug_macro   0x00000000000180bb       0x91 ./Core/Src/main.o
 .debug_macro   0x000000000001814c       0x8d ./Core/Src/main.o
 .debug_macro   0x00000000000181d9       0x7e ./Core/Src/main.o
 .debug_macro   0x0000000000018257       0x19 ./Core/Src/main.o
 .debug_macro   0x0000000000018270       0xf2 ./Core/Src/main.o
 .debug_macro   0x0000000000018362      0x13c ./Core/Src/main.o
 .debug_macro   0x000000000001849e      0x1c6 ./Core/Src/stm32f1xx_hal_msp.o
 .debug_macro   0x0000000000018664      0x1b7 ./Core/Src/stm32f1xx_hal_timebase_tim.o
 .debug_macro   0x000000000001881b      0x1d0 ./Core/Src/stm32f1xx_it.o
 .debug_macro   0x00000000000189eb      0x1b7 ./Core/Src/system_stm32f1xx.o
 .debug_macro   0x0000000000018ba2      0x1db ./Drivers/STM32F1xx_HAL_Driver/Src/stm32f1xx_hal.o
 .debug_macro   0x0000000000018d7d      0x1b7 ./Drivers/STM32F1xx_HAL_Driver/Src/stm32f1xx_hal_cortex.o
 .debug_macro   0x0000000000018f34      0x1b7 ./Drivers/STM32F1xx_HAL_Driver/Src/stm32f1xx_hal_dma.o
 .debug_macro   0x00000000000190eb      0x222 ./Drivers/STM32F1xx_HAL_Driver/Src/stm32f1xx_hal_gpio.o
 .debug_macro   0x000000000001930d      0x1fe ./Drivers/STM32F1xx_HAL_Driver/Src/stm32f1xx_hal_i2c.o
 .debug_macro   0x000000000001950b      0x1c9 ./Drivers/STM32F1xx_HAL_Driver/Src/stm32f1xx_hal_rcc.o
 .debug_macro   0x00000000000196d4      0x1bf ./Drivers/STM32F1xx_HAL_Driver/Src/stm32f1xx_hal_spi.o
 .debug_macro   0x0000000000019893      0x1b8 ./Drivers/STM32F1xx_HAL_Driver/Src/stm32f1xx_hal_tim.o
 .debug_macro   0x0000000000019a4b      0x1b7 ./Drivers/STM32F1xx_HAL_Driver/Src/stm32f1xx_hal_tim_ex.o
 .debug_macro   0x0000000000019c02      0x1b8 ./Drivers/STM32F1xx_HAL_Driver/Src/stm32f1xx_hal_uart.o
 .debug_macro   0x0000000000019dba      0x1fe ./Middlewares/Third_Party/FreeRTOS/Source/CMSIS_RTOS/cmsis_os.o
 .debug_macro   0x0000000000019fb8       0x10 ./Middlewares/Third_Party/FreeRTOS/Source/CMSIS_RTOS/cmsis_os.o
 .debug_macro   0x0000000000019fc8       0xab ./Middlewares/Third_Party/FreeRTOS/Source/CMSIS_RTOS/cmsis_os.o
 .debug_macro   0x000000000001a073      0x187 ./Middlewares/Third_Party/FreeRTOS/Source/list.o
 .debug_macro   0x000000000001a1fa      0x212 ./Middlewares/Third_Party/FreeRTOS/Source/queue.o
 .debug_macro   0x000000000001a40c      0x280 ./Middlewares/Third_Party/FreeRTOS/Source/tasks.o
 .debug_macro   0x000000000001a68c       0x10 ./Middlewares/Third_Party/FreeRTOS/Source/tasks.o
 .debug_macro   0x000000000001a69c      0x172 ./Middlewares/Third_Party/FreeRTOS/Source/portable/GCC/ARM_CM3/port.o
 .debug_macro   0x000000000001a80e      0x1ae ./Middlewares/Third_Party/FreeRTOS/Source/portable/MemMang/heap_4.o

.debug_line     0x0000000000000000    0x18f95
 .debug_line    0x0000000000000000      0x9b4 ./Core/MyLibs/LIS3MDL/LIS3MDL.o
 .debug_line    0x00000000000009b4      0xa91 ./Core/MyLibs/MyFunctions/MyFunctions.o
 .debug_line    0x0000000000001445      0x799 ./Core/Src/freertos.o
 .debug_line    0x0000000000001bde      0xb27 ./Core/Src/main.o
 .debug_line    0x0000000000002705      0x7b4 ./Core/Src/stm32f1xx_hal_msp.o
 .debug_line    0x0000000000002eb9      0x708 ./Core/Src/stm32f1xx_hal_timebase_tim.o
 .debug_line    0x00000000000035c1      0x780 ./Core/Src/stm32f1xx_it.o
 .debug_line    0x0000000000003d41      0x71a ./Core/Src/system_stm32f1xx.o
 .debug_line    0x000000000000445b       0x87 ./Core/Startup/startup_stm32f103c8tx.o
 .debug_line    0x00000000000044e2      0x947 ./Drivers/STM32F1xx_HAL_Driver/Src/stm32f1xx_hal.o
 .debug_line    0x0000000000004e29      0xb2f ./Drivers/STM32F1xx_HAL_Driver/Src/stm32f1xx_hal_cortex.o
 .debug_line    0x0000000000005958      0xd9f ./Drivers/STM32F1xx_HAL_Driver/Src/stm32f1xx_hal_dma.o
 .debug_line    0x00000000000066f7      0x9de ./Drivers/STM32F1xx_HAL_Driver/Src/stm32f1xx_hal_gpio.o
 .debug_line    0x00000000000070d5     0x3a31 ./Drivers/STM32F1xx_HAL_Driver/Src/stm32f1xx_hal_i2c.o
 .debug_line    0x000000000000ab06      0xd55 ./Drivers/STM32F1xx_HAL_Driver/Src/stm32f1xx_hal_rcc.o
 .debug_line    0x000000000000b85b     0x1bcc ./Drivers/STM32F1xx_HAL_Driver/Src/stm32f1xx_hal_spi.o
 .debug_line    0x000000000000d427     0x32fd ./Drivers/STM32F1xx_HAL_Driver/Src/stm32f1xx_hal_tim.o
 .debug_line    0x0000000000010724     0x186f ./Drivers/STM32F1xx_HAL_Driver/Src/stm32f1xx_hal_tim_ex.o
 .debug_line    0x0000000000011f93     0x1a22 ./Drivers/STM32F1xx_HAL_Driver/Src/stm32f1xx_hal_uart.o
 .debug_line    0x00000000000139b5     0x11bc ./Middlewares/Third_Party/FreeRTOS/Source/CMSIS_RTOS/cmsis_os.o
 .debug_line    0x0000000000014b71      0x6f7 ./Middlewares/Third_Party/FreeRTOS/Source/list.o
 .debug_line    0x0000000000015268     0x1474 ./Middlewares/Third_Party/FreeRTOS/Source/queue.o
 .debug_line    0x00000000000166dc     0x18ba ./Middlewares/Third_Party/FreeRTOS/Source/tasks.o
 .debug_line    0x0000000000017f96      0x746 ./Middlewares/Third_Party/FreeRTOS/Source/portable/GCC/ARM_CM3/port.o
 .debug_line    0x00000000000186dc      0x8b9 ./Middlewares/Third_Party/FreeRTOS/Source/portable/MemMang/heap_4.o

.debug_str      0x0000000000000000    0x98401
 .debug_str     0x0000000000000000    0x8a048 ./Core/MyLibs/LIS3MDL/LIS3MDL.o
                                      0x8a457 (size before relaxing)
 .debug_str     0x000000000008a048     0x1497 ./Core/MyLibs/MyFunctions/MyFunctions.o
                                      0x8afa0 (size before relaxing)
 .debug_str     0x000000000008b4df     0x3b12 ./Core/Src/freertos.o
                                      0x89b0b (size before relaxing)
 .debug_str     0x000000000008eff1     0x30cd ./Core/Src/main.o
                                      0x8dd26 (size before relaxing)
 .debug_str     0x00000000000920be      0x10c ./Core/Src/stm32f1xx_hal_msp.o
                                      0x86c79 (size before relaxing)
 .debug_str     0x00000000000921ca       0xf7 ./Core/Src/stm32f1xx_hal_timebase_tim.o
                                      0x868ba (size before relaxing)
 .debug_str     0x00000000000922c1      0x125 ./Core/Src/stm32f1xx_it.o
                                      0x867b0 (size before relaxing)
 .debug_str     0x00000000000923e6       0x7e ./Core/Src/system_stm32f1xx.o
                                      0x86002 (size before relaxing)
 .debug_str     0x0000000000092464       0x36 ./Core/Startup/startup_stm32f103c8tx.o
                                         0x88 (size before relaxing)
 .debug_str     0x000000000009249a      0x340 ./Drivers/STM32F1xx_HAL_Driver/Src/stm32f1xx_hal.o
                                      0x86735 (size before relaxing)
 .debug_str     0x00000000000927da      0x281 ./Drivers/STM32F1xx_HAL_Driver/Src/stm32f1xx_hal_cortex.o
                                      0x86681 (size before relaxing)
 .debug_str     0x0000000000092a5b      0x201 ./Drivers/STM32F1xx_HAL_Driver/Src/stm32f1xx_hal_dma.o
                                      0x863ab (size before relaxing)
 .debug_str     0x0000000000092c5c      0x2c8 ./Drivers/STM32F1xx_HAL_Driver/Src/stm32f1xx_hal_gpio.o
                                      0x86388 (size before relaxing)
 .debug_str     0x0000000000092f24      0xb2c ./Drivers/STM32F1xx_HAL_Driver/Src/stm32f1xx_hal_i2c.o
                                      0x87076 (size before relaxing)
 .debug_str     0x0000000000093a50      0x1d3 ./Drivers/STM32F1xx_HAL_Driver/Src/stm32f1xx_hal_rcc.o
                                      0x86431 (size before relaxing)
 .debug_str     0x0000000000093c23      0x521 ./Drivers/STM32F1xx_HAL_Driver/Src/stm32f1xx_hal_spi.o
                                      0x8692e (size before relaxing)
 .debug_str     0x0000000000094144      0xe36 ./Drivers/STM32F1xx_HAL_Driver/Src/stm32f1xx_hal_tim.o
                                      0x8741c (size before relaxing)
 .debug_str     0x0000000000094f7a      0x503 ./Drivers/STM32F1xx_HAL_Driver/Src/stm32f1xx_hal_tim_ex.o
                                      0x86c38 (size before relaxing)
 .debug_str     0x000000000009547d      0x572 ./Drivers/STM32F1xx_HAL_Driver/Src/stm32f1xx_hal_uart.o
                                      0x86a3c (size before relaxing)
 .debug_str     0x00000000000959ef      0x8d7 ./Middlewares/Third_Party/FreeRTOS/Source/CMSIS_RTOS/cmsis_os.o
                                       0xdd0f (size before relaxing)
 .debug_str     0x00000000000962c6      0x139 ./Middlewares/Third_Party/FreeRTOS/Source/list.o
                                       0xa325 (size before relaxing)
 .debug_str     0x00000000000963ff      0x7a3 ./Middlewares/Third_Party/FreeRTOS/Source/queue.o
                                       0xbb73 (size before relaxing)
 .debug_str     0x0000000000096ba2      0xfae ./Middlewares/Third_Party/FreeRTOS/Source/tasks.o
                                       0xc617 (size before relaxing)
 .debug_str     0x0000000000097b50      0x66e ./Middlewares/Third_Party/FreeRTOS/Source/portable/GCC/ARM_CM3/port.o
                                       0x80c2 (size before relaxing)