Archive member included to satisfy reference by file (symbol)

c:/st/stm32cubeide_1.4.0/stm32cubeide/plugins/com.st.stm32cube.ide.mcu.externaltools.gnu-tools-for-stm32.10.3-2021.10.win32_1.0.0.202111181127/tools/bin/../lib/gcc/arm-none-eabi/10.3.1/../../../../arm-none-eabi/lib/thumb/v7-m/nofp\libc_nano.a(lib_a-atoi.o)
                              ./Core/MyLibs/MyFunctions/MyFunctions.o (atoi)
c:/st/stm32cubeide_1.4.0/stm32cubeide/plugins/com.st.stm32cube.ide.mcu.externaltools.gnu-tools-for-stm32.10.3-2021.10.win32_1.0.0.202111181127/tools/bin/../lib/gcc/arm-none-eabi/10.3.1/../../../../arm-none-eabi/lib/thumb/v7-m/nofp\libc_nano.a(lib_a-errno.o)
                              ./Core/Src/syscalls.o (__errno)
c:/st/stm32cubeide_1.4.0/stm32cubeide/plugins/com.st.stm32cube.ide.mcu.externaltools.gnu-tools-for-stm32.10.3-2021.10.win32_1.0.0.202111181127/tools/bin/../lib/gcc/arm-none-eabi/10.3.1/../../../../arm-none-eabi/lib/thumb/v7-m/nofp\libc_nano.a(lib_a-exit.o)
                              c:/st/stm32cubeide_1.4.0/stm32cubeide/plugins/com.st.stm32cube.ide.mcu.externaltools.gnu-tools-for-stm32.10.3-2021.10.win32_1.0.0.202111181127/tools/bin/../lib/gcc/arm-none-eabi/10.3.1/../../../../arm-none-eabi/lib/thumb/v7-m/nofp/crt0.o (exit)
c:/st/stm32cubeide_1.4.0/stm32cubeide/plugins/com.st.stm32cube.ide.mcu.externaltools.gnu-tools-for-stm32.10.3-2021.10.win32_1.0.0.202111181127/tools/bin/../lib/gcc/arm-none-eabi/10.3.1/../../../../arm-none-eabi/lib/thumb/v7-m/nofp\libc_nano.a(lib_a-impure.o)
                              c:/st/stm32cubeide_1.4.0/stm32cubeide/plugins/com.st.stm32cube.ide.mcu.externaltools.gnu-tools-for-stm32.10.3-2021.10.win32_1.0.0.202111181127/tools/bin/../lib/gcc/arm-none-eabi/10.3.1/../../../../arm-none-eabi/lib/thumb/v7-m/nofp\libc_nano.a(lib_a-exit.o) (_global_impure_ptr)
c:/st/stm32cubeide_1.4.0/stm32cubeide/plugins/com.st.stm32cube.ide.mcu.externaltools.gnu-tools-for-stm32.10.3-2021.10.win32_1.0.0.202111181127/tools/bin/../lib/gcc/arm-none-eabi/10.3.1/../../../../arm-none-eabi/lib/thumb/v7-m/nofp\libc_nano.a(lib_a-init.o)
                              c:/st/stm32cubeide_1.4.0/stm32cubeide/plugins/com.st.stm32cube.ide.mcu.externaltools.gnu-tools-for-stm32.10.3-2021.10.win32_1.0.0.202111181127/tools/bin/../lib/gcc/arm-none-eabi/10.3.1/../../../../arm-none-eabi/lib/thumb/v7-m/nofp/crt0.o (__libc_init_array)
c:/st/stm32cubeide_1.4.0/stm32cubeide/plugins/com.st.stm32cube.ide.mcu.externaltools.gnu-tools-for-stm32.10.3-2021.10.win32_1.0.0.202111181127/tools/bin/../lib/gcc/arm-none-eabi/10.3.1/../../../../arm-none-eabi/lib/thumb/v7-m/nofp\libc_nano.a(lib_a-itoa.o)
                              ./Core/MyLibs/MyFunctions/MyFunctions.o (itoa)
c:/st/stm32cubeide_1.4.0/stm32cubeide/plugins/com.st.stm32cube.ide.mcu.externaltools.gnu-tools-for-stm32.10.3-2021.10.win32_1.0.0.202111181127/tools/bin/../lib/gcc/arm-none-eabi/10.3.1/../../../../arm-none-eabi/lib/thumb/v7-m/nofp\libc_nano.a(lib_a-memcpy-stub.o)
                              ./Core/MyLibs/MyFunctions/MyFunctions.o (memcpy)
c:/st/stm32cubeide_1.4.0/stm32cubeide/plugins/com.st.stm32cube.ide.mcu.externaltools.gnu-tools-for-stm32.10.3-2021.10.win32_1.0.0.202111181127/tools/bin/../lib/gcc/arm-none-eabi/10.3.1/../../../../arm-none-eabi/lib/thumb/v7-m/nofp\libc_nano.a(lib_a-memset.o)
                              c:/st/stm32cubeide_1.4.0/stm32cubeide/plugins/com.st.stm32cube.ide.mcu.externaltools.gnu-tools-for-stm32.10.3-2021.10.win32_1.0.0.202111181127/tools/bin/../lib/gcc/arm-none-eabi/10.3.1/../../../../arm-none-eabi/lib/thumb/v7-m/nofp/crt0.o (memset)
c:/st/stm32cubeide_1.4.0/stm32cubeide/plugins/com.st.stm32cube.ide.mcu.externaltools.gnu-tools-for-stm32.10.3-2021.10.win32_1.0.0.202111181127/tools/bin/../lib/gcc/arm-none-eabi/10.3.1/../../../../arm-none-eabi/lib/thumb/v7-m/nofp\libc_nano.a(lib_a-strtol.o)
                              c:/st/stm32cubeide_1.4.0/stm32cubeide/plugins/com.st.stm32cube.ide.mcu.externaltools.gnu-tools-for-stm32.10.3-2021.10.win32_1.0.0.202111181127/tools/bin/../lib/gcc/arm-none-eabi/10.3.1/../../../../arm-none-eabi/lib/thumb/v7-m/nofp\libc_nano.a(lib_a-atoi.o) (_strtol_r)
c:/st/stm32cubeide_1.4.0/stm32cubeide/plugins/com.st.stm32cube.ide.mcu.externaltools.gnu-tools-for-stm32.10.3-2021.10.win32_1.0.0.202111181127/tools/bin/../lib/gcc/arm-none-eabi/10.3.1/../../../../arm-none-eabi/lib/thumb/v7-m/nofp\libc_nano.a(lib_a-utoa.o)
                              c:/st/stm32cubeide_1.4.0/stm32cubeide/plugins/com.st.stm32cube.ide.mcu.externaltools.gnu-tools-for-stm32.10.3-2021.10.win32_1.0.0.202111181127/tools/bin/../lib/gcc/arm-none-eabi/10.3.1/../../../../arm-none-eabi/lib/thumb/v7-m/nofp\libc_nano.a(lib_a-itoa.o) (__utoa)
c:/st/stm32cubeide_1.4.0/stm32cubeide/plugins/com.st.stm32cube.ide.mcu.externaltools.gnu-tools-for-stm32.10.3-2021.10.win32_1.0.0.202111181127/tools/bin/../lib/gcc/arm-none-eabi/10.3.1/../../../../arm-none-eabi/lib/thumb/v7-m/nofp\libc_nano.a(lib_a-ctype_.o)
[...]
Memory Configuration

Name             Origin             Length             Attributes
RAM              0x0000000020000000 0x0000000000005000 xrw
FLASH            0x0000000008000000 0x0000000000010000 xr
*default*        0x0000000000000000 0xffffffffffffffff

Linker script and memory map

LOAD c:/st/stm32cubeide_1.4.0/stm32cubeide/plugins/com.st.stm32cube.ide.mcu.externaltools.gnu-tools-for-stm32.10.3-2021.10.win32_1.0.0.202111181127/tools/bin/../lib/gcc/arm-none-eabi/10.3.1/thumb/v7-m/nofp/crti.o
LOAD c:/st/stm32cubeide_1.4.0/stm32cubeide/plugins/com.st.stm32cube.ide.mcu.externaltools.gnu-tools-for-stm32.10.3-2021.10.win32_1.0.0.202111181127/tools/bin/../lib/gcc/arm-none-eabi/10.3.1/thumb/v7-m/nofp/crtbegin.o
LOAD c:/st/stm32cubeide_1.4.0/stm32cubeide/plugins/com.st.stm32cube.ide.mcu.externaltools.gnu-tools-for-stm32.10.3-2021.10.win32_1.0.0.202111181127/tools/bin/../lib/gcc/arm-none-eabi/10.3.1/../../../../arm-none-eabi/lib/thumb/v7-m/nofp/crt0.o
LOAD ./Core/MyLibs/LIS3MDL/LIS3MDL.o
LOAD ./Core/MyLibs/MyFunctions/MyFunctions.o
LOAD ./Core/MyLibs/W25Q80DV/W25Q80DV.o
LOAD ./Core/Src/freertos.o
LOAD ./Core/Src/main.o
LOAD ./Core/Src/stm32f1xx_hal_msp.o
LOAD ./Core/Src/stm32f1xx_hal_timebase_tim.o
LOAD ./Core/Src/stm32f1xx_it.o
LOAD ./Core/Src/syscalls.o
LOAD ./Core/Src/sysmem.o
LOAD ./Core/Src/system_stm32f1xx.o
LOAD ./Core/Startup/startup_stm32f103c8tx.o
LOAD ./Drivers/STM32F1xx_HAL_Driver/Src/stm32f1xx_hal.o
LOAD ./Drivers/STM32F1xx_HAL_Driver/Src/stm32f1xx_hal_cortex.o
LOAD ./Drivers/STM32F1xx_HAL_Driver/Src/stm32f1xx_hal_dma.o
LOAD ./Drivers/STM32F1xx_HAL_Driver/Src/stm32f1xx_hal_exti.o
LOAD ./Drivers/STM32F1xx_HAL_Driver/Src/stm32f1xx_hal_flash.o
LOAD ./Drivers/STM32F1xx_HAL_Driver/Src/stm32f1xx_hal_flash_ex.o
LOAD ./Drivers/STM32F1xx_HAL_Driver/Src/stm32f1xx_hal_gpio.o
LOAD ./Drivers/STM32F1xx_HAL_Driver/Src/stm32f1xx_hal_gpio_ex.o
LOAD ./Drivers/STM32F1xx_HAL_Driver/Src/stm32f1xx_hal_i2c.o
LOAD ./Drivers/STM32F1xx_HAL_Driver/Src/stm32f1xx_hal_pwr.o
LOAD ./Drivers/STM32F1xx_HAL_Driver/Src/stm32f1xx_hal_rcc.o
LOAD ./Drivers/STM32F1xx_HAL_Driver/Src/stm32f1xx_hal_rcc_ex.o
LOAD ./Drivers/STM32F1xx_HAL_Driver/Src/stm32f1xx_hal_spi.o
LOAD ./Drivers/STM32F1xx_HAL_Driver/Src/stm32f1xx_hal_tim.o
LOAD ./Drivers/STM32F1xx_HAL_Driver/Src/stm32f1xx_hal_tim_ex.o
LOAD ./Drivers/STM32F1xx_HAL_Driver/Src/stm32f1xx_hal_uart.o
LOAD ./Middlewares/Third_Party/FreeRTOS/Source/CMSIS_RTOS/cmsis_os.o
LOAD ./Middlewares/Third_Party/FreeRTOS/Source/croutine.o
LOAD ./Middlewares/Third_Party/FreeRTOS/Source/event_groups.o
LOAD ./Middlewares/Third_Party/FreeRTOS/Source/list.o
LOAD ./Middlewares/Third_Party/FreeRTOS/Source/queue.o
LOAD ./Middlewares/Third_Party/FreeRTOS/Source/stream_buffer.o
LOAD ./Middlewares/Third_Party/FreeRTOS/Source/tasks.o
LOAD ./Middlewares/Third_Party/FreeRTOS/Source/timers.o
LOAD ./Middlewares/Third_Party/FreeRTOS/Source/portable/GCC/ARM_CM3/port.o
LOAD ./Middlewares/Third_Party/FreeRTOS/Source/portable/MemMang/heap_4.o
START GROUP
LOAD c:/st/stm32cubeide_1.4.0/stm32cubeide/plugins/com.st.stm32cube.ide.mcu.externaltools.gnu-tools-for-stm32.10.3-2021.10.win32_1.0.0.202111181127/tools/bin/../lib/gcc/arm-none-eabi/10.3.1/../../../../arm-none-eabi/lib/thumb/v7-m/nofp\libc_nano.a
LOAD c:/st/stm32cubeide_1.4.0/stm32cubeide/plugins/com.st.stm32cube.ide.mcu.externaltools.gnu-tools-for-stm32.10.3-2021.10.win32_1.0.0.202111181127/tools/bin/../lib/gcc/arm-none-eabi/10.3.1/../../../../arm-none-eabi/lib/thumb/v7-m/nofp\libm.a
END GROUP
START GROUP
LOAD c:/st/stm32cubeide_1.4.0/stm32cubeide/plugins/com.st.stm32cube.ide.mcu.externaltools.gnu-tools-for-stm32.10.3-2021.10.win32_1.0.0.202111181127/tools/bin/../lib/gcc/arm-none-eabi/10.3.1/thumb/v7-m/nofp\libgcc.a
LOAD c:/st/stm32cubeide_1.4.0/stm32cubeide/plugins/com.st.stm32cube.ide.mcu.externaltools.gnu-tools-for-stm32.10.3-2021.10.win32_1.0.0.202111181127/tools/bin/../lib/gcc/arm-none-eabi/10.3.1/../../../../arm-none-eabi/lib/thumb/v7-m/nofp\libc_nano.a
END GROUP
START GROUP
LOAD c:/st/stm32cubeide_1.4.0/stm32cubeide/plugins/com.st.stm32cube.ide.mcu.externaltools.gnu-tools-for-stm32.10.3-2021.10.win32_1.0.0.202111181127/tools/bin/../lib/gcc/arm-none-eabi/10.3.1/thumb/v7-m/nofp\libgcc.a
LOAD c:/st/stm32cubeide_1.4.0/stm32cubeide/plugins/com.st.stm32cube.ide.mcu.externaltools.gnu-tools-for-stm32.10.3-2021.10.win32_1.0.0.202111181127/tools/bin/../lib/gcc/arm-none-eabi/10.3.1/../../../../arm-none-eabi/lib/thumb/v7-m/nofp\libc_nano.a
LOAD c:/st/stm32cubeide_1.4.0/stm32cubeide/plugins/com.st.stm32cube.ide.mcu.externaltools.gnu-tools-for-stm32.10.3-2021.10.win32_1.0.0.202111181127/tools/bin/../lib/gcc/arm-none-eabi/10.3.1/../../../../arm-none-eabi/lib/thumb/v7-m/nofp\libnosys.a
END GROUP
START GROUP
LOAD c:/st/stm32cubeide_1.4.0/stm32cubeide/plugins/com.st.stm32cube.ide.mcu.externaltools.gnu-tools-for-stm32.10.3-2021.10.win32_1.0.0.202111181127/tools/bin/../lib/gcc/arm-none-eabi/10.3.1/thumb/v7-m/nofp\libgcc.a
LOAD c:/st/stm32cubeide_1.4.0/stm32cubeide/plugins/com.st.stm32cube.ide.mcu.externaltools.gnu-tools-for-stm32.10.3-2021.10.win32_1.0.0.202111181127/tools/bin/../lib/gcc/arm-none-eabi/10.3.1/../../../../arm-none-eabi/lib/thumb/v7-m/nofp\libc_nano.a
LOAD c:/st/stm32cubeide_1.4.0/stm32cubeide/plugins/com.st.stm32cube.ide.mcu.externaltools.gnu-tools-for-stm32.10.3-2021.10.win32_1.0.0.202111181127/tools/bin/../lib/gcc/arm-none-eabi/10.3.1/../../../../arm-none-eabi/lib/thumb/v7-m/nofp\libnosys.a
END GROUP
LOAD c:/st/stm32cubeide_1.4.0/stm32cubeide/plugins/com.st.stm32cube.ide.mcu.externaltools.gnu-tools-for-stm32.10.3-2021.10.win32_1.0.0.202111181127/tools/bin/../lib/gcc/arm-none-eabi/10.3.1/thumb/v7-m/nofp/crtend.o
LOAD c:/st/stm32cubeide_1.4.0/stm32cubeide/plugins/com.st.stm32cube.ide.mcu.externaltools.gnu-tools-for-stm32.10.3-2021.10.win32_1.0.0.202111181127/tools/bin/../lib/gcc/arm-none-eabi/10.3.1/thumb/v7-m/nofp/crtn.o
                0x0000000020005000                _estack = (ORIGIN (RAM) + LENGTH (RAM))
                0x0000000000000200                _Min_Heap_Size = 0x200
                0x0000000000000400                _Min_Stack_Size = 0x400

.isr_vector     0x0000000008000000      0x10c
                0x0000000008000000                . = ALIGN (0x4)
 *(.isr_vector)
 .isr_vector    0x0000000008000000      0x10c ./Core/Startup/startup_stm32f103c8tx.o
                0x0000000008000000                g_pfnVectors
                0x000000000800010c                . = ALIGN (0x4)

.text           0x0000000008000110     0x8760
                0x0000000008000110                . = ALIGN (0x4)
 *(.text)
 .text          0x0000000008000110       0x40 c:/st/stm32cubeide_1.4.0/stm32cubeide/plugins/com.st.stm32cube.ide.mcu.externaltools.gnu-tools-for-stm32.10.3-2021.10.win32_1.0.0.202111181127/tools/bin/../lib/gcc/arm-none-eabi/10.3.1/thumb/v7-m/nofp/crtbegin.o
 .text          0x0000000008000150      0x168 c:/st/stm32cubeide_1.4.0/stm32cubeide/plugins/com.st.stm32cube.ide.mcu.externaltools.gnu-tools-for-stm32.10.3-2021.10.win32_1.0.0.202111181127/tools/bin/../lib/gcc/arm-none-eabi/10.3.1/thumb/v7-m/nofp\libgcc.a(_arm_mulsf3.o)
                0x0000000008000150                __aeabi_fmul
                0x0000000008000150                __mulsf3
 .text          0x00000000080002b8      0x378 c:/st/stm32cubeide_1.4.0/stm32cubeide/plugins/com.st.stm32cube.ide.mcu.externaltools.gnu-tools-for-stm32.10.3-2021.10.win32_1.0.0.202111181127/tools/bin/../lib/gcc/arm-none-eabi/10.3.1/thumb/v7-m/nofp\libgcc.a(_arm_addsubdf3.o)
                0x00000000080002b8                __aeabi_drsub
                0x00000000080002c0                __aeabi_dsub
                0x00000000080002c0                __subdf3
                0x00000000080002c4                __aeabi_dadd
                0x00000000080002c4                __adddf3
                0x000000000800053c                __floatunsidf
                0x000000000800053c                __aeabi_ui2d
                0x000000000800055c                __floatsidf
                0x000000000800055c                __aeabi_i2d
                0x0000000008000580                __aeabi_f2d
                0x0000000008000580                __extendsfdf2
                0x00000000080005c4                __floatundidf
                0x00000000080005c4                __aeabi_ul2d
                0x00000000080005d4                __floatdidf
                0x00000000080005d4                __aeabi_l2d
 .text          0x0000000008000630       0xa0 c:/st/stm32cubeide_1.4.0/stm32cubeide/plugins/com.st.stm32cube.ide.mcu.externaltools.gnu-tools-for-stm32.10.3-2021.10.win32_1.0.0.202111181127/tools/bin/../lib/gcc/arm-none-eabi/10.3.1/thumb/v7-m/nofp\libgcc.a(_arm_truncdfsf2.o)
                0x0000000008000630                __truncdfsf2
                0x0000000008000630                __aeabi_d2f
 .text          0x00000000080006d0      0x21c c:/st/stm32cubeide_1.4.0/stm32cubeide/plugins/com.st.stm32cube.ide.mcu.externaltools.gnu-tools-for-stm32.10.3-2021.10.win32_1.0.0.202111181127/tools/bin/../lib/gcc/arm-none-eabi/10.3.1/thumb/v7-m/nofp\libgcc.a(_arm_addsubsf3.o)
                0x00000000080006d0                __aeabi_frsub
                0x00000000080006d8                __subsf3
                0x00000000080006d8                __aeabi_fsub
                0x00000000080006dc                __aeabi_fadd
                0x00000000080006dc                __addsf3
                0x000000000800083c                __aeabi_ui2f
                0x000000000800083c                __floatunsisf
                0x0000000008000844                __aeabi_i2f
                0x0000000008000844                __floatsisf
                0x0000000008000860                __aeabi_ul2f
                0x0000000008000860                __floatundisf
                0x0000000008000870                __aeabi_l2f
                0x0000000008000870                __floatdisf
 *(.text*)
 .text.lis3mdl_Init
                0x00000000080008ec      0x11c ./Core/MyLibs/LIS3MDL/LIS3MDL.o
                0x00000000080008ec                lis3mdl_Init
 .text.lis3mdl_DataReady
                0x0000000008000a08       0x2e ./Core/MyLibs/LIS3MDL/LIS3MDL.o
                0x0000000008000a08                lis3mdl_DataReady
 *fill*         0x0000000008000a36        0x2 
 .text.lis3mdl_ReadMagnetometer
                0x0000000008000a38       0xe4 ./Core/MyLibs/LIS3MDL/LIS3MDL.o
                0x0000000008000a38                lis3mdl_ReadMagnetometer
 .text.lis3mdl_ReadTemperature
                0x0000000008000b1c       0x64 ./Core/MyLibs/LIS3MDL/LIS3MDL.o
                0x0000000008000b1c                lis3mdl_ReadTemperature
 .text.lis3mdl_ConvertToStoreData
                0x0000000008000b80       0x4a ./Core/MyLibs/LIS3MDL/LIS3MDL.o
                0x0000000008000b80                lis3mdl_ConvertToStoreData
 .text.lis3mdl_ReadRegister
                0x0000000008000bca       0x36 ./Core/MyLibs/LIS3MDL/LIS3MDL.o
                0x0000000008000bca                lis3mdl_ReadRegister
 .text.lis3mdl_WriteRegister
                0x0000000008000c00       0x36 ./Core/MyLibs/LIS3MDL/LIS3MDL.o
                0x0000000008000c00                lis3mdl_WriteRegister
 .text.lis3mdl_ReadRegisters
                0x0000000008000c36       0x3e ./Core/MyLibs/LIS3MDL/LIS3MDL.o
                0x0000000008000c36                lis3mdl_ReadRegisters
 .text.StoreUSARTData
                0x0000000008000c74       0xcc ./Core/MyLibs/MyFunctions/MyFunctions.o
                0x0000000008000c74                StoreUSARTData
 .text.DecodeReceivedData
                0x0000000008000d40       0xe8 ./Core/MyLibs/MyFunctions/MyFunctions.o
                0x0000000008000d40                DecodeReceivedData
 .text.PrintString
                0x0000000008000e28       0x2c ./Core/MyLibs/MyFunctions/MyFunctions.o
                0x0000000008000e28                PrintString
 .text.PrintIntFormat
                0x0000000008000e54       0x60 ./Core/MyLibs/MyFunctions/MyFunctions.o
                0x0000000008000e54                PrintIntFormat
 .text.w25q80dv_Read
                0x0000000008000eb4       0x64 ./Core/MyLibs/W25Q80DV/W25Q80DV.o
                0x0000000008000eb4                w25q80dv_Read
 .text.w25q80dv_Write
                0x0000000008000f18       0x4e ./Core/MyLibs/W25Q80DV/W25Q80DV.o
                0x0000000008000f18                w25q80dv_Write
 *fill*         0x0000000008000f66        0x2 
 .text.w25q80dv_InstructionReadID
                0x0000000008000f68       0x48 ./Core/MyLibs/W25Q80DV/W25Q80DV.o
                0x0000000008000f68                w25q80dv_InstructionReadID
 .text.w25q80dv_InstructionWriteEnable
                0x0000000008000fb0       0x24 ./Core/MyLibs/W25Q80DV/W25Q80DV.o
                0x0000000008000fb0                w25q80dv_InstructionWriteEnable
 .text.w25q80dv_InstructionReadStatusRegister
                0x0000000008000fd4       0x58 ./Core/MyLibs/W25Q80DV/W25Q80DV.o
                0x0000000008000fd4                w25q80dv_InstructionReadStatusRegister
 .text.w25q80dv_InstructionWaitForWriteEnd
                0x000000000800102c       0x2e ./Core/MyLibs/W25Q80DV/W25Q80DV.o
                0x000000000800102c                w25q80dv_InstructionWaitForWriteEnd
 .text.w25q80dv_Init
                0x000000000800105a       0x70 ./Core/MyLibs/W25Q80DV/W25Q80DV.o
                0x000000000800105a                w25q80dv_Init
 .text.w25q80dv_InitAddress
                0x00000000080010ca       0x7c ./Core/MyLibs/W25Q80DV/W25Q80DV.o
                0x00000000080010ca                w25q80dv_InitAddress
 .text.w25q80dv_EraseChip
                0x0000000008001146       0x50 ./Core/MyLibs/W25Q80DV/W25Q80DV.o
                0x0000000008001146                w25q80dv_EraseChip
 .text.w25q80dv_WriteBytes
                0x0000000008001196      0x124 ./Core/MyLibs/W25Q80DV/W25Q80DV.o
                0x0000000008001196                w25q80dv_WriteBytes
 .text.w25q80dv_ReadBytes
                0x00000000080012ba       0x64 ./Core/MyLibs/W25Q80DV/W25Q80DV.o
                0x00000000080012ba                w25q80dv_ReadBytes
 *fill*         0x000000000800131e        0x2 
 .text.vApplicationGetIdleTaskMemory
                0x0000000008001320       0x30 ./Core/Src/freertos.o
                0x0000000008001320                vApplicationGetIdleTaskMemory
 .text.main     0x0000000008001350      0x14c ./Core/Src/main.o
                0x0000000008001350                main
 .text.SystemClock_Config
                0x000000000800149c       0x8a ./Core/Src/main.o
                0x000000000800149c                SystemClock_Config
 *fill*         0x0000000008001526        0x2 
 .text.MX_I2C1_Init
                0x0000000008001528       0x5c ./Core/Src/main.o
 .text.MX_SPI1_Init
                0x0000000008001584       0x6c ./Core/Src/main.o
 .text.MX_USART1_UART_Init
                0x00000000080015f0       0x74 ./Core/Src/main.o
 .text.MX_DMA_Init
                0x0000000008001664       0x3c ./Core/Src/main.o
 .text.MX_GPIO_Init
                0x00000000080016a0      0x10c ./Core/Src/main.o
 .text.HAL_UARTEx_RxEventCallback
                0x00000000080017ac       0x68 ./Core/Src/main.o
                0x00000000080017ac                HAL_UARTEx_RxEventCallback
 .text.measurementFunction
                0x0000000008001814       0x80 ./Core/Src/main.o
                0x0000000008001814                measurementFunction
 .text.recordingFunction
                0x0000000008001894       0x70 ./Core/Src/main.o
                0x0000000008001894                recordingFunction
 .text.receptionFunction
                0x0000000008001904       0x88 ./Core/Src/main.o
                0x0000000008001904                receptionFunction
 .text.sendingFunction
                0x000000000800198c       0x10 ./Core/Src/main.o
                0x000000000800198c                sendingFunction
 .text.HAL_TIM_PeriodElapsedCallback
                0x000000000800199c       0x24 ./Core/Src/main.o
                0x000000000800199c                HAL_TIM_PeriodElapsedCallback
 .text.Error_Handler
                0x00000000080019c0        0xa ./Core/Src/main.o
                0x00000000080019c0                Error_Handler
 *fill*         0x00000000080019ca        0x2 
 .text.HAL_MspInit
                0x00000000080019cc       0x70 ./Core/Src/stm32f1xx_hal_msp.o
                0x00000000080019cc                HAL_MspInit
 .text.HAL_I2C_MspInit
                0x0000000008001a3c       0x7c ./Core/Src/stm32f1xx_hal_msp.o
                0x0000000008001a3c                HAL_I2C_MspInit
 .text.HAL_SPI_MspInit
                0x0000000008001ab8       0x94 ./Core/Src/stm32f1xx_hal_msp.o
                0x0000000008001ab8                HAL_SPI_MspInit
 .text.HAL_UART_MspInit
                0x0000000008001b4c       0xfc ./Core/Src/stm32f1xx_hal_msp.o
                0x0000000008001b4c                HAL_UART_MspInit
 .text.HAL_InitTick
                0x0000000008001c48       0xe4 ./Core/Src/stm32f1xx_hal_timebase_tim.o
                0x0000000008001c48                HAL_InitTick
 .text.NMI_Handler
                0x0000000008001d2c        0x6 ./Core/Src/stm32f1xx_it.o
                0x0000000008001d2c                NMI_Handler
 .text.HardFault_Handler
                0x0000000008001d32        0x6 ./Core/Src/stm32f1xx_it.o
                0x0000000008001d32                HardFault_Handler
 .text.MemManage_Handler
                0x0000000008001d38        0x6 ./Core/Src/stm32f1xx_it.o
                0x0000000008001d38                MemManage_Handler
 .text.BusFault_Handler
                0x0000000008001d3e        0x6 ./Core/Src/stm32f1xx_it.o
                0x0000000008001d3e                BusFault_Handler
 .text.UsageFault_Handler
                0x0000000008001d44        0x6 ./Core/Src/stm32f1xx_it.o
                0x0000000008001d44                UsageFault_Handler
 .text.DebugMon_Handler
                0x0000000008001d4a        0xc ./Core/Src/stm32f1xx_it.o
                0x0000000008001d4a                DebugMon_Handler
 *fill*         0x0000000008001d56        0x2 
 .text.DMA1_Channel5_IRQHandler
                0x0000000008001d58       0x14 ./Core/Src/stm32f1xx_it.o
                0x0000000008001d58                DMA1_Channel5_IRQHandler
 .text.TIM1_UP_IRQHandler
                0x0000000008001d6c       0x14 ./Core/Src/stm32f1xx_it.o
                0x0000000008001d6c                TIM1_UP_IRQHandler
 .text.USART1_IRQHandler
                0x0000000008001d80       0x14 ./Core/Src/stm32f1xx_it.o
                0x0000000008001d80                USART1_IRQHandler
 .text.EXTI15_10_IRQHandler
                0x0000000008001d94       0x10 ./Core/Src/stm32f1xx_it.o
                0x0000000008001d94                EXTI15_10_IRQHandler
 .text.SystemInit
                0x0000000008001da4        0xc ./Core/Src/system_stm32f1xx.o
                0x0000000008001da4                SystemInit
 .text.Reset_Handler
                0x0000000008001db0       0x48 ./Core/Startup/startup_stm32f103c8tx.o
                0x0000000008001db0                Reset_Handler
 .text.Default_Handler
                0x0000000008001df8        0x2 ./Core/Startup/startup_stm32f103c8tx.o
                0x0000000008001df8                RTC_Alarm_IRQHandler
                0x0000000008001df8                EXTI2_IRQHandler
                0x0000000008001df8                TIM1_CC_IRQHandler
                0x0000000008001df8                PVD_IRQHandler
                0x0000000008001df8                EXTI3_IRQHandler
                0x0000000008001df8                EXTI0_IRQHandler
                0x0000000008001df8                I2C2_EV_IRQHandler
                0x0000000008001df8                ADC1_2_IRQHandler
                0x0000000008001df8                SPI1_IRQHandler
                0x0000000008001df8                TAMPER_IRQHandler
                0x0000000008001df8                DMA1_Channel4_IRQHandler
                0x0000000008001df8                USART3_IRQHandler
                0x0000000008001df8                RTC_IRQHandler
                0x0000000008001df8                DMA1_Channel7_IRQHandler
                0x0000000008001df8                CAN1_RX1_IRQHandler
                0x0000000008001df8                TIM4_IRQHandler
                0x0000000008001df8                I2C1_EV_IRQHandler
                0x0000000008001df8                DMA1_Channel6_IRQHandler
                0x0000000008001df8                TIM3_IRQHandler
                0x0000000008001df8                RCC_IRQHandler
                0x0000000008001df8                TIM1_TRG_COM_IRQHandler
                0x0000000008001df8                DMA1_Channel1_IRQHandler
                0x0000000008001df8                Default_Handler
                0x0000000008001df8                EXTI9_5_IRQHandler
                0x0000000008001df8                SPI2_IRQHandler
                0x0000000008001df8                EXTI4_IRQHandler
                0x0000000008001df8                USB_LP_CAN1_RX0_IRQHandler
                0x0000000008001df8                USB_HP_CAN1_TX_IRQHandler
                0x0000000008001df8                DMA1_Channel3_IRQHandler
                0x0000000008001df8                WWDG_IRQHandler
                0x0000000008001df8                TIM2_IRQHandler
                0x0000000008001df8                TIM1_BRK_IRQHandler
                0x0000000008001df8                EXTI1_IRQHandler
                0x0000000008001df8                USART2_IRQHandler
                0x0000000008001df8                I2C2_ER_IRQHandler
                0x0000000008001df8                DMA1_Channel2_IRQHandler
                0x0000000008001df8                CAN1_SCE_IRQHandler
                0x0000000008001df8                FLASH_IRQHandler
                0x0000000008001df8                I2C1_ER_IRQHandler
                0x0000000008001df8                USBWakeUp_IRQHandler
 *fill*         0x0000000008001dfa        0x2 
 .text.HAL_Init
                0x0000000008001dfc       0x2c ./Drivers/STM32F1xx_HAL_Driver/Src/stm32f1xx_hal.o
                0x0000000008001dfc                HAL_Init
 .text.HAL_IncTick
                0x0000000008001e28       0x24 ./Drivers/STM32F1xx_HAL_Driver/Src/stm32f1xx_hal.o
                0x0000000008001e28                HAL_IncTick
 .text.HAL_GetTick
                0x0000000008001e4c       0x14 ./Drivers/STM32F1xx_HAL_Driver/Src/stm32f1xx_hal.o
                0x0000000008001e4c                HAL_GetTick
 .text.__NVIC_SetPriorityGrouping
                0x0000000008001e60       0x48 ./Drivers/STM32F1xx_HAL_Driver/Src/stm32f1xx_hal_cortex.o
 .text.__NVIC_GetPriorityGrouping
                0x0000000008001ea8       0x1c ./Drivers/STM32F1xx_HAL_Driver/Src/stm32f1xx_hal_cortex.o
 .text.__NVIC_EnableIRQ
                0x0000000008001ec4       0x38 ./Drivers/STM32F1xx_HAL_Driver/Src/stm32f1xx_hal_cortex.o
 .text.__NVIC_SetPriority
                0x0000000008001efc       0x54 ./Drivers/STM32F1xx_HAL_Driver/Src/stm32f1xx_hal_cortex.o
 .text.NVIC_EncodePriority
                0x0000000008001f50       0x64 ./Drivers/STM32F1xx_HAL_Driver/Src/stm32f1xx_hal_cortex.o
 .text.HAL_NVIC_SetPriorityGrouping
                0x0000000008001fb4       0x16 ./Drivers/STM32F1xx_HAL_Driver/Src/stm32f1xx_hal_cortex.o
                0x0000000008001fb4                HAL_NVIC_SetPriorityGrouping
 .text.HAL_NVIC_SetPriority
                0x0000000008001fca       0x38 ./Drivers/STM32F1xx_HAL_Driver/Src/stm32f1xx_hal_cortex.o
                0x0000000008001fca                HAL_NVIC_SetPriority
 .text.HAL_NVIC_EnableIRQ
                0x0000000008002002       0x1c ./Drivers/STM32F1xx_HAL_Driver/Src/stm32f1xx_hal_cortex.o
                0x0000000008002002                HAL_NVIC_EnableIRQ
 *fill*         0x000000000800201e        0x2 
 .text.HAL_DMA_Init
                0x0000000008002020       0xb4 ./Drivers/STM32F1xx_HAL_Driver/Src/stm32f1xx_hal_dma.o
                0x0000000008002020                HAL_DMA_Init
 .text.HAL_DMA_Start_IT
                0x00000000080020d4       0xbe ./Drivers/STM32F1xx_HAL_Driver/Src/stm32f1xx_hal_dma.o
                0x00000000080020d4                HAL_DMA_Start_IT
 .text.HAL_DMA_Abort
                0x0000000008002192       0x74 ./Drivers/STM32F1xx_HAL_Driver/Src/stm32f1xx_hal_dma.o
                0x0000000008002192                HAL_DMA_Abort
 *fill*         0x0000000008002206        0x2 
 .text.HAL_DMA_Abort_IT
                0x0000000008002208       0xec ./Drivers/STM32F1xx_HAL_Driver/Src/stm32f1xx_hal_dma.o
                0x0000000008002208                HAL_DMA_Abort_IT
 .text.HAL_DMA_IRQHandler
                0x00000000080022f4      0x20c ./Drivers/STM32F1xx_HAL_Driver/Src/stm32f1xx_hal_dma.o
                0x00000000080022f4                HAL_DMA_IRQHandler
 .text.DMA_SetConfig
                0x0000000008002500       0x5a ./Drivers/STM32F1xx_HAL_Driver/Src/stm32f1xx_hal_dma.o
 *fill*         0x000000000800255a        0x2 
 .text.HAL_GPIO_Init
                0x000000000800255c      0x308 ./Drivers/STM32F1xx_HAL_Driver/Src/stm32f1xx_hal_gpio.o
                0x000000000800255c                HAL_GPIO_Init
 .text.HAL_GPIO_WritePin
                0x0000000008002864       0x30 ./Drivers/STM32F1xx_HAL_Driver/Src/stm32f1xx_hal_gpio.o
                0x0000000008002864                HAL_GPIO_WritePin
 .text.HAL_GPIO_EXTI_IRQHandler
                0x0000000008002894       0x30 ./Drivers/STM32F1xx_HAL_Driver/Src/stm32f1xx_hal_gpio.o
                0x0000000008002894                HAL_GPIO_EXTI_IRQHandler
 .text.HAL_GPIO_EXTI_Callback
                0x00000000080028c4       0x14 ./Drivers/STM32F1xx_HAL_Driver/Src/stm32f1xx_hal_gpio.o
                0x00000000080028c4                HAL_GPIO_EXTI_Callback
 .text.HAL_I2C_Init
                0x00000000080028d8      0x288 ./Drivers/STM32F1xx_HAL_Driver/Src/stm32f1xx_hal_i2c.o
                0x00000000080028d8                HAL_I2C_Init
 .text.HAL_I2C_Mem_Write
                0x0000000008002b60      0x1f4 ./Drivers/STM32F1xx_HAL_Driver/Src/stm32f1xx_hal_i2c.o
                0x0000000008002b60                HAL_I2C_Mem_Write
 .text.HAL_I2C_Mem_Read
                0x0000000008002d54      0x4d0 ./Drivers/STM32F1xx_HAL_Driver/Src/stm32f1xx_hal_i2c.o
                0x0000000008002d54                HAL_I2C_Mem_Read
 .text.I2C_RequestMemoryWrite
                0x0000000008003224      0x12c ./Drivers/STM32F1xx_HAL_Driver/Src/stm32f1xx_hal_i2c.o
 .text.I2C_RequestMemoryRead
                0x0000000008003350      0x1d0 ./Drivers/STM32F1xx_HAL_Driver/Src/stm32f1xx_hal_i2c.o
 .text.I2C_WaitOnFlagUntilTimeout
                0x0000000008003520       0xae ./Drivers/STM32F1xx_HAL_Driver/Src/stm32f1xx_hal_i2c.o
 .text.I2C_WaitOnMasterAddressFlagUntilTimeout
                0x00000000080035ce       0xfe ./Drivers/STM32F1xx_HAL_Driver/Src/stm32f1xx_hal_i2c.o
 .text.I2C_WaitOnTXEFlagUntilTimeout
                0x00000000080036cc       0x82 ./Drivers/STM32F1xx_HAL_Driver/Src/stm32f1xx_hal_i2c.o
 .text.I2C_WaitOnBTFFlagUntilTimeout
                0x000000000800374e       0x82 ./Drivers/STM32F1xx_HAL_Driver/Src/stm32f1xx_hal_i2c.o
 .text.I2C_WaitOnRXNEFlagUntilTimeout
                0x00000000080037d0       0xac ./Drivers/STM32F1xx_HAL_Driver/Src/stm32f1xx_hal_i2c.o
 .text.I2C_IsAcknowledgeFailed
                0x000000000800387c       0x5c ./Drivers/STM32F1xx_HAL_Driver/Src/stm32f1xx_hal_i2c.o
 .text.HAL_RCC_OscConfig
                0x00000000080038d8      0x504 ./Drivers/STM32F1xx_HAL_Driver/Src/stm32f1xx_hal_rcc.o
                0x00000000080038d8                HAL_RCC_OscConfig
 .text.HAL_RCC_ClockConfig
                0x0000000008003ddc      0x1d4 ./Drivers/STM32F1xx_HAL_Driver/Src/stm32f1xx_hal_rcc.o
                0x0000000008003ddc                HAL_RCC_ClockConfig
 .text.HAL_RCC_GetSysClockFreq
                0x0000000008003fb0       0xbc ./Drivers/STM32F1xx_HAL_Driver/Src/stm32f1xx_hal_rcc.o
                0x0000000008003fb0                HAL_RCC_GetSysClockFreq
 .text.HAL_RCC_GetHCLKFreq
                0x000000000800406c       0x14 ./Drivers/STM32F1xx_HAL_Driver/Src/stm32f1xx_hal_rcc.o
                0x000000000800406c                HAL_RCC_GetHCLKFreq
 .text.HAL_RCC_GetPCLK1Freq
                0x0000000008004080       0x28 ./Drivers/STM32F1xx_HAL_Driver/Src/stm32f1xx_hal_rcc.o
                0x0000000008004080                HAL_RCC_GetPCLK1Freq
 .text.HAL_RCC_GetPCLK2Freq
                0x00000000080040a8       0x28 ./Drivers/STM32F1xx_HAL_Driver/Src/stm32f1xx_hal_rcc.o
                0x00000000080040a8                HAL_RCC_GetPCLK2Freq
 .text.HAL_RCC_GetClockConfig
                0x00000000080040d0       0x60 ./Drivers/STM32F1xx_HAL_Driver/Src/stm32f1xx_hal_rcc.o
                0x00000000080040d0                HAL_RCC_GetClockConfig
 .text.RCC_Delay
                0x0000000008004130       0x3c ./Drivers/STM32F1xx_HAL_Driver/Src/stm32f1xx_hal_rcc.o
 .text.HAL_SPI_Init
                0x000000000800416c      0x108 ./Drivers/STM32F1xx_HAL_Driver/Src/stm32f1xx_hal_spi.o
                0x000000000800416c                HAL_SPI_Init
 .text.HAL_SPI_Transmit
                0x0000000008004274      0x278 ./Drivers/STM32F1xx_HAL_Driver/Src/stm32f1xx_hal_spi.o
                0x0000000008004274                HAL_SPI_Transmit
 .text.HAL_SPI_Receive
                0x00000000080044ec      0x222 ./Drivers/STM32F1xx_HAL_Driver/Src/stm32f1xx_hal_spi.o
                0x00000000080044ec                HAL_SPI_Receive
 .text.HAL_SPI_TransmitReceive
                0x000000000800470e      0x344 ./Drivers/STM32F1xx_HAL_Driver/Src/stm32f1xx_hal_spi.o
                0x000000000800470e                HAL_SPI_TransmitReceive
 *fill*         0x0000000008004a52        0x2 
 .text.SPI_WaitFlagStateUntilTimeout
                0x0000000008004a54      0x110 ./Drivers/STM32F1xx_HAL_Driver/Src/stm32f1xx_hal_spi.o
 .text.SPI_EndRxTransaction
                0x0000000008004b64       0xa4 ./Drivers/STM32F1xx_HAL_Driver/Src/stm32f1xx_hal_spi.o
 .text.SPI_EndRxTxTransaction
                0x0000000008004c08       0x3c ./Drivers/STM32F1xx_HAL_Driver/Src/stm32f1xx_hal_spi.o
 .text.HAL_TIM_Base_Init
                0x0000000008004c44       0x9e ./Drivers/STM32F1xx_HAL_Driver/Src/stm32f1xx_hal_tim.o
                0x0000000008004c44                HAL_TIM_Base_Init
 .text.HAL_TIM_Base_MspInit
                0x0000000008004ce2       0x12 ./Drivers/STM32F1xx_HAL_Driver/Src/stm32f1xx_hal_tim.o
                0x0000000008004ce2                HAL_TIM_Base_MspInit
 .text.HAL_TIM_Base_Start_IT
                0x0000000008004cf4       0xa4 ./Drivers/STM32F1xx_HAL_Driver/Src/stm32f1xx_hal_tim.o
                0x0000000008004cf4                HAL_TIM_Base_Start_IT
 .text.HAL_TIM_IRQHandler
                0x0000000008004d98      0x210 ./Drivers/STM32F1xx_HAL_Driver/Src/stm32f1xx_hal_tim.o
                0x0000000008004d98                HAL_TIM_IRQHandler
 .text.HAL_TIM_OC_DelayElapsedCallback
                0x0000000008004fa8       0x12 ./Drivers/STM32F1xx_HAL_Driver/Src/stm32f1xx_hal_tim.o
                0x0000000008004fa8                HAL_TIM_OC_DelayElapsedCallback
 .text.HAL_TIM_IC_CaptureCallback
                0x0000000008004fba       0x12 ./Drivers/STM32F1xx_HAL_Driver/Src/stm32f1xx_hal_tim.o
                0x0000000008004fba                HAL_TIM_IC_CaptureCallback
 .text.HAL_TIM_PWM_PulseFinishedCallback
                0x0000000008004fcc       0x12 ./Drivers/STM32F1xx_HAL_Driver/Src/stm32f1xx_hal_tim.o
                0x0000000008004fcc                HAL_TIM_PWM_PulseFinishedCallback
 .text.HAL_TIM_TriggerCallback
                0x0000000008004fde       0x12 ./Drivers/STM32F1xx_HAL_Driver/Src/stm32f1xx_hal_tim.o
                0x0000000008004fde                HAL_TIM_TriggerCallback
 .text.TIM_Base_SetConfig
                0x0000000008004ff0       0xc4 ./Drivers/STM32F1xx_HAL_Driver/Src/stm32f1xx_hal_tim.o
                0x0000000008004ff0                TIM_Base_SetConfig
 .text.HAL_TIMEx_CommutCallback
                0x00000000080050b4       0x12 ./Drivers/STM32F1xx_HAL_Driver/Src/stm32f1xx_hal_tim_ex.o
                0x00000000080050b4                HAL_TIMEx_CommutCallback
 .text.HAL_TIMEx_BreakCallback
                0x00000000080050c6       0x12 ./Drivers/STM32F1xx_HAL_Driver/Src/stm32f1xx_hal_tim_ex.o
                0x00000000080050c6                HAL_TIMEx_BreakCallback
 .text.HAL_UART_Init
                0x00000000080050d8       0x9a ./Drivers/STM32F1xx_HAL_Driver/Src/stm32f1xx_hal_uart.o
                0x00000000080050d8                HAL_UART_Init
 .text.HAL_UART_Transmit
                0x0000000008005172      0x124 ./Drivers/STM32F1xx_HAL_Driver/Src/stm32f1xx_hal_uart.o
                0x0000000008005172                HAL_UART_Transmit
 .text.HAL_UARTEx_ReceiveToIdle_DMA
                0x0000000008005296       0x9e ./Drivers/STM32F1xx_HAL_Driver/Src/stm32f1xx_hal_uart.o
                0x0000000008005296                HAL_UARTEx_ReceiveToIdle_DMA
 .text.HAL_UART_IRQHandler
                0x0000000008005334      0x354 ./Drivers/STM32F1xx_HAL_Driver/Src/stm32f1xx_hal_uart.o
                0x0000000008005334                HAL_UART_IRQHandler
 .text.HAL_UART_TxCpltCallback
                0x0000000008005688       0x12 ./Drivers/STM32F1xx_HAL_Driver/Src/stm32f1xx_hal_uart.o
                0x0000000008005688                HAL_UART_TxCpltCallback
 .text.HAL_UART_RxCpltCallback
                0x000000000800569a       0x12 ./Drivers/STM32F1xx_HAL_Driver/Src/stm32f1xx_hal_uart.o
                0x000000000800569a                HAL_UART_RxCpltCallback
 .text.HAL_UART_RxHalfCpltCallback
                0x00000000080056ac       0x12 ./Drivers/STM32F1xx_HAL_Driver/Src/stm32f1xx_hal_uart.o
                0x00000000080056ac                HAL_UART_RxHalfCpltCallback
 .text.HAL_UART_ErrorCallback
                0x00000000080056be       0x12 ./Drivers/STM32F1xx_HAL_Driver/Src/stm32f1xx_hal_uart.o
                0x00000000080056be                HAL_UART_ErrorCallback
 .text.UART_DMAReceiveCplt
                0x00000000080056d0       0x96 ./Drivers/STM32F1xx_HAL_Driver/Src/stm32f1xx_hal_uart.o
 .text.UART_DMARxHalfCplt
                0x0000000008005766       0x36 ./Drivers/STM32F1xx_HAL_Driver/Src/stm32f1xx_hal_uart.o
 .text.UART_DMAError
                0x000000000800579c       0x94 ./Drivers/STM32F1xx_HAL_Driver/Src/stm32f1xx_hal_uart.o
 .text.UART_WaitOnFlagUntilTimeout
                0x0000000008005830       0x94 ./Drivers/STM32F1xx_HAL_Driver/Src/stm32f1xx_hal_uart.o
 .text.UART_Start_Receive_DMA
                0x00000000080058c4       0xc8 ./Drivers/STM32F1xx_HAL_Driver/Src/stm32f1xx_hal_uart.o
                0x00000000080058c4                UART_Start_Receive_DMA
 .text.UART_EndTxTransfer
                0x000000000800598c       0x2a ./Drivers/STM32F1xx_HAL_Driver/Src/stm32f1xx_hal_uart.o
 .text.UART_EndRxTransfer
                0x00000000080059b6       0x58 ./Drivers/STM32F1xx_HAL_Driver/Src/stm32f1xx_hal_uart.o
 .text.UART_DMAAbortOnError
                0x0000000008005a0e       0x28 ./Drivers/STM32F1xx_HAL_Driver/Src/stm32f1xx_hal_uart.o
 .text.UART_Transmit_IT
                0x0000000008005a36       0x9e ./Drivers/STM32F1xx_HAL_Driver/Src/stm32f1xx_hal_uart.o
 .text.UART_EndTransmit_IT
                0x0000000008005ad4       0x30 ./Drivers/STM32F1xx_HAL_Driver/Src/stm32f1xx_hal_uart.o
 .text.UART_Receive_IT
                0x0000000008005b04      0x152 ./Drivers/STM32F1xx_HAL_Driver/Src/stm32f1xx_hal_uart.o
 *fill*         0x0000000008005c56        0x2 
 .text.UART_SetConfig
                0x0000000008005c58      0x11c ./Drivers/STM32F1xx_HAL_Driver/Src/stm32f1xx_hal_uart.o
 .text.makeFreeRtosPriority
                0x0000000008005d74       0x2e ./Middlewares/Third_Party/FreeRTOS/Source/CMSIS_RTOS/cmsis_os.o
 .text.inHandlerMode
                0x0000000008005da2       0x22 ./Middlewares/Third_Party/FreeRTOS/Source/CMSIS_RTOS/cmsis_os.o
 .text.osKernelStart
                0x0000000008005dc4        0xe ./Middlewares/Third_Party/FreeRTOS/Source/CMSIS_RTOS/cmsis_os.o
                0x0000000008005dc4                osKernelStart
 .text.osThreadCreate
                0x0000000008005dd2       0x98 ./Middlewares/Third_Party/FreeRTOS/Source/CMSIS_RTOS/cmsis_os.o
                0x0000000008005dd2                osThreadCreate
 .text.osDelay  0x0000000008005e6a       0x28 ./Middlewares/Third_Party/FreeRTOS/Source/CMSIS_RTOS/cmsis_os.o
                0x0000000008005e6a                osDelay
 .text.osSemaphoreCreate
                0x0000000008005e92       0x64 ./Middlewares/Third_Party/FreeRTOS/Source/CMSIS_RTOS/cmsis_os.o
                0x0000000008005e92                osSemaphoreCreate
 *fill*         0x0000000008005ef6        0x2 
 .text.osSemaphoreWait
                0x0000000008005ef8       0x9c ./Middlewares/Third_Party/FreeRTOS/Source/CMSIS_RTOS/cmsis_os.o
                0x0000000008005ef8                osSemaphoreWait
 .text.osSemaphoreRelease
                0x0000000008005f94       0x6c ./Middlewares/Third_Party/FreeRTOS/Source/CMSIS_RTOS/cmsis_os.o
                0x0000000008005f94                osSemaphoreRelease
 .text.osMessageCreate
                0x0000000008006000       0x50 ./Middlewares/Third_Party/FreeRTOS/Source/CMSIS_RTOS/cmsis_os.o
                0x0000000008006000                osMessageCreate
 .text.vListInitialise
                0x0000000008006050       0x3e ./Middlewares/Third_Party/FreeRTOS/Source/list.o
                0x0000000008006050                vListInitialise
 .text.vListInitialiseItem
                0x000000000800608e       0x18 ./Middlewares/Third_Party/FreeRTOS/Source/list.o
                0x000000000800608e                vListInitialiseItem
 .text.vListInsertEnd
                0x00000000080060a6       0x46 ./Middlewares/Third_Party/FreeRTOS/Source/list.o
                0x00000000080060a6                vListInsertEnd
 .text.vListInsert
                0x00000000080060ec       0x70 ./Middlewares/Third_Party/FreeRTOS/Source/list.o
                0x00000000080060ec                vListInsert
 .text.uxListRemove
                0x000000000800615c       0x52 ./Middlewares/Third_Party/FreeRTOS/Source/list.o
                0x000000000800615c                uxListRemove
 *fill*         0x00000000080061ae        0x2 
 .text.xQueueGenericReset
                0x00000000080061b0       0xd0 ./Middlewares/Third_Party/FreeRTOS/Source/queue.o
                0x00000000080061b0                xQueueGenericReset
 .text.xQueueGenericCreateStatic
                0x0000000008006280       0xee ./Middlewares/Third_Party/FreeRTOS/Source/queue.o
                0x0000000008006280                xQueueGenericCreateStatic
 .text.xQueueGenericCreate
                0x000000000800636e       0x7c ./Middlewares/Third_Party/FreeRTOS/Source/queue.o
                0x000000000800636e                xQueueGenericCreate
 .text.prvInitialiseNewQueue
                0x00000000080063ea       0x3e ./Middlewares/Third_Party/FreeRTOS/Source/queue.o
 .text.xQueueGenericSend
                0x0000000008006428      0x1fc ./Middlewares/Third_Party/FreeRTOS/Source/queue.o
                0x0000000008006428                xQueueGenericSend
 .text.xQueueGiveFromISR
                0x0000000008006624      0x11a ./Middlewares/Third_Party/FreeRTOS/Source/queue.o
                0x0000000008006624                xQueueGiveFromISR
 *fill*         0x000000000800673e        0x2 
 .text.xQueueReceive
                0x0000000008006740      0x1c0 ./Middlewares/Third_Party/FreeRTOS/Source/queue.o
                0x0000000008006740                xQueueReceive
 .text.xQueueSemaphoreTake
                0x0000000008006900      0x218 ./Middlewares/Third_Party/FreeRTOS/Source/queue.o
                0x0000000008006900                xQueueSemaphoreTake
 .text.xQueueReceiveFromISR
                0x0000000008006b18      0x100 ./Middlewares/Third_Party/FreeRTOS/Source/queue.o
                0x0000000008006b18                xQueueReceiveFromISR
 .text.prvGetDisinheritPriorityAfterTimeout
                0x0000000008006c18       0x2e ./Middlewares/Third_Party/FreeRTOS/Source/queue.o
 .text.prvCopyDataToQueue
                0x0000000008006c46       0xd4 ./Middlewares/Third_Party/FreeRTOS/Source/queue.o
 .text.prvCopyDataFromQueue
                0x0000000008006d1a       0x4c ./Middlewares/Third_Party/FreeRTOS/Source/queue.o
 .text.prvUnlockQueue
                0x0000000008006d66       0xa4 ./Middlewares/Third_Party/FreeRTOS/Source/queue.o
 .text.prvIsQueueEmpty
                0x0000000008006e0a       0x2c ./Middlewares/Third_Party/FreeRTOS/Source/queue.o
 .text.prvIsQueueFull
                0x0000000008006e36       0x30 ./Middlewares/Third_Party/FreeRTOS/Source/queue.o
 .text.xTaskCreateStatic
                0x0000000008006e66       0xb8 ./Middlewares/Third_Party/FreeRTOS/Source/tasks.o
                0x0000000008006e66                xTaskCreateStatic
 .text.xTaskCreate
                0x0000000008006f1e       0x8a ./Middlewares/Third_Party/FreeRTOS/Source/tasks.o
                0x0000000008006f1e                xTaskCreate
 .text.prvInitialiseNewTask
                0x0000000008006fa8       0xfe ./Middlewares/Third_Party/FreeRTOS/Source/tasks.o
 *fill*         0x00000000080070a6        0x2 
 .text.prvAddNewTaskToReadyList
                0x00000000080070a8       0xd4 ./Middlewares/Third_Party/FreeRTOS/Source/tasks.o
 .text.vTaskDelay
                0x000000000800717c       0x68 ./Middlewares/Third_Party/FreeRTOS/Source/tasks.o
                0x000000000800717c                vTaskDelay
 .text.vTaskStartScheduler
                0x00000000080071e4       0xc0 ./Middlewares/Third_Party/FreeRTOS/Source/tasks.o
                0x00000000080071e4                vTaskStartScheduler
 .text.vTaskSuspendAll
                0x00000000080072a4       0x1c ./Middlewares/Third_Party/FreeRTOS/Source/tasks.o
                0x00000000080072a4                vTaskSuspendAll
 .text.xTaskResumeAll
                0x00000000080072c0      0x138 ./Middlewares/Third_Party/FreeRTOS/Source/tasks.o
                0x00000000080072c0                xTaskResumeAll
 .text.xTaskIncrementTick
                0x00000000080073f8      0x17c ./Middlewares/Third_Party/FreeRTOS/Source/tasks.o
                0x00000000080073f8                xTaskIncrementTick
 .text.vTaskSwitchContext
                0x0000000008007574       0xb4 ./Middlewares/Third_Party/FreeRTOS/Source/tasks.o
                0x0000000008007574                vTaskSwitchContext
 .text.vTaskPlaceOnEventList
                0x0000000008007628       0x48 ./Middlewares/Third_Party/FreeRTOS/Source/tasks.o
                0x0000000008007628                vTaskPlaceOnEventList
 .text.xTaskRemoveFromEventList
                0x0000000008007670       0xc4 ./Middlewares/Third_Party/FreeRTOS/Source/tasks.o
                0x0000000008007670                xTaskRemoveFromEventList
 .text.vTaskInternalSetTimeOutState
                0x0000000008007734       0x2c ./Middlewares/Third_Party/FreeRTOS/Source/tasks.o
                0x0000000008007734                vTaskInternalSetTimeOutState
 .text.xTaskCheckForTimeOut
                0x0000000008007760       0xc4 ./Middlewares/Third_Party/FreeRTOS/Source/tasks.o
                0x0000000008007760                xTaskCheckForTimeOut
 .text.vTaskMissedYield
                0x0000000008007824       0x18 ./Middlewares/Third_Party/FreeRTOS/Source/tasks.o
                0x0000000008007824                vTaskMissedYield
 .text.prvIdleTask
                0x000000000800783c       0x30 ./Middlewares/Third_Party/FreeRTOS/Source/tasks.o
 .text.prvInitialiseTaskLists
                0x000000000800786c       0x80 ./Middlewares/Third_Party/FreeRTOS/Source/tasks.o
 .text.prvCheckTasksWaitingTermination
                0x00000000080078ec       0x5c ./Middlewares/Third_Party/FreeRTOS/Source/tasks.o
 .text.prvDeleteTCB
                0x0000000008007948       0x5e ./Middlewares/Third_Party/FreeRTOS/Source/tasks.o
 *fill*         0x00000000080079a6        0x2 
 .text.prvResetNextTaskUnblockTime
                0x00000000080079a8       0x48 ./Middlewares/Third_Party/FreeRTOS/Source/tasks.o
 .text.xTaskGetSchedulerState
                0x00000000080079f0       0x3c ./Middlewares/Third_Party/FreeRTOS/Source/tasks.o
                0x00000000080079f0                xTaskGetSchedulerState
 .text.xTaskPriorityInherit
                0x0000000008007a2c      0x10c ./Middlewares/Third_Party/FreeRTOS/Source/tasks.o
                0x0000000008007a2c                xTaskPriorityInherit
 .text.xTaskPriorityDisinherit
                0x0000000008007b38      0x10c ./Middlewares/Third_Party/FreeRTOS/Source/tasks.o
                0x0000000008007b38                xTaskPriorityDisinherit
 .text.vTaskPriorityDisinheritAfterTimeout
                0x0000000008007c44      0x140 ./Middlewares/Third_Party/FreeRTOS/Source/tasks.o
                0x0000000008007c44                vTaskPriorityDisinheritAfterTimeout
 .text.pvTaskIncrementMutexHeldCount
                0x0000000008007d84       0x28 ./Middlewares/Third_Party/FreeRTOS/Source/tasks.o
                0x0000000008007d84                pvTaskIncrementMutexHeldCount
 .text.prvAddCurrentTaskToDelayedList
                0x0000000008007dac       0xcc ./Middlewares/Third_Party/FreeRTOS/Source/tasks.o
 .text.pxPortInitialiseStack
                0x0000000008007e78       0x58 ./Middlewares/Third_Party/FreeRTOS/Source/portable/GCC/ARM_CM3/port.o
                0x0000000008007e78                pxPortInitialiseStack
 .text.prvTaskExitError
                0x0000000008007ed0       0x58 ./Middlewares/Third_Party/FreeRTOS/Source/portable/GCC/ARM_CM3/port.o
 *fill*         0x0000000008007f28        0x8 
 .text.SVC_Handler
                0x0000000008007f30       0x28 ./Middlewares/Third_Party/FreeRTOS/Source/portable/GCC/ARM_CM3/port.o
                0x0000000008007f30                SVC_Handler
 .text.prvPortStartFirstTask
                0x0000000008007f58       0x20 ./Middlewares/Third_Party/FreeRTOS/Source/portable/GCC/ARM_CM3/port.o
 .text.xPortStartScheduler
                0x0000000008007f78       0xe4 ./Middlewares/Third_Party/FreeRTOS/Source/portable/GCC/ARM_CM3/port.o
                0x0000000008007f78                xPortStartScheduler
 .text.vPortEnterCritical
                0x000000000800805c       0x60 ./Middlewares/Third_Party/FreeRTOS/Source/portable/GCC/ARM_CM3/port.o
                0x000000000800805c                vPortEnterCritical
 .text.vPortExitCritical
                0x00000000080080bc       0x50 ./Middlewares/Third_Party/FreeRTOS/Source/portable/GCC/ARM_CM3/port.o
                0x00000000080080bc                vPortExitCritical
 *fill*         0x000000000800810c        0x4 
 .text.PendSV_Handler
                0x0000000008008110       0x48 ./Middlewares/Third_Party/FreeRTOS/Source/portable/GCC/ARM_CM3/port.o
                0x0000000008008110                PendSV_Handler
 .text.SysTick_Handler
                0x0000000008008158       0x44 ./Middlewares/Third_Party/FreeRTOS/Source/portable/GCC/ARM_CM3/port.o
                0x0000000008008158                SysTick_Handler
 .text.vPortSetupTimerInterrupt
                0x000000000800819c       0x44 ./Middlewares/Third_Party/FreeRTOS/Source/portable/GCC/ARM_CM3/port.o
                0x000000000800819c                vPortSetupTimerInterrupt
 .text.vPortValidateInterruptPriority
                0x00000000080081e0       0x7c ./Middlewares/Third_Party/FreeRTOS/Source/portable/GCC/ARM_CM3/port.o
                0x00000000080081e0                vPortValidateInterruptPriority
 .text.pvPortMalloc
                0x000000000800825c      0x188 ./Middlewares/Third_Party/FreeRTOS/Source/portable/MemMang/heap_4.o
                0x000000000800825c                pvPortMalloc
 .text.vPortFree
                0x00000000080083e4       0xb4 ./Middlewares/Third_Party/FreeRTOS/Source/portable/MemMang/heap_4.o
                0x00000000080083e4                vPortFree
 .text.prvHeapInit
                0x0000000008008498       0xc4 ./Middlewares/Third_Party/FreeRTOS/Source/portable/MemMang/heap_4.o
 .text.prvInsertBlockIntoFreeList
                0x000000000800855c       0xb0 ./Middlewares/Third_Party/FreeRTOS/Source/portable/MemMang/heap_4.o
 .text.atoi     0x000000000800860c        0x8 c:/st/stm32cubeide_1.4.0/stm32cubeide/plugins/com.st.stm32cube.ide.mcu.externaltools.gnu-tools-for-stm32.10.3-2021.10.win32_1.0.0.202111181127/tools/bin/../lib/gcc/arm-none-eabi/10.3.1/../../../../arm-none-eabi/lib/thumb/v7-m/nofp\libc_nano.a(lib_a-atoi.o)
                0x000000000800860c                atoi
 .text.__errno  0x0000000008008614        0xc c:/st/stm32cubeide_1.4.0/stm32cubeide/plugins/com.st.stm32cube.ide.mcu.externaltools.gnu-tools-for-stm32.10.3-2021.10.win32_1.0.0.202111181127/tools/bin/../lib/gcc/arm-none-eabi/10.3.1/../../../../arm-none-eabi/lib/thumb/v7-m/nofp\libc_nano.a(lib_a-errno.o)
                0x0000000008008614                __errno
 .text.__libc_init_array
                0x0000000008008620       0x48 c:/st/stm32cubeide_1.4.0/stm32cubeide/plugins/com.st.stm32cube.ide.mcu.externaltools.gnu-tools-for-stm32.10.3-2021.10.win32_1.0.0.202111181127/tools/bin/../lib/gcc/arm-none-eabi/10.3.1/../../../../arm-none-eabi/lib/thumb/v7-m/nofp\libc_nano.a(lib_a-init.o)
                0x0000000008008620                __libc_init_array
 .text.__itoa   0x0000000008008668       0x30 c:/st/stm32cubeide_1.4.0/stm32cubeide/plugins/com.st.stm32cube.ide.mcu.externaltools.gnu-tools-for-stm32.10.3-2021.10.win32_1.0.0.202111181127/tools/bin/../lib/gcc/arm-none-eabi/10.3.1/../../../../arm-none-eabi/lib/thumb/v7-m/nofp\libc_nano.a(lib_a-itoa.o)
                0x0000000008008668                __itoa
 .text.itoa     0x0000000008008698        0x4 c:/st/stm32cubeide_1.4.0/stm32cubeide/plugins/com.st.stm32cube.ide.mcu.externaltools.gnu-tools-for-stm32.10.3-2021.10.win32_1.0.0.202111181127/tools/bin/../lib/gcc/arm-none-eabi/10.3.1/../../../../arm-none-eabi/lib/thumb/v7-m/nofp\libc_nano.a(lib_a-itoa.o)
                0x0000000008008698                itoa
 .text.memcpy   0x000000000800869c       0x1c c:/st/stm32cubeide_1.4.0/stm32cubeide/plugins/com.st.stm32cube.ide.mcu.externaltools.gnu-tools-for-stm32.10.3-2021.10.win32_1.0.0.202111181127/tools/bin/../lib/gcc/arm-none-eabi/10.3.1/../../../../arm-none-eabi/lib/thumb/v7-m/nofp\libc_nano.a(lib_a-memcpy-stub.o)
                0x000000000800869c                memcpy
 .text.memset   0x00000000080086b8       0x10 c:/st/stm32cubeide_1.4.0/stm32cubeide/plugins/com.st.stm32cube.ide.mcu.externaltools.gnu-tools-for-stm32.10.3-2021.10.win32_1.0.0.202111181127/tools/bin/../lib/gcc/arm-none-eabi/10.3.1/../../../../arm-none-eabi/lib/thumb/v7-m/nofp\libc_nano.a(lib_a-memset.o)
                0x00000000080086b8                memset
 .text._strtol_l.constprop.0
                0x00000000080086c8       0xf8 c:/st/stm32cubeide_1.4.0/stm32cubeide/plugins/com.st.stm32cube.ide.mcu.externaltools.gnu-tools-for-stm32.10.3-2021.10.win32_1.0.0.202111181127/tools/bin/../lib/gcc/arm-none-eabi/10.3.1/../../../../arm-none-eabi/lib/thumb/v7-m/nofp\libc_nano.a(lib_a-strtol.o)
 .text.strtol   0x00000000080087c0       0x14 c:/st/stm32cubeide_1.4.0/stm32cubeide/plugins/com.st.stm32cube.ide.mcu.externaltools.gnu-tools-for-stm32.10.3-2021.10.win32_1.0.0.202111181127/tools/bin/../lib/gcc/arm-none-eabi/10.3.1/../../../../arm-none-eabi/lib/thumb/v7-m/nofp\libc_nano.a(lib_a-strtol.o)
                0x00000000080087c0                strtol
 .text.__utoa   0x00000000080087d4       0x84 c:/st/stm32cubeide_1.4.0/stm32cubeide/plugins/com.st.stm32cube.ide.mcu.externaltools.gnu-tools-for-stm32.10.3-2021.10.win32_1.0.0.202111181127/tools/bin/../lib/gcc/arm-none-eabi/10.3.1/../../../../arm-none-eabi/lib/thumb/v7-m/nofp\libc_nano.a(lib_a-utoa.o)
                0x00000000080087d4                __utoa
 *(.glue_7)
 .glue_7        0x0000000008008858        0x0 linker stubs
 *(.glue_7t)
 .glue_7t       0x0000000008008858        0x0 linker stubs
 *(.eh_frame)
 .eh_frame      0x0000000008008858        0x0 c:/st/stm32cubeide_1.4.0/stm32cubeide/plugins/com.st.stm32cube.ide.mcu.externaltools.gnu-tools-for-stm32.10.3-2021.10.win32_1.0.0.202111181127/tools/bin/../lib/gcc/arm-none-eabi/10.3.1/thumb/v7-m/nofp/crtbegin.o
 *(.init)
 .init          0x0000000008008858        0x4 c:/st/stm32cubeide_1.4.0/stm32cubeide/plugins/com.st.stm32cube.ide.mcu.externaltools.gnu-tools-for-stm32.10.3-2021.10.win32_1.0.0.202111181127/tools/bin/../lib/gcc/arm-none-eabi/10.3.1/thumb/v7-m/nofp/crti.o
                0x0000000008008858                _init
 .init          0x000000000800885c        0x8 c:/st/stm32cubeide_1.4.0/stm32cubeide/plugins/com.st.stm32cube.ide.mcu.externaltools.gnu-tools-for-stm32.10.3-2021.10.win32_1.0.0.202111181127/tools/bin/../lib/gcc/arm-none-eabi/10.3.1/thumb/v7-m/nofp/crtn.o
 *(.fini)
 .fini          0x0000000008008864        0x4 c:/st/stm32cubeide_1.4.0/stm32cubeide/plugins/com.st.stm32cube.ide.mcu.externaltools.gnu-tools-for-stm32.10.3-2021.10.win32_1.0.0.202111181127/tools/bin/../lib/gcc/arm-none-eabi/10.3.1/thumb/v7-m/nofp/crti.o
                0x0000000008008864                _fini
 .fini          0x0000000008008868        0x8 c:/st/stm32cubeide_1.4.0/stm32cubeide/plugins/com.st.stm32cube.ide.mcu.externaltools.gnu-tools-for-stm32.10.3-2021.10.win32_1.0.0.202111181127/tools/bin/../lib/gcc/arm-none-eabi/10.3.1/thumb/v7-m/nofp/crtn.o
                0x0000000008008870                . = ALIGN (0x4)
                0x0000000008008870                _etext = .

.vfp11_veneer   0x0000000008008870        0x0
 .vfp11_veneer  0x0000000008008870        0x0 linker stubs

.v4_bx          0x0000000008008870        0x0
 .v4_bx         0x0000000008008870        0x0 linker stubs

.iplt           0x0000000008008870        0x0
 .iplt          0x0000000008008870        0x0 c:/st/stm32cubeide_1.4.0/stm32cubeide/plugins/com.st.stm32cube.ide.mcu.externaltools.gnu-tools-for-stm32.10.3-2021.10.win32_1.0.0.202111181127/tools/bin/../lib/gcc/arm-none-eabi/10.3.1/thumb/v7-m/nofp/crtbegin.o

.rodata         0x0000000008008870      0x224
                0x0000000008008870                . = ALIGN (0x4)
 *(.rodata)
 .rodata        0x0000000008008870       0xc9 ./Core/Src/main.o
 *fill*         0x0000000008008939        0x3 
 .rodata        0x000000000800893c       0x10 ./Drivers/STM32F1xx_HAL_Driver/Src/stm32f1xx_hal_rcc.o
 .rodata        0x000000000800894c        0x5 ./Middlewares/Third_Party/FreeRTOS/Source/tasks.o
 *(.rodata*)
 *fill*         0x0000000008008951        0x3 
 .rodata.AHBPrescTable
                0x0000000008008954       0x10 ./Core/Src/system_stm32f1xx.o
                0x0000000008008954                AHBPrescTable
 .rodata.APBPrescTable
                0x0000000008008964        0x8 ./Core/Src/system_stm32f1xx.o
                0x0000000008008964                APBPrescTable
 .rodata.__utoa.str1.1
                0x000000000800896c       0x25 c:/st/stm32cubeide_1.4.0/stm32cubeide/plugins/com.st.stm32cube.ide.mcu.externaltools.gnu-tools-for-stm32.10.3-2021.10.win32_1.0.0.202111181127/tools/bin/../lib/gcc/arm-none-eabi/10.3.1/../../../../arm-none-eabi/lib/thumb/v7-m/nofp\libc_nano.a(lib_a-utoa.o)
 .rodata._ctype_
                0x0000000008008991      0x101 c:/st/stm32cubeide_1.4.0/stm32cubeide/plugins/com.st.stm32cube.ide.mcu.externaltools.gnu-tools-for-stm32.10.3-2021.10.win32_1.0.0.202111181127/tools/bin/../lib/gcc/arm-none-eabi/10.3.1/../../../../arm-none-eabi/lib/thumb/v7-m/nofp\libc_nano.a(lib_a-ctype_.o)
                0x0000000008008991                _ctype_
                0x0000000008008a94                . = ALIGN (0x4)
 *fill*         0x0000000008008a92        0x2 

.rel.dyn        0x0000000008008a94        0x0
 .rel.iplt      0x0000000008008a94        0x0 c:/st/stm32cubeide_1.4.0/stm32cubeide/plugins/com.st.stm32cube.ide.mcu.externaltools.gnu-tools-for-stm32.10.3-2021.10.win32_1.0.0.202111181127/tools/bin/../lib/gcc/arm-none-eabi/10.3.1/thumb/v7-m/nofp/crtbegin.o

.ARM.extab      0x0000000008008a94        0x0
                0x0000000008008a94                . = ALIGN (0x4)
 *(.ARM.extab* .gnu.linkonce.armextab.*)
                0x0000000008008a94                . = ALIGN (0x4)

.ARM            0x0000000008008a94        0x0
                0x0000000008008a94                . = ALIGN (0x4)
                0x0000000008008a94                __exidx_start = .
 *(.ARM.exidx*)
                0x0000000008008a94                __exidx_end = .
                0x0000000008008a94                . = ALIGN (0x4)

.preinit_array  0x0000000008008a94        0x0
                0x0000000008008a94                . = ALIGN (0x4)
                0x0000000008008a94                PROVIDE (__preinit_array_start = .)
 *(.preinit_array*)
                0x0000000008008a94                PROVIDE (__preinit_array_end = .)
                0x0000000008008a94                . = ALIGN (0x4)

.init_array     0x0000000008008a94        0x4
                0x0000000008008a94                . = ALIGN (0x4)
                0x0000000008008a94                PROVIDE (__init_array_start = .)
 *(SORT_BY_NAME(.init_array.*))
 *(.init_array*)
 .init_array    0x0000000008008a94        0x4 c:/st/stm32cubeide_1.4.0/stm32cubeide/plugins/com.st.stm32cube.ide.mcu.externaltools.gnu-tools-for-stm32.10.3-2021.10.win32_1.0.0.202111181127/tools/bin/../lib/gcc/arm-none-eabi/10.3.1/thumb/v7-m/nofp/crtbegin.o
                0x0000000008008a98                PROVIDE (__init_array_end = .)
                0x0000000008008a98                . = ALIGN (0x4)

.fini_array     0x0000000008008a98        0x4
                0x0000000008008a98                . = ALIGN (0x4)
                [!provide]                        PROVIDE (__fini_array_start = .)
 *(SORT_BY_NAME(.fini_array.*))
 *(.fini_array*)
 .fini_array    0x0000000008008a98        0x4 c:/st/stm32cubeide_1.4.0/stm32cubeide/plugins/com.st.stm32cube.ide.mcu.externaltools.gnu-tools-for-stm32.10.3-2021.10.win32_1.0.0.202111181127/tools/bin/../lib/gcc/arm-none-eabi/10.3.1/thumb/v7-m/nofp/crtbegin.o
                [!provide]                        PROVIDE (__fini_array_end = .)
                0x0000000008008a9c                . = ALIGN (0x4)
                0x0000000008008a9c                _sidata = LOADADDR (.data)

.data           0x0000000020000000       0x74 load address 0x0000000008008a9c
                0x0000000020000000                . = ALIGN (0x4)
                0x0000000020000000                _sdata = .
 *(.data)
 *(.data*)
 .data.SystemCoreClock
                0x0000000020000000        0x4 ./Core/Src/system_stm32f1xx.o
                0x0000000020000000                SystemCoreClock
 .data.uwTickPrio
                0x0000000020000004        0x4 ./Drivers/STM32F1xx_HAL_Driver/Src/stm32f1xx_hal.o
                0x0000000020000004                uwTickPrio
 .data.uwTickFreq
                0x0000000020000008        0x1 ./Drivers/STM32F1xx_HAL_Driver/Src/stm32f1xx_hal.o
                0x0000000020000008                uwTickFreq
 *fill*         0x0000000020000009        0x3 
 .data.uxCriticalNesting
                0x000000002000000c        0x4 ./Middlewares/Third_Party/FreeRTOS/Source/portable/GCC/ARM_CM3/port.o
 .data._impure_ptr
                0x0000000020000010        0x4 c:/st/stm32cubeide_1.4.0/stm32cubeide/plugins/com.st.stm32cube.ide.mcu.externaltools.gnu-tools-for-stm32.10.3-2021.10.win32_1.0.0.202111181127/tools/bin/../lib/gcc/arm-none-eabi/10.3.1/../../../../arm-none-eabi/lib/thumb/v7-m/nofp\libc_nano.a(lib_a-impure.o)
                0x0000000020000010                _impure_ptr
 .data.impure_data
                0x0000000020000014       0x60 c:/st/stm32cubeide_1.4.0/stm32cubeide/plugins/com.st.stm32cube.ide.mcu.externaltools.gnu-tools-for-stm32.10.3-2021.10.win32_1.0.0.202111181127/tools/bin/../lib/gcc/arm-none-eabi/10.3.1/../../../../arm-none-eabi/lib/thumb/v7-m/nofp\libc_nano.a(lib_a-impure.o)
 *(.RamFunc)
 *(.RamFunc*)
                0x0000000020000074                . = ALIGN (0x4)
                0x0000000020000074                _edata = .

.igot.plt       0x0000000020000074        0x0 load address 0x0000000008008b10
 .igot.plt      0x0000000020000074        0x0 c:/st/stm32cubeide_1.4.0/stm32cubeide/plugins/com.st.stm32cube.ide.mcu.externaltools.gnu-tools-for-stm32.10.3-2021.10.win32_1.0.0.202111181127/tools/bin/../lib/gcc/arm-none-eabi/10.3.1/thumb/v7-m/nofp/crtbegin.o
                0x0000000020000074                . = ALIGN (0x4)

.bss            0x0000000020000074     0x11c8 load address 0x0000000008008b10
                0x0000000020000074                _sbss = .
                0x0000000020000074                __bss_start__ = _sbss
 *(.bss)
 .bss           0x0000000020000074       0x1c c:/st/stm32cubeide_1.4.0/stm32cubeide/plugins/com.st.stm32cube.ide.mcu.externaltools.gnu-tools-for-stm32.10.3-2021.10.win32_1.0.0.202111181127/tools/bin/../lib/gcc/arm-none-eabi/10.3.1/thumb/v7-m/nofp/crtbegin.o
 *(.bss*)
 .bss.BufferUsart1
                0x0000000020000090       0x19 ./Core/MyLibs/MyFunctions/MyFunctions.o
 .bss.Escritura_BufferUsart1
                0x00000000200000a9        0x1 ./Core/MyLibs/MyFunctions/MyFunctions.o
 .bss.Lectura_BufferUsart1
                0x00000000200000aa        0x1 ./Core/MyLibs/MyFunctions/MyFunctions.o
 *fill*         0x00000000200000ab        0x1 
 .bss.xIdleTaskTCBBuffer
                0x00000000200000ac       0x54 ./Core/Src/freertos.o
 .bss.xIdleStack
                0x0000000020000100      0x200 ./Core/Src/freertos.o
 .bss.hi2c1     0x0000000020000300       0x54 ./Core/Src/main.o
                0x0000000020000300                hi2c1
 .bss.hspi1     0x0000000020000354       0x58 ./Core/Src/main.o
                0x0000000020000354                hspi1
 .bss.huart1    0x00000000200003ac       0x44 ./Core/Src/main.o
                0x00000000200003ac                huart1
 .bss.hdma_usart1_rx
                0x00000000200003f0       0x44 ./Core/Src/main.o
                0x00000000200003f0                hdma_usart1_rx
 .bss.measurementTaskHandle
                0x0000000020000434        0x4 ./Core/Src/main.o
                0x0000000020000434                measurementTaskHandle
 .bss.recordingTaskHandle
                0x0000000020000438        0x4 ./Core/Src/main.o
                0x0000000020000438                recordingTaskHandle
 .bss.receptionTaskHandle
                0x000000002000043c        0x4 ./Core/Src/main.o
                0x000000002000043c                receptionTaskHandle
 .bss.sendingTaskHandle
                0x0000000020000440        0x4 ./Core/Src/main.o
                0x0000000020000440                sendingTaskHandle
 .bss.usartReceptionQueueHandle
                0x0000000020000444        0x4 ./Core/Src/main.o
                0x0000000020000444                usartReceptionQueueHandle
 .bss.binarySemaphoreUARTHandle
                0x0000000020000448        0x4 ./Core/Src/main.o
                0x0000000020000448                binarySemaphoreUARTHandle
 .bss.queueDataProcessing
                0x000000002000044c        0x4 ./Core/Src/main.o
                0x000000002000044c                queueDataProcessing
 .bss.queueUsartReception
                0x0000000020000450        0x4 ./Core/Src/main.o
                0x0000000020000450                queueUsartReception
 .bss.Rx_data   0x0000000020000454       0x19 ./Core/Src/main.o
                0x0000000020000454                Rx_data
 *fill*         0x000000002000046d        0x3 
 .bss.LIS3MDL_data
                0x0000000020000470       0x1c ./Core/Src/main.o
                0x0000000020000470                LIS3MDL_data
 .bss.W25Q80DV_data
                0x000000002000048c       0x18 ./Core/Src/main.o
                0x000000002000048c                W25Q80DV_data
 .bss.htim1     0x00000000200004a4       0x48 ./Core/Src/stm32f1xx_hal_timebase_tim.o
                0x00000000200004a4                htim1
 .bss.uwTick    0x00000000200004ec        0x4 ./Drivers/STM32F1xx_HAL_Driver/Src/stm32f1xx_hal.o
                0x00000000200004ec                uwTick
 .bss.pxCurrentTCB
                0x00000000200004f0        0x4 ./Middlewares/Third_Party/FreeRTOS/Source/tasks.o
                0x00000000200004f0                pxCurrentTCB
 .bss.pxReadyTasksLists
                0x00000000200004f4       0x8c ./Middlewares/Third_Party/FreeRTOS/Source/tasks.o
 .bss.xDelayedTaskList1
                0x0000000020000580       0x14 ./Middlewares/Third_Party/FreeRTOS/Source/tasks.o
 .bss.xDelayedTaskList2
                0x0000000020000594       0x14 ./Middlewares/Third_Party/FreeRTOS/Source/tasks.o
 .bss.pxDelayedTaskList
                0x00000000200005a8        0x4 ./Middlewares/Third_Party/FreeRTOS/Source/tasks.o
 .bss.pxOverflowDelayedTaskList
                0x00000000200005ac        0x4 ./Middlewares/Third_Party/FreeRTOS/Source/tasks.o
 .bss.xPendingReadyList
                0x00000000200005b0       0x14 ./Middlewares/Third_Party/FreeRTOS/Source/tasks.o
 .bss.xTasksWaitingTermination
                0x00000000200005c4       0x14 ./Middlewares/Third_Party/FreeRTOS/Source/tasks.o
 .bss.uxDeletedTasksWaitingCleanUp
                0x00000000200005d8        0x4 ./Middlewares/Third_Party/FreeRTOS/Source/tasks.o
 .bss.xSuspendedTaskList
                0x00000000200005dc       0x14 ./Middlewares/Third_Party/FreeRTOS/Source/tasks.o
 .bss.uxCurrentNumberOfTasks
                0x00000000200005f0        0x4 ./Middlewares/Third_Party/FreeRTOS/Source/tasks.o
 .bss.xTickCount
                0x00000000200005f4        0x4 ./Middlewares/Third_Party/FreeRTOS/Source/tasks.o
 .bss.uxTopReadyPriority
                0x00000000200005f8        0x4 ./Middlewares/Third_Party/FreeRTOS/Source/tasks.o
 .bss.xSchedulerRunning
                0x00000000200005fc        0x4 ./Middlewares/Third_Party/FreeRTOS/Source/tasks.o
 .bss.uxPendedTicks
                0x0000000020000600        0x4 ./Middlewares/Third_Party/FreeRTOS/Source/tasks.o
 .bss.xYieldPending
                0x0000000020000604        0x4 ./Middlewares/Third_Party/FreeRTOS/Source/tasks.o
 .bss.xNumOfOverflows
                0x0000000020000608        0x4 ./Middlewares/Third_Party/FreeRTOS/Source/tasks.o
 .bss.uxTaskNumber
                0x000000002000060c        0x4 ./Middlewares/Third_Party/FreeRTOS/Source/tasks.o
 .bss.xNextTaskUnblockTime
                0x0000000020000610        0x4 ./Middlewares/Third_Party/FreeRTOS/Source/tasks.o
 .bss.xIdleTaskHandle
                0x0000000020000614        0x4 ./Middlewares/Third_Party/FreeRTOS/Source/tasks.o
 .bss.uxSchedulerSuspended
                0x0000000020000618        0x4 ./Middlewares/Third_Party/FreeRTOS/Source/tasks.o
 .bss.ucMaxSysCallPriority
                0x000000002000061c        0x1 ./Middlewares/Third_Party/FreeRTOS/Source/portable/GCC/ARM_CM3/port.o
 *fill*         0x000000002000061d        0x3 
 .bss.ulMaxPRIGROUPValue
                0x0000000020000620        0x4 ./Middlewares/Third_Party/FreeRTOS/Source/portable/GCC/ARM_CM3/port.o
 .bss.ucHeap    0x0000000020000624      0xc00 ./Middlewares/Third_Party/FreeRTOS/Source/portable/MemMang/heap_4.o
 .bss.xStart    0x0000000020001224        0x8 ./Middlewares/Third_Party/FreeRTOS/Source/portable/MemMang/heap_4.o
 .bss.pxEnd     0x000000002000122c        0x4 ./Middlewares/Third_Party/FreeRTOS/Source/portable/MemMang/heap_4.o
 .bss.xFreeBytesRemaining
                0x0000000020001230        0x4 ./Middlewares/Third_Party/FreeRTOS/Source/portable/MemMang/heap_4.o
 .bss.xMinimumEverFreeBytesRemaining
                0x0000000020001234        0x4 ./Middlewares/Third_Party/FreeRTOS/Source/portable/MemMang/heap_4.o
 .bss.xBlockAllocatedBit
                0x0000000020001238        0x4 ./Middlewares/Third_Party/FreeRTOS/Source/portable/MemMang/heap_4.o
 *(COMMON)
                0x000000002000123c                . = ALIGN (0x4)
                0x000000002000123c                _ebss = .
                0x000000002000123c                __bss_end__ = _ebss

._user_heap_stack
                0x000000002000123c      0x604 load address 0x0000000008008b10
                0x0000000020001240                . = ALIGN (0x8)
 *fill*         0x000000002000123c        0x4 
                [!provide]                        PROVIDE (end = .)
                0x0000000020001240                PROVIDE (_end = .)
                0x0000000020001440                . = (. + _Min_Heap_Size)
 *fill*         0x0000000020001240      0x200 
                0x0000000020001840                . = (. + _Min_Stack_Size)
 *fill*         0x0000000020001440      0x400 
                0x0000000020001840                . = ALIGN (0x8)

/DISCARD/
 libc.a(*)
 libm.a(*)
 libgcc.a(*)

.ARM.attributes
                0x0000000000000000       0x29
 *(.ARM.attributes)
 .ARM.attributes
                0x0000000000000000       0x1d c:/st/stm32cubeide_1.4.0/stm32cubeide/plugins/com.st.stm32cube.ide.mcu.externaltools.gnu-tools-for-stm32.10.3-2021.10.win32_1.0.0.202111181127/tools/bin/../lib/gcc/arm-none-eabi/10.3.1/thumb/v7-m/nofp/crti.o
 .ARM.attributes
                0x000000000000001d       0x2d c:/st/stm32cubeide_1.4.0/stm32cubeide/plugins/com.st.stm32cube.ide.mcu.externaltools.gnu-tools-for-stm32.10.3-2021.10.win32_1.0.0.202111181127/tools/bin/../lib/gcc/arm-none-eabi/10.3.1/thumb/v7-m/nofp/crtbegin.o
 .ARM.attributes
                0x000000000000004a       0x2d ./Core/MyLibs/LIS3MDL/LIS3MDL.o
 .ARM.attributes
                0x0000000000000077       0x2d ./Core/MyLibs/MyFunctions/MyFunctions.o
 .ARM.attributes
                0x00000000000000a4       0x2d ./Core/MyLibs/W25Q80DV/W25Q80DV.o
 .ARM.attributes
                0x00000000000000d1       0x2d ./Core/Src/freertos.o
 .ARM.attributes
                0x00000000000000fe       0x2d ./Core/Src/main.o
 .ARM.attributes
                0x000000000000012b       0x2d ./Core/Src/stm32f1xx_hal_msp.o
 .ARM.attributes
                0x0000000000000158       0x2d ./Core/Src/stm32f1xx_hal_timebase_tim.o
 .ARM.attributes
                0x0000000000000185       0x2d ./Core/Src/stm32f1xx_it.o
 .ARM.attributes
                0x00000000000001b2       0x2d ./Core/Src/system_stm32f1xx.o
 .ARM.attributes
                0x00000000000001df       0x21 ./Core/Startup/startup_stm32f103c8tx.o
 .ARM.attributes
                0x0000000000000200       0x2d ./Drivers/STM32F1xx_HAL_Driver/Src/stm32f1xx_hal.o
 .ARM.attributes
                0x000000000000022d       0x2d ./Drivers/STM32F1xx_HAL_Driver/Src/stm32f1xx_hal_cortex.o
 .ARM.attributes
                0x000000000000025a       0x2d ./Drivers/STM32F1xx_HAL_Driver/Src/stm32f1xx_hal_dma.o
 .ARM.attributes
                0x0000000000000287       0x2d ./Drivers/STM32F1xx_HAL_Driver/Src/stm32f1xx_hal_gpio.o
 .ARM.attributes
                0x00000000000002b4       0x2d ./Drivers/STM32F1xx_HAL_Driver/Src/stm32f1xx_hal_i2c.o
 .ARM.attributes
                0x00000000000002e1       0x2d ./Drivers/STM32F1xx_HAL_Driver/Src/stm32f1xx_hal_rcc.o
 .ARM.attributes
                0x000000000000030e       0x2d ./Drivers/STM32F1xx_HAL_Driver/Src/stm32f1xx_hal_spi.o
 .ARM.attributes
                0x000000000000033b       0x2d ./Drivers/STM32F1xx_HAL_Driver/Src/stm32f1xx_hal_tim.o
 .ARM.attributes
                0x0000000000000368       0x2d ./Drivers/STM32F1xx_HAL_Driver/Src/stm32f1xx_hal_tim_ex.o
 .ARM.attributes
                0x0000000000000395       0x2d ./Drivers/STM32F1xx_HAL_Driver/Src/stm32f1xx_hal_uart.o
 .ARM.attributes
                0x00000000000003c2       0x2d ./Middlewares/Third_Party/FreeRTOS/Source/CMSIS_RTOS/cmsis_os.o
 .ARM.attributes
                0x00000000000003ef       0x2d ./Middlewares/Third_Party/FreeRTOS/Source/list.o
 .ARM.attributes
                0x000000000000041c       0x2d ./Middlewares/Third_Party/FreeRTOS/Source/queue.o
 .ARM.attributes
                0x0000000000000449       0x2d ./Middlewares/Third_Party/FreeRTOS/Source/tasks.o
 .ARM.attributes
                0x0000000000000476       0x2d ./Middlewares/Third_Party/FreeRTOS/Source/portable/GCC/ARM_CM3/port.o
 .ARM.attributes
                0x00000000000004a3       0x2d ./Middlewares/Third_Party/FreeRTOS/Source/portable/MemMang/heap_4.o
 .ARM.attributes
                0x00000000000004d0       0x2d c:/st/stm32cubeide_1.4.0/stm32cubeide/plugins/com.st.stm32cube.ide.mcu.externaltools.gnu-tools-for-stm32.10.3-2021.10.win32_1.0.0.202111181127/tools/bin/../lib/gcc/arm-none-eabi/10.3.1/../../../../arm-none-eabi/lib/thumb/v7-m/nofp\libc_nano.a(lib_a-atoi.o)
 .ARM.attributes
                0x00000000000004fd       0x2d c:/st/stm32cubeide_1.4.0/stm32cubeide/plugins/com.st.stm32cube.ide.mcu.externaltools.gnu-tools-for-stm32.10.3-2021.10.win32_1.0.0.202111181127/tools/bin/../lib/gcc/arm-none-eabi/10.3.1/../../../../arm-none-eabi/lib/thumb/v7-m/nofp\libc_nano.a(lib_a-errno.o)
 .ARM.attributes
                0x000000000000052a       0x2d c:/st/stm32cubeide_1.4.0/stm32cubeide/plugins/com.st.stm32cube.ide.mcu.externaltools.gnu-tools-for-stm32.10.3-2021.10.win32_1.0.0.202111181127/tools/bin/../lib/gcc/arm-none-eabi/10.3.1/../../../../arm-none-eabi/lib/thumb/v7-m/nofp\libc_nano.a(lib_a-impure.o)
 .ARM.attributes
                0x0000000000000557       0x2d c:/st/stm32cubeide_1.4.0/stm32cubeide/plugins/com.st.stm32cube.ide.mcu.externaltools.gnu-tools-for-stm32.10.3-2021.10.win32_1.0.0.202111181127/tools/bin/../lib/gcc/arm-none-eabi/10.3.1/../../../../arm-none-eabi/lib/thumb/v7-m/nofp\libc_nano.a(lib_a-init.o)
 .ARM.attributes
                0x0000000000000584       0x2d c:/st/stm32cubeide_1.4.0/stm32cubeide/plugins/com.st.stm32cube.ide.mcu.externaltools.gnu-tools-for-stm32.10.3-2021.10.win32_1.0.0.202111181127/tools/bin/../lib/gcc/arm-none-eabi/10.3.1/../../../../arm-none-eabi/lib/thumb/v7-m/nofp\libc_nano.a(lib_a-itoa.o)
 .ARM.attributes
                0x00000000000005b1       0x2d c:/st/stm32cubeide_1.4.0/stm32cubeide/plugins/com.st.stm32cube.ide.mcu.externaltools.gnu-tools-for-stm32.10.3-2021.10.win32_1.0.0.202111181127/tools/bin/../lib/gcc/arm-none-eabi/10.3.1/../../../../arm-none-eabi/lib/thumb/v7-m/nofp\libc_nano.a(lib_a-memcpy-stub.o)
 .ARM.attributes
                0x00000000000005de       0x2d c:/st/stm32cubeide_1.4.0/stm32cubeide/plugins/com.st.stm32cube.ide.mcu.externaltools.gnu-tools-for-stm32.10.3-2021.10.win32_1.0.0.202111181127/tools/bin/../lib/gcc/arm-none-eabi/10.3.1/../../../../arm-none-eabi/lib/thumb/v7-m/nofp\libc_nano.a(lib_a-memset.o)
 .ARM.attributes
                0x000000000000060b       0x2d c:/st/stm32cubeide_1.4.0/stm32cubeide/plugins/com.st.stm32cube.ide.mcu.externaltools.gnu-tools-for-stm32.10.3-2021.10.win32_1.0.0.202111181127/tools/bin/../lib/gcc/arm-none-eabi/10.3.1/../../../../arm-none-eabi/lib/thumb/v7-m/nofp\libc_nano.a(lib_a-strtol.o)
 .ARM.attributes
                0x0000000000000638       0x2d c:/st/stm32cubeide_1.4.0/stm32cubeide/plugins/com.st.stm32cube.ide.mcu.externaltools.gnu-tools-for-stm32.10.3-2021.10.win32_1.0.0.202111181127/tools/bin/../lib/gcc/arm-none-eabi/10.3.1/../../../../arm-none-eabi/lib/thumb/v7-m/nofp\libc_nano.a(lib_a-utoa.o)
 .ARM.attributes
                0x0000000000000665       0x2d c:/st/stm32cubeide_1.4.0/stm32cubeide/plugins/com.st.stm32cube.ide.mcu.externaltools.gnu-tools-for-stm32.10.3-2021.10.win32_1.0.0.202111181127/tools/bin/../lib/gcc/arm-none-eabi/10.3.1/../../../../arm-none-eabi/lib/thumb/v7-m/nofp\libc_nano.a(lib_a-ctype_.o)
 .ARM.attributes
                0x0000000000000692       0x1d c:/st/stm32cubeide_1.4.0/stm32cubeide/plugins/com.st.stm32cube.ide.mcu.externaltools.gnu-tools-for-stm32.10.3-2021.10.win32_1.0.0.202111181127/tools/bin/../lib/gcc/arm-none-eabi/10.3.1/thumb/v7-m/nofp\libgcc.a(_arm_mulsf3.o)
 .ARM.attributes
                0x00000000000006af       0x1d c:/st/stm32cubeide_1.4.0/stm32cubeide/plugins/com.st.stm32cube.ide.mcu.externaltools.gnu-tools-for-stm32.10.3-2021.10.win32_1.0.0.202111181127/tools/bin/../lib/gcc/arm-none-eabi/10.3.1/thumb/v7-m/nofp\libgcc.a(_arm_addsubdf3.o)
 .ARM.attributes
                0x00000000000006cc       0x1d c:/st/stm32cubeide_1.4.0/stm32cubeide/plugins/com.st.stm32cube.ide.mcu.externaltools.gnu-tools-for-stm32.10.3-2021.10.win32_1.0.0.202111181127/tools/bin/../lib/gcc/arm-none-eabi/10.3.1/thumb/v7-m/nofp\libgcc.a(_arm_truncdfsf2.o)
 .ARM.attributes
                0x00000000000006e9       0x1d c:/st/stm32cubeide_1.4.0/stm32cubeide/plugins/com.st.stm32cube.ide.mcu.externaltools.gnu-tools-for-stm32.10.3-2021.10.win32_1.0.0.202111181127/tools/bin/../lib/gcc/arm-none-eabi/10.3.1/thumb/v7-m/nofp\libgcc.a(_arm_addsubsf3.o)
 .ARM.attributes
                0x0000000000000706       0x1d c:/st/stm32cubeide_1.4.0/stm32cubeide/plugins/com.st.stm32cube.ide.mcu.externaltools.gnu-tools-for-stm32.10.3-2021.10.win32_1.0.0.202111181127/tools/bin/../lib/gcc/arm-none-eabi/10.3.1/thumb/v7-m/nofp/crtn.o
OUTPUT(DrixitChallenge_FreeRTOS.elf elf32-littlearm)
LOAD linker stubs
LOAD c:/st/stm32cubeide_1.4.0/stm32cubeide/plugins/com.st.stm32cube.ide.mcu.externaltools.gnu-tools-for-stm32.10.3-2021.10.win32_1.0.0.202111181127/tools/bin/../lib/gcc/arm-none-eabi/10.3.1/../../../../arm-none-eabi/lib/thumb/v7-m/nofp\libc.a
LOAD c:/st/stm32cubeide_1.4.0/stm32cubeide/plugins/com.st.stm32cube.ide.mcu.externaltools.gnu-tools-for-stm32.10.3-2021.10.win32_1.0.0.202111181127/tools/bin/../lib/gcc/arm-none-eabi/10.3.1/../../../../arm-none-eabi/lib/thumb/v7-m/nofp\libm.a
LOAD c:/st/stm32cubeide_1.4.0/stm32cubeide/plugins/com.st.stm32cube.ide.mcu.externaltools.gnu-tools-for-stm32.10.3-2021.10.win32_1.0.0.202111181127/tools/bin/../lib/gcc/arm-none-eabi/10.3.1/thumb/v7-m/nofp\libgcc.a

.debug_info     0x0000000000000000    0x17f58
 .debug_info    0x0000000000000000      0x9ef ./Core/MyLibs/LIS3MDL/LIS3MDL.o
 .debug_info    0x00000000000009ef      0x820 ./Core/MyLibs/MyFunctions/MyFunctions.o
 .debug_info    0x000000000000120f      0xc9d ./Core/MyLibs/W25Q80DV/W25Q80DV.o
 .debug_info    0x0000000000001eac      0x294 ./Core/Src/freertos.o
 .debug_info    0x0000000000002140     0x20a5 ./Core/Src/main.o
 .debug_info    0x00000000000041e5     0x1093 ./Core/Src/stm32f1xx_hal_msp.o
 .debug_info    0x0000000000005278      0x9e9 ./Core/Src/stm32f1xx_hal_timebase_tim.o
 .debug_info    0x0000000000005c61      0x99f ./Core/Src/stm32f1xx_it.o
 .debug_info    0x0000000000006600      0x23d ./Core/Src/system_stm32f1xx.o
 .debug_info    0x000000000000683d       0x22 ./Core/Startup/startup_stm32f103c8tx.o
 .debug_info    0x000000000000685f      0x734 ./Drivers/STM32F1xx_HAL_Driver/Src/stm32f1xx_hal.o
 .debug_info    0x0000000000006f93      0xb20 ./Drivers/STM32F1xx_HAL_Driver/Src/stm32f1xx_hal_cortex.o
 .debug_info    0x0000000000007ab3      0x73f ./Drivers/STM32F1xx_HAL_Driver/Src/stm32f1xx_hal_dma.o
 .debug_info    0x00000000000081f2      0x615 ./Drivers/STM32F1xx_HAL_Driver/Src/stm32f1xx_hal_gpio.o
 .debug_info    0x0000000000008807     0x2734 ./Drivers/STM32F1xx_HAL_Driver/Src/stm32f1xx_hal_i2c.o
 .debug_info    0x000000000000af3b      0x860 ./Drivers/STM32F1xx_HAL_Driver/Src/stm32f1xx_hal_rcc.o
 .debug_info    0x000000000000b79b     0x1658 ./Drivers/STM32F1xx_HAL_Driver/Src/stm32f1xx_hal_spi.o
 .debug_info    0x000000000000cdf3     0x29de ./Drivers/STM32F1xx_HAL_Driver/Src/stm32f1xx_hal_tim.o
 .debug_info    0x000000000000f7d1     0x1513 ./Drivers/STM32F1xx_HAL_Driver/Src/stm32f1xx_hal_tim_ex.o
 .debug_info    0x0000000000010ce4     0x15d8 ./Drivers/STM32F1xx_HAL_Driver/Src/stm32f1xx_hal_uart.o
 .debug_info    0x00000000000122bc     0x1c1b ./Middlewares/Third_Party/FreeRTOS/Source/CMSIS_RTOS/cmsis_os.o
 .debug_info    0x0000000000013ed7      0x2cb ./Middlewares/Third_Party/FreeRTOS/Source/list.o
 .debug_info    0x00000000000141a2     0x182b ./Middlewares/Third_Party/FreeRTOS/Source/queue.o
 .debug_info    0x00000000000159cd     0x1cec ./Middlewares/Third_Party/FreeRTOS/Source/tasks.o
 .debug_info    0x00000000000176b9      0x4b7 ./Middlewares/Third_Party/FreeRTOS/Source/portable/GCC/ARM_CM3/port.o
 .debug_info    0x0000000000017b70      0x3e8 ./Middlewares/Third_Party/FreeRTOS/Source/portable/MemMang/heap_4.o

.debug_abbrev   0x0000000000000000     0x3817
 .debug_abbrev  0x0000000000000000      0x1be ./Core/MyLibs/LIS3MDL/LIS3MDL.o
 .debug_abbrev  0x00000000000001be      0x1c5 ./Core/MyLibs/MyFunctions/MyFunctions.o
 .debug_abbrev  0x0000000000000383      0x26c ./Core/MyLibs/W25Q80DV/W25Q80DV.o
 .debug_abbrev  0x00000000000005ef       0xcd ./Core/Src/freertos.o
 .debug_abbrev  0x00000000000006bc      0x32b ./Core/Src/main.o
 .debug_abbrev  0x00000000000009e7      0x21c ./Core/Src/stm32f1xx_hal_msp.o
 .debug_abbrev  0x0000000000000c03      0x1e6 ./Core/Src/stm32f1xx_hal_timebase_tim.o
 .debug_abbrev  0x0000000000000de9      0x186 ./Core/Src/stm32f1xx_it.o
 .debug_abbrev  0x0000000000000f6f      0x13b ./Core/Src/system_stm32f1xx.o
 .debug_abbrev  0x00000000000010aa       0x12 ./Core/Startup/startup_stm32f103c8tx.o
 .debug_abbrev  0x00000000000010bc      0x1fb ./Drivers/STM32F1xx_HAL_Driver/Src/stm32f1xx_hal.o
 .debug_abbrev  0x00000000000012b7      0x2ed ./Drivers/STM32F1xx_HAL_Driver/Src/stm32f1xx_hal_cortex.o
 .debug_abbrev  0x00000000000015a4      0x1fe ./Drivers/STM32F1xx_HAL_Driver/Src/stm32f1xx_hal_dma.o
 .debug_abbrev  0x00000000000017a2      0x1bb ./Drivers/STM32F1xx_HAL_Driver/Src/stm32f1xx_hal_gpio.o
 .debug_abbrev  0x000000000000195d      0x288 ./Drivers/STM32F1xx_HAL_Driver/Src/stm32f1xx_hal_i2c.o
 .debug_abbrev  0x0000000000001be5      0x2a8 ./Drivers/STM32F1xx_HAL_Driver/Src/stm32f1xx_hal_rcc.o
 .debug_abbrev  0x0000000000001e8d      0x26e ./Drivers/STM32F1xx_HAL_Driver/Src/stm32f1xx_hal_spi.o
 .debug_abbrev  0x00000000000020fb      0x25d ./Drivers/STM32F1xx_HAL_Driver/Src/stm32f1xx_hal_tim.o
 .debug_abbrev  0x0000000000002358      0x265 ./Drivers/STM32F1xx_HAL_Driver/Src/stm32f1xx_hal_tim_ex.o
 .debug_abbrev  0x00000000000025bd      0x278 ./Drivers/STM32F1xx_HAL_Driver/Src/stm32f1xx_hal_uart.o
 .debug_abbrev  0x0000000000002835      0x392 ./Middlewares/Third_Party/FreeRTOS/Source/CMSIS_RTOS/cmsis_os.o
 .debug_abbrev  0x0000000000002bc7       0xf2 ./Middlewares/Third_Party/FreeRTOS/Source/list.o
 .debug_abbrev  0x0000000000002cb9      0x3ba ./Middlewares/Third_Party/FreeRTOS/Source/queue.o
 .debug_abbrev  0x0000000000003073      0x34e ./Middlewares/Third_Party/FreeRTOS/Source/tasks.o
 .debug_abbrev  0x00000000000033c1      0x257 ./Middlewares/Third_Party/FreeRTOS/Source/portable/GCC/ARM_CM3/port.o
 .debug_abbrev  0x0000000000003618      0x1ff ./Middlewares/Third_Party/FreeRTOS/Source/portable/MemMang/heap_4.o

.debug_aranges  0x0000000000000000     0x1778
 .debug_aranges
                0x0000000000000000       0x58 ./Core/MyLibs/LIS3MDL/LIS3MDL.o
 .debug_aranges
                0x0000000000000058       0x40 ./Core/MyLibs/MyFunctions/MyFunctions.o
 .debug_aranges
                0x0000000000000098       0x80 ./Core/MyLibs/W25Q80DV/W25Q80DV.o
 .debug_aranges
                0x0000000000000118       0x20 ./Core/Src/freertos.o
 .debug_aranges
                0x0000000000000138       0x88 ./Core/Src/main.o
 .debug_aranges
                0x00000000000001c0       0x50 ./Core/Src/stm32f1xx_hal_msp.o
 .debug_aranges
                0x0000000000000210       0x30 ./Core/Src/stm32f1xx_hal_timebase_tim.o
 .debug_aranges
                0x0000000000000240       0x68 ./Core/Src/stm32f1xx_it.o
 .debug_aranges
                0x00000000000002a8       0x28 ./Core/Src/system_stm32f1xx.o
 .debug_aranges
                0x00000000000002d0       0x28 ./Core/Startup/startup_stm32f103c8tx.o
 .debug_aranges
                0x00000000000002f8       0xe0 ./Drivers/STM32F1xx_HAL_Driver/Src/stm32f1xx_hal.o
 .debug_aranges
                0x00000000000003d8      0x100 ./Drivers/STM32F1xx_HAL_Driver/Src/stm32f1xx_hal_cortex.o
 .debug_aranges
                0x00000000000004d8       0x80 ./Drivers/STM32F1xx_HAL_Driver/Src/stm32f1xx_hal_dma.o
 .debug_aranges
                0x0000000000000558       0x58 ./Drivers/STM32F1xx_HAL_Driver/Src/stm32f1xx_hal_gpio.o
 .debug_aranges
                0x00000000000005b0      0x2a0 ./Drivers/STM32F1xx_HAL_Driver/Src/stm32f1xx_hal_i2c.o
 .debug_aranges
                0x0000000000000850       0x90 ./Drivers/STM32F1xx_HAL_Driver/Src/stm32f1xx_hal_rcc.o
 .debug_aranges
                0x00000000000008e0      0x1d0 ./Drivers/STM32F1xx_HAL_Driver/Src/stm32f1xx_hal_spi.o
 .debug_aranges
                0x0000000000000ab0      0x3d0 ./Drivers/STM32F1xx_HAL_Driver/Src/stm32f1xx_hal_tim.o
 .debug_aranges
                0x0000000000000e80      0x168 ./Drivers/STM32F1xx_HAL_Driver/Src/stm32f1xx_hal_tim_ex.o
 .debug_aranges
                0x0000000000000fe8      0x200 ./Drivers/STM32F1xx_HAL_Driver/Src/stm32f1xx_hal_uart.o
 .debug_aranges
                0x00000000000011e8      0x1d8 ./Middlewares/Third_Party/FreeRTOS/Source/CMSIS_RTOS/cmsis_os.o
 .debug_aranges
                0x00000000000013c0       0x40 ./Middlewares/Third_Party/FreeRTOS/Source/list.o
 .debug_aranges
                0x0000000000001400      0x108 ./Middlewares/Third_Party/FreeRTOS/Source/queue.o
 .debug_aranges
                0x0000000000001508      0x1a8 ./Middlewares/Third_Party/FreeRTOS/Source/tasks.o
 .debug_aranges
                0x00000000000016b0       0x78 ./Middlewares/Third_Party/FreeRTOS/Source/portable/GCC/ARM_CM3/port.o
 .debug_aranges
                0x0000000000001728       0x50 ./Middlewares/Third_Party/FreeRTOS/Source/portable/MemMang/heap_4.o

.debug_ranges   0x0000000000000000     0x1638
 .debug_ranges  0x0000000000000000       0x48 ./Core/MyLibs/LIS3MDL/LIS3MDL.o
 .debug_ranges  0x0000000000000048       0x30 ./Core/MyLibs/MyFunctions/MyFunctions.o
 .debug_ranges  0x0000000000000078       0x70 ./Core/MyLibs/W25Q80DV/W25Q80DV.o
 .debug_ranges  0x00000000000000e8       0x10 ./Core/Src/freertos.o
 .debug_ranges  0x00000000000000f8       0x78 ./Core/Src/main.o
 .debug_ranges  0x0000000000000170       0x40 ./Core/Src/stm32f1xx_hal_msp.o
 .debug_ranges  0x00000000000001b0       0x20 ./Core/Src/stm32f1xx_hal_timebase_tim.o
 .debug_ranges  0x00000000000001d0       0x58 ./Core/Src/stm32f1xx_it.o
 .debug_ranges  0x0000000000000228       0x18 ./Core/Src/system_stm32f1xx.o
 .debug_ranges  0x0000000000000240       0x20 ./Core/Startup/startup_stm32f103c8tx.o
 .debug_ranges  0x0000000000000260       0xd0 ./Drivers/STM32F1xx_HAL_Driver/Src/stm32f1xx_hal.o
 .debug_ranges  0x0000000000000330       0xf0 ./Drivers/STM32F1xx_HAL_Driver/Src/stm32f1xx_hal_cortex.o
 .debug_ranges  0x0000000000000420       0x70 ./Drivers/STM32F1xx_HAL_Driver/Src/stm32f1xx_hal_dma.o
 .debug_ranges  0x0000000000000490       0x48 ./Drivers/STM32F1xx_HAL_Driver/Src/stm32f1xx_hal_gpio.o
 .debug_ranges  0x00000000000004d8      0x2b8 ./Drivers/STM32F1xx_HAL_Driver/Src/stm32f1xx_hal_i2c.o
 .debug_ranges  0x0000000000000790       0x80 ./Drivers/STM32F1xx_HAL_Driver/Src/stm32f1xx_hal_rcc.o
 .debug_ranges  0x0000000000000810      0x1c0 ./Drivers/STM32F1xx_HAL_Driver/Src/stm32f1xx_hal_spi.o
 .debug_ranges  0x00000000000009d0      0x3c0 ./Drivers/STM32F1xx_HAL_Driver/Src/stm32f1xx_hal_tim.o
 .debug_ranges  0x0000000000000d90      0x158 ./Drivers/STM32F1xx_HAL_Driver/Src/stm32f1xx_hal_tim_ex.o
 .debug_ranges  0x0000000000000ee8      0x220 ./Drivers/STM32F1xx_HAL_Driver/Src/stm32f1xx_hal_uart.o
 .debug_ranges  0x0000000000001108      0x1c8 ./Middlewares/Third_Party/FreeRTOS/Source/CMSIS_RTOS/cmsis_os.o
 .debug_ranges  0x00000000000012d0       0x30 ./Middlewares/Third_Party/FreeRTOS/Source/list.o
 .debug_ranges  0x0000000000001300       0xf8 ./Middlewares/Third_Party/FreeRTOS/Source/queue.o
 .debug_ranges  0x00000000000013f8      0x198 ./Middlewares/Third_Party/FreeRTOS/Source/tasks.o
 .debug_ranges  0x0000000000001590       0x68 ./Middlewares/Third_Party/FreeRTOS/Source/portable/GCC/ARM_CM3/port.o
 .debug_ranges  0x00000000000015f8       0x40 ./Middlewares/Third_Party/FreeRTOS/Source/portable/MemMang/heap_4.o

.debug_macro    0x0000000000000000    0x1aedd
 .debug_macro   0x0000000000000000      0x28d ./Core/MyLibs/LIS3MDL/LIS3MDL.o
 .debug_macro   0x000000000000028d      0xa6c ./Core/MyLibs/LIS3MDL/LIS3MDL.o
 .debug_macro   0x0000000000000cf9      0x22d ./Core/MyLibs/LIS3MDL/LIS3MDL.o
 .debug_macro   0x0000000000000f26       0x2e ./Core/MyLibs/LIS3MDL/LIS3MDL.o
 .debug_macro   0x0000000000000f54       0x22 ./Core/MyLibs/LIS3MDL/LIS3MDL.o
 .debug_macro   0x0000000000000f76       0x22 ./Core/MyLibs/LIS3MDL/LIS3MDL.o
 .debug_macro   0x0000000000000f98       0x8e ./Core/MyLibs/LIS3MDL/LIS3MDL.o
 .debug_macro   0x0000000000001026       0x51 ./Core/MyLibs/LIS3MDL/LIS3MDL.o
 .debug_macro   0x0000000000001077      0x103 ./Core/MyLibs/LIS3MDL/LIS3MDL.o
 .debug_macro   0x000000000000117a       0x6a ./Core/MyLibs/LIS3MDL/LIS3MDL.o
 .debug_macro   0x00000000000011e4      0x1df ./Core/MyLibs/LIS3MDL/LIS3MDL.o
 .debug_macro   0x00000000000013c3       0x1c ./Core/MyLibs/LIS3MDL/LIS3MDL.o
 .debug_macro   0x00000000000013df       0x22 ./Core/MyLibs/LIS3MDL/LIS3MDL.o
 .debug_macro   0x0000000000001401       0xbd ./Core/MyLibs/LIS3MDL/LIS3MDL.o
 .debug_macro   0x00000000000014be      0xd23 ./Core/MyLibs/LIS3MDL/LIS3MDL.o
 .debug_macro   0x00000000000021e1     0xe09e ./Core/MyLibs/LIS3MDL/LIS3MDL.o
 .debug_macro   0x000000000001027f       0x6d ./Core/MyLibs/LIS3MDL/LIS3MDL.o
 .debug_macro   0x00000000000102ec     0x3468 ./Core/MyLibs/LIS3MDL/LIS3MDL.o
 .debug_macro   0x0000000000013754      0x174 ./Core/MyLibs/LIS3MDL/LIS3MDL.o
 .debug_macro   0x00000000000138c8       0x5c ./Core/MyLibs/LIS3MDL/LIS3MDL.o
 .debug_macro   0x0000000000013924      0x5be ./Core/MyLibs/LIS3MDL/LIS3MDL.o
 .debug_macro   0x0000000000013ee2      0x289 ./Core/MyLibs/LIS3MDL/LIS3MDL.o
 .debug_macro   0x000000000001416b      0x1cb ./Core/MyLibs/LIS3MDL/LIS3MDL.o
 .debug_macro   0x0000000000014336      0x114 ./Core/MyLibs/LIS3MDL/LIS3MDL.o
 .debug_macro   0x000000000001444a      0x1b2 ./Core/MyLibs/LIS3MDL/LIS3MDL.o
 .debug_macro   0x00000000000145fc       0x27 ./Core/MyLibs/LIS3MDL/LIS3MDL.o
 .debug_macro   0x0000000000014623      0x136 ./Core/MyLibs/LIS3MDL/LIS3MDL.o
 .debug_macro   0x0000000000014759      0x1bc ./Core/MyLibs/LIS3MDL/LIS3MDL.o
 .debug_macro   0x0000000000014915       0x34 ./Core/MyLibs/LIS3MDL/LIS3MDL.o
 .debug_macro   0x0000000000014949       0x3c ./Core/MyLibs/LIS3MDL/LIS3MDL.o
 .debug_macro   0x0000000000014985       0x57 ./Core/MyLibs/LIS3MDL/LIS3MDL.o
 .debug_macro   0x00000000000149dc       0x88 ./Core/MyLibs/LIS3MDL/LIS3MDL.o
 .debug_macro   0x0000000000014a64      0x241 ./Core/MyLibs/LIS3MDL/LIS3MDL.o
 .debug_macro   0x0000000000014ca5      0x287 ./Core/MyLibs/LIS3MDL/LIS3MDL.o
 .debug_macro   0x0000000000014f2c      0x141 ./Core/MyLibs/LIS3MDL/LIS3MDL.o
 .debug_macro   0x000000000001506d      0x217 ./Core/MyLibs/LIS3MDL/LIS3MDL.o
 .debug_macro   0x0000000000015284      0x8d1 ./Core/MyLibs/LIS3MDL/LIS3MDL.o
 .debug_macro   0x0000000000015b55      0x279 ./Core/MyLibs/LIS3MDL/LIS3MDL.o
 .debug_macro   0x0000000000015dce       0x83 ./Core/MyLibs/LIS3MDL/LIS3MDL.o
 .debug_macro   0x0000000000015e51       0x82 ./Core/MyLibs/LIS3MDL/LIS3MDL.o
 .debug_macro   0x0000000000015ed3      0x136 ./Core/MyLibs/LIS3MDL/LIS3MDL.o
 .debug_macro   0x0000000000016009       0x52 ./Core/MyLibs/LIS3MDL/LIS3MDL.o
 .debug_macro   0x000000000001605b       0x18 ./Core/MyLibs/LIS3MDL/LIS3MDL.o
 .debug_macro   0x0000000000016073       0x3c ./Core/MyLibs/LIS3MDL/LIS3MDL.o
 .debug_macro   0x00000000000160af       0x34 ./Core/MyLibs/LIS3MDL/LIS3MDL.o
 .debug_macro   0x00000000000160e3       0x16 ./Core/MyLibs/LIS3MDL/LIS3MDL.o
 .debug_macro   0x00000000000160f9       0x43 ./Core/MyLibs/LIS3MDL/LIS3MDL.o
 .debug_macro   0x000000000001613c       0x34 ./Core/MyLibs/LIS3MDL/LIS3MDL.o
 .debug_macro   0x0000000000016170       0x10 ./Core/MyLibs/LIS3MDL/LIS3MDL.o
 .debug_macro   0x0000000000016180       0x58 ./Core/MyLibs/LIS3MDL/LIS3MDL.o
 .debug_macro   0x00000000000161d8       0x71 ./Core/MyLibs/LIS3MDL/LIS3MDL.o
 .debug_macro   0x0000000000016249       0x1c ./Core/MyLibs/LIS3MDL/LIS3MDL.o
 .debug_macro   0x0000000000016265      0x12a ./Core/MyLibs/LIS3MDL/LIS3MDL.o
 .debug_macro   0x000000000001638f      0x341 ./Core/MyLibs/LIS3MDL/LIS3MDL.o
 .debug_macro   0x00000000000166d0      0x19b ./Core/MyLibs/LIS3MDL/LIS3MDL.o
 .debug_macro   0x000000000001686b       0x10 ./Core/MyLibs/LIS3MDL/LIS3MDL.o
 .debug_macro   0x000000000001687b      0x47a ./Core/MyLibs/MyFunctions/MyFunctions.o
 .debug_macro   0x0000000000016cf5       0x64 ./Core/MyLibs/MyFunctions/MyFunctions.o
 .debug_macro   0x0000000000016d59       0x7c ./Core/MyLibs/MyFunctions/MyFunctions.o
 .debug_macro   0x0000000000016dd5       0x10 ./Core/MyLibs/MyFunctions/MyFunctions.o
 .debug_macro   0x0000000000016de5       0x34 ./Core/MyLibs/MyFunctions/MyFunctions.o
 .debug_macro   0x0000000000016e19       0xd6 ./Core/MyLibs/MyFunctions/MyFunctions.o
 .debug_macro   0x0000000000016eef      0x15a ./Core/MyLibs/MyFunctions/MyFunctions.o
 .debug_macro   0x0000000000017049       0xd7 ./Core/MyLibs/MyFunctions/MyFunctions.o
 .debug_macro   0x0000000000017120       0x10 ./Core/MyLibs/MyFunctions/MyFunctions.o
 .debug_macro   0x0000000000017130       0x1f ./Core/MyLibs/MyFunctions/MyFunctions.o
 .debug_macro   0x000000000001714f      0x4b7 ./Core/MyLibs/MyFunctions/MyFunctions.o
 .debug_macro   0x0000000000017606       0xb5 ./Core/MyLibs/MyFunctions/MyFunctions.o
 .debug_macro   0x00000000000176bb       0x8c ./Core/MyLibs/MyFunctions/MyFunctions.o
 .debug_macro   0x0000000000017747       0x91 ./Core/MyLibs/MyFunctions/MyFunctions.o
 .debug_macro   0x00000000000177d8       0x8d ./Core/MyLibs/MyFunctions/MyFunctions.o
 .debug_macro   0x0000000000017865       0x7e ./Core/MyLibs/MyFunctions/MyFunctions.o
 .debug_macro   0x00000000000178e3       0x19 ./Core/MyLibs/MyFunctions/MyFunctions.o
 .debug_macro   0x00000000000178fc       0xf2 ./Core/MyLibs/MyFunctions/MyFunctions.o
 .debug_macro   0x00000000000179ee       0x16 ./Core/MyLibs/MyFunctions/MyFunctions.o
 .debug_macro   0x0000000000017a04       0x35 ./Core/MyLibs/MyFunctions/MyFunctions.o
 .debug_macro   0x0000000000017a39       0x20 ./Core/MyLibs/MyFunctions/MyFunctions.o
 .debug_macro   0x0000000000017a59       0x1c ./Core/MyLibs/MyFunctions/MyFunctions.o
 .debug_macro   0x0000000000017a75       0x10 ./Core/MyLibs/MyFunctions/MyFunctions.o
 .debug_macro   0x0000000000017a85       0x10 ./Core/MyLibs/MyFunctions/MyFunctions.o
 .debug_macro   0x0000000000017a95       0x1c ./Core/MyLibs/MyFunctions/MyFunctions.o
 .debug_macro   0x0000000000017ab1       0x52 ./Core/MyLibs/MyFunctions/MyFunctions.o
 .debug_macro   0x0000000000017b03       0x22 ./Core/MyLibs/MyFunctions/MyFunctions.o