../Core/MyLibs/W25Q80DV/W25Q80DV.c:46:19:w25q80dv_SPIRead	32	static
../Core/MyLibs/W25Q80DV/W25Q80DV.c:63:19:w25q80dv_SPIWrite	32	static
../Core/MyLibs/W25Q80DV/W25Q80DV.c:78:8:w25q80dv_InstructionReadID	40	static
../Core/MyLibs/W25Q80DV/W25Q80DV.c:99:19:w25q80dv_InstructionWriteEnable	24	static
../Core/MyLibs/W25Q80DV/W25Q80DV.c:108:19:w25q80dv_InstructionWriteDisable	24	static
../Core/MyLibs/W25Q80DV/W25Q80DV.c:117:9:w25q80dv_InstructionReadStatusRegister	32	static
../Core/MyLibs/W25Q80DV/W25Q80DV.c:142:6:w25q80dv_InstructionWaitForWriteEnd	24	static
../Core/MyLibs/W25Q80DV/W25Q80DV.c:156:8:w25q80dv_Init	32	static
../Core/MyLibs/W25Q80DV/W25Q80DV.c:188:8:w25q80dv_isMemInit	32	static
../Core/MyLibs/W25Q80DV/W25Q80DV.c:210:6:w25q80dv_EraseChip	24	static
../Core/MyLibs/W25Q80DV/W25Q80DV.c:225:6:w25q80dv_WriteBytesInPage	288	static
../Core/MyLibs/W25Q80DV/W25Q80DV.c:255:8:w25q80dv_WriteBytesInSequence	32	static
../Core/MyLibs/W25Q80DV/W25Q80DV.c:287:6:w25q80dv_WriteBytesInAddress	296	static
../Core/MyLibs/W25Q80DV/W25Q80DV.c:312:6:w25q80dv_ReadBytesInSequence	40	static
../Core/MyLibs/W25Q80DV/W25Q80DV.c:329:6:w25q80dv_ReadBytesInAddress	40	static
../Core/MyLibs/W25Q80DV/W25Q80DV.c:346:8:w25q80dv_AddressToWrite	40	static
