../Core/MyLibs/W25Q80DV/W25Q80DV.c:46:19:w25q80dv_SPIRead	32	static
../Core/MyLibs/W25Q80DV/W25Q80DV.c:63:19:w25q80dv_SPIWrite	32	static
../Core/MyLibs/W25Q80DV/W25Q80DV.c:86:8:w25q80dv_InstructionReadID	40	static
../Core/MyLibs/W25Q80DV/W25Q80DV.c:115:19:w25q80dv_InstructionWriteEnable	24	static
../Core/MyLibs/W25Q80DV/W25Q80DV.c:131:19:w25q80dv_InstructionWriteDisable	24	static
../Core/MyLibs/W25Q80DV/W25Q80DV.c:149:9:w25q80dv_InstructionReadStatusRegister	32	static
../Core/MyLibs/W25Q80DV/W25Q80DV.c:180:6:w25q80dv_InstructionWaitForWriteEnd	24	static
../Core/MyLibs/W25Q80DV/W25Q80DV.c:203:8:w25q80dv_Init	32	static
../Core/MyLibs/W25Q80DV/W25Q80DV.c:246:8:w25q80dv_isMemInit	32	static
../Core/MyLibs/W25Q80DV/W25Q80DV.c:273:6:w25q80dv_EraseChip	24	static
../Core/MyLibs/W25Q80DV/W25Q80DV.c:300:6:w25q80dv_WriteBytesInPage	288	static
../Core/MyLibs/W25Q80DV/W25Q80DV.c:346:8:w25q80dv_WriteBytesInSequence	32	static
../Core/MyLibs/W25Q80DV/W25Q80DV.c:390:6:w25q80dv_WriteBytesInAddress	296	static
../Core/MyLibs/W25Q80DV/W25Q80DV.c:423:6:w25q80dv_ReadBytesInSequence	40	static
../Core/MyLibs/W25Q80DV/W25Q80DV.c:449:6:w25q80dv_ReadBytesInAddress	40	static
../Core/MyLibs/W25Q80DV/W25Q80DV.c:478:8:w25q80dv_AddressToWrite	40	static
