../Core/Src/main.c:52:5:main	216	static
../Core/Src/main.c:127:6:SystemClock_Config	72	static
../Core/Src/main.c:163:13:MX_I2C1_Init	8	static
../Core/Src/main.c:184:13:MX_SPI1_Init	8	static
../Core/Src/main.c:209:13:MX_USART1_UART_Init	8	static
../Core/Src/main.c:229:13:MX_DMA_Init	16	static
../Core/Src/main.c:245:13:MX_GPIO_Init	40	static
../Core/Src/main.c:285:6:HAL_UARTEx_RxEventCallback	16	static
../Core/Src/main.c:300:6:HAL_GPIO_EXTI_Callback	56	static
../Core/Src/main.c:323:6:measurementFunction	48	static
../Core/Src/main.c:362:6:recordingFunction	48	static
../Core/Src/main.c:431:6:receptionFunction	48	static
../Core/Src/main.c:464:6:sendingFunction	120	static
../Core/Src/main.c:543:6:HAL_TIM_PeriodElapsedCallback	16	static
../Core/Src/main.c:553:6:Error_Handler	4	static,ignoring_inline_asm
