../Core/Src/main.c:58:5:main	216	static
../Core/Src/main.c:135:6:SystemClock_Config	72	static
../Core/Src/main.c:172:13:MX_I2C1_Init	8	static
../Core/Src/main.c:194:13:MX_SPI1_Init	8	static
../Core/Src/main.c:220:13:MX_USART1_UART_Init	8	static
../Core/Src/main.c:241:13:MX_DMA_Init	16	static
../Core/Src/main.c:258:13:MX_GPIO_Init	40	static
../Core/Src/main.c:302:6:HAL_UARTEx_RxEventCallback	16	static
../Core/Src/main.c:321:6:HAL_GPIO_EXTI_Callback	56	static
../Core/Src/main.c:350:6:sensorFunction	48	static
../Core/Src/main.c:394:6:memoryFunction	48	static
../Core/Src/main.c:466:6:receiveFunction	48	static
../Core/Src/main.c:502:6:sendFunction	120	static
../Core/Src/main.c:582:6:HAL_TIM_PeriodElapsedCallback	16	static
../Core/Src/main.c:593:6:Error_Handler	4	static,ignoring_inline_asm
