../Middlewares/Third_Party/FreeRTOS/Source/CMSIS_RTOS/cmsis_os.c:103:31:makeFreeRtosPriority	24	static
../Middlewares/Third_Party/FreeRTOS/Source/CMSIS_RTOS/cmsis_os.c:116:19:makeCmsisPriority	24	static
../Middlewares/Third_Party/FreeRTOS/Source/CMSIS_RTOS/cmsis_os.c:130:12:inHandlerMode	16	static,ignoring_inline_asm
../Middlewares/Third_Party/FreeRTOS/Source/CMSIS_RTOS/cmsis_os.h:374:10:osKernelStart	8	static
../Middlewares/Third_Party/FreeRTOS/Source/CMSIS_RTOS/cmsis_os.h:379:9:osKernelRunning	8	static
../Middlewares/Third_Party/FreeRTOS/Source/CMSIS_RTOS/cmsis_os.h:386:10:osKernelSysTick	8	static
../Middlewares/Third_Party/FreeRTOS/Source/CMSIS_RTOS/cmsis_os.h:441:12:osThreadCreate	56	static
../Middlewares/Third_Party/FreeRTOS/Source/CMSIS_RTOS/cmsis_os.h:446:12:osThreadGetId	8	static
../Middlewares/Third_Party/FreeRTOS/Source/CMSIS_RTOS/cmsis_os.h:452:10:osThreadTerminate	16	static
../Middlewares/Third_Party/FreeRTOS/Source/CMSIS_RTOS/cmsis_os.h:457:10:osThreadYield	4	static,ignoring_inline_asm
../Middlewares/Third_Party/FreeRTOS/Source/CMSIS_RTOS/cmsis_os.h:464:10:osThreadSetPriority	16	static
../Middlewares/Third_Party/FreeRTOS/Source/CMSIS_RTOS/cmsis_os.h:470:12:osThreadGetPriority	16	static
../Middlewares/Third_Party/FreeRTOS/Source/CMSIS_RTOS/cmsis_os.h:478:10:osDelay	24	static
../Middlewares/Third_Party/FreeRTOS/Source/CMSIS_RTOS/cmsis_os.h:530:11:osTimerCreate	24	static
../Middlewares/Third_Party/FreeRTOS/Source/CMSIS_RTOS/cmsis_os.h:537:10:osTimerStart	24	static
../Middlewares/Third_Party/FreeRTOS/Source/CMSIS_RTOS/cmsis_os.h:543:10:osTimerStop	24	static
../Middlewares/Third_Party/FreeRTOS/Source/CMSIS_RTOS/cmsis_os.h:549:10:osTimerDelete	24	static
../Middlewares/Third_Party/FreeRTOS/Source/CMSIS_RTOS/cmsis_os.h:559:9:osSignalSet	32	static,ignoring_inline_asm
../Middlewares/Third_Party/FreeRTOS/Source/CMSIS_RTOS/cmsis_os.h:573:9:osSignalWait	48	static
../Middlewares/Third_Party/FreeRTOS/Source/CMSIS_RTOS/cmsis_os.h:612:11:osMutexCreate	16	static
../Middlewares/Third_Party/FreeRTOS/Source/CMSIS_RTOS/cmsis_os.h:619:10:osMutexWait	24	static,ignoring_inline_asm
../Middlewares/Third_Party/FreeRTOS/Source/CMSIS_RTOS/cmsis_os.h:625:10:osMutexRelease	24	static,ignoring_inline_asm
../Middlewares/Third_Party/FreeRTOS/Source/CMSIS_RTOS/cmsis_os.h:631:10:osMutexDelete	16	static
../Middlewares/Third_Party/FreeRTOS/Source/CMSIS_RTOS/cmsis_os.h:672:15:osSemaphoreCreate	32	static
../Middlewares/Third_Party/FreeRTOS/Source/CMSIS_RTOS/cmsis_os.h:679:9:osSemaphoreWait	24	static,ignoring_inline_asm
../Middlewares/Third_Party/FreeRTOS/Source/CMSIS_RTOS/cmsis_os.h:685:10:osSemaphoreRelease	24	static,ignoring_inline_asm
../Middlewares/Third_Party/FreeRTOS/Source/CMSIS_RTOS/cmsis_os.h:691:10:osSemaphoreDelete	16	static
../Middlewares/Third_Party/FreeRTOS/Source/CMSIS_RTOS/cmsis_os.h:726:10:osPoolCreate	32	static
../Middlewares/Third_Party/FreeRTOS/Source/CMSIS_RTOS/cmsis_os.h:732:7:osPoolAlloc	48	static,ignoring_inline_asm
../Middlewares/Third_Party/FreeRTOS/Source/CMSIS_RTOS/cmsis_os.h:738:7:osPoolCAlloc	24	static
../Middlewares/Third_Party/FreeRTOS/Source/CMSIS_RTOS/cmsis_os.h:745:10:osPoolFree	24	static
../Middlewares/Third_Party/FreeRTOS/Source/CMSIS_RTOS/cmsis_os.h:792:14:osMessageCreate	32	static
../Middlewares/Third_Party/FreeRTOS/Source/CMSIS_RTOS/cmsis_os.h:800:10:osMessagePut	32	static,ignoring_inline_asm
../Middlewares/Third_Party/FreeRTOS/Source/CMSIS_RTOS/cmsis_os.h:807:9:osMessageGet	56	static,ignoring_inline_asm
../Middlewares/Third_Party/FreeRTOS/Source/CMSIS_RTOS/cmsis_os.h:845:11:osMailCreate	40	static
../Middlewares/Third_Party/FreeRTOS/Source/CMSIS_RTOS/cmsis_os.h:852:7:osMailAlloc	24	static
../Middlewares/Third_Party/FreeRTOS/Source/CMSIS_RTOS/cmsis_os.h:859:7:osMailCAlloc	24	static
../Middlewares/Third_Party/FreeRTOS/Source/CMSIS_RTOS/cmsis_os.h:866:10:osMailPut	24	static,ignoring_inline_asm
../Middlewares/Third_Party/FreeRTOS/Source/CMSIS_RTOS/cmsis_os.h:873:9:osMailGet	56	static,ignoring_inline_asm
../Middlewares/Third_Party/FreeRTOS/Source/CMSIS_RTOS/cmsis_os.h:880:10:osMailFree	16	static
../Middlewares/Third_Party/FreeRTOS/Source/CMSIS_RTOS/cmsis_os.h:890:6:osSystickHandler	8	static
../Middlewares/Third_Party/FreeRTOS/Source/CMSIS_RTOS/cmsis_os.h:917:10:osThreadSuspend	16	static
../Middlewares/Third_Party/FreeRTOS/Source/CMSIS_RTOS/cmsis_os.h:924:10:osThreadResume	16	static,ignoring_inline_asm
../Middlewares/Third_Party/FreeRTOS/Source/CMSIS_RTOS/cmsis_os.h:930:10:osThreadSuspendAll	8	static
../Middlewares/Third_Party/FreeRTOS/Source/CMSIS_RTOS/cmsis_os.h:936:10:osThreadResumeAll	8	static
../Middlewares/Third_Party/FreeRTOS/Source/CMSIS_RTOS/cmsis_os.h:946:10:osDelayUntil	16	static
../Middlewares/Third_Party/FreeRTOS/Source/CMSIS_RTOS/cmsis_os.h:953:10:osAbortDelay	16	static
../Middlewares/Third_Party/FreeRTOS/Source/CMSIS_RTOS/cmsis_os.h:962:10:osThreadList	16	static
../Middlewares/Third_Party/FreeRTOS/Source/CMSIS_RTOS/cmsis_os.h:970:9:osMessagePeek	48	static
../Middlewares/Third_Party/FreeRTOS/Source/CMSIS_RTOS/cmsis_os.h:977:10:osMessageWaiting	16	static
../Middlewares/Third_Party/FreeRTOS/Source/CMSIS_RTOS/cmsis_os.h:984:10:osMessageAvailableSpace	16	static
../Middlewares/Third_Party/FreeRTOS/Source/CMSIS_RTOS/cmsis_os.h:991:10:osMessageDelete	16	static
../Middlewares/Third_Party/FreeRTOS/Source/CMSIS_RTOS/cmsis_os.h:998:11:osRecursiveMutexCreate	16	static
../Middlewares/Third_Party/FreeRTOS/Source/CMSIS_RTOS/cmsis_os.h:1005:10:osRecursiveMutexRelease	16	static
../Middlewares/Third_Party/FreeRTOS/Source/CMSIS_RTOS/cmsis_os.h:1013:10:osRecursiveMutexWait	16	static
../Middlewares/Third_Party/FreeRTOS/Source/CMSIS_RTOS/cmsis_os.h:1020:10:osSemaphoreGetCount	16	static
